
> library_test@0.1.0 build
> next build

Γû▓ Next.js 16.1.6 (Turbopack)

  Creating an optimized production build ...
node.exe : 
At C:\Program Files\nodejs\npm.ps1:29 char:3
+   & $NODE_EXE $NPM_CLI_JS $args
+   ~~~~~~~~~~~~~~~~~~~~~~~~~~~~~
    + CategoryInfo          : NotSpecified: (:S 
   tring) [], RemoteException
    + FullyQualifiedErrorId : NativeCommandErro 
   r
 
> Build error occurred
Error: Turbopack build failed with 60 errors:
./src/app/footer-2/page.tsx:2:14
Parsing ecmascript source code failed
[0m [90m 1 |[39m [32m'use 
client'[39m[33m;[39m
[31m[1m>[22m[39m[90m 2 |[39m 
[36mimport[39m footer[33m-[39m[35m7[39m 
[36mfrom[39m 
[32m'@/components/ui/footer-7'[39m[33m;[39m
 [90m   |[39m              
[31m[1m^[22m[39m
 [90m 3 |[39m [36mimport[39m { 
[33mBackButton[39m } [36mfrom[39m [32m'@/co
mponents/ui/BackButton'[39m[33m;[39m
 [90m 4 |[39m
 [90m 5 |[39m [36mexport[39m 
[36mdefault[39m [36mfunction[39m 
[33mPage[39m() {[0m

Expected ',', got '-'

Import trace:
  Server Component:
    ./src/app/footer-2/page.tsx
    ./src/app/page.tsx


./src/app/footer-3/page.tsx:2:14
Parsing ecmascript source code failed
[0m [90m 1 |[39m [32m'use 
client'[39m[33m;[39m
[31m[1m>[22m[39m[90m 2 |[39m 
[36mimport[39m footer[33m-[39msection 
[36mfrom[39m [32m'@/components/ui/footer-sect
ion'[39m[33m;[39m
 [90m   |[39m              
[31m[1m^[22m[39m
 [90m 3 |[39m [36mimport[39m { 
[33mBackButton[39m } [36mfrom[39m [32m'@/co
mponents/ui/BackButton'[39m[33m;[39m
 [90m 4 |[39m
 [90m 5 |[39m [36mexport[39m 
[36mdefault[39m [36mfunction[39m 
[33mPage[39m() {[0m

Expected ',', got '-'

Import trace:
  Server Component:
    ./src/app/footer-3/page.tsx
    ./src/app/page.tsx


./src/app/footer-4/page.tsx:2:11
Parsing ecmascript source code failed
[0m [90m 1 |[39m [32m'use 
client'[39m[33m;[39m
[31m[1m>[22m[39m[90m 2 |[39m 
[36mimport[39m 
neo[33m-[39mminimal[33m-[39mfooter 
[36mfrom[39m [32m'@/components/ui/neo-minimal
-footer'[39m[33m;[39m
 [90m   |[39m           [31m[1m^[22m[39m
 [90m 3 |[39m [36mimport[39m { 
[33mBackButton[39m } [36mfrom[39m [32m'@/co
mponents/ui/BackButton'[39m[33m;[39m
 [90m 4 |[39m
 [90m 5 |[39m [36mexport[39m 
[36mdefault[39m [36mfunction[39m 
[33mPage[39m() {[0m

Expected ',', got '-'

Import trace:
  Server Component:
    ./src/app/footer-4/page.tsx
    ./src/app/page.tsx


./src/app/gradient-cta/page.tsx:2:1
Module not found: Can't resolve 
'@/components/ctas/gradient-cta/GradientCTA'
[0m [90m 1 |[39m [32m'use 
client'[39m[33m;[39m
[31m[1m>[22m[39m[90m 2 |[39m 
[36mimport[39m [33mGradientCTA[39m 
[36mfrom[39m [32m'@/components/ctas/gradient-
cta/GradientCTA'[39m[33m;[39m
 [90m   |[39m [31m[1m^[22m[39m[31m[1m^[
22m[39m[31m[1m^[22m[39m[31m[1m^[22m[39m
[31m[1m^[22m[39m[31m[1m^[22m[39m[31m[1
m^[22m[39m[31m[1m^[22m[39m[31m[1m^[22m
[39m[31m[1m^[22m[39m[31m[1m^[22m[39m[31
m[1m^[22m[39m[31m[1m^[22m[39m[31m[1m^[
22m[39m[31m[1m^[22m[39m[31m[1m^[22m[39m
[31m[1m^[22m[39m[31m[1m^[22m[39m[31m[1
m^[22m[39m[31m[1m^[22m[39m[31m[1m^[22m
[39m[31m[1m^[22m[39m[31m[1m^[22m[39m[31
m[1m^[22m[39m[31m[1m^[22m[39m[31m[1m^[
22m[39m[31m[1m^[22m[39m[31m[1m^[22m[39m
[31m[1m^[22m[39m[31m[1m^[22m[39m[31m[1
m^[22m[39m[31m[1m^[22m[39m[31m[1m^[22m
[39m[31m[1m^[22m[39m[31m[1m^[22m[39m[31
m[1m^[22m[39m[31m[1m^[22m[39m[31m[1m^[
22m[39m[31m[1m^[22m[39m[31m[1m^[22m[39m
[31m[1m^[22m[39m[31m[1m^[22m[39m[31m[1
m^[22m[39m[31m[1m^[22m[39m[31m[1m^[22m
[39m[31m[1m^[22m[39m[31m[1m^[22m[39m[31
m[1m^[22m[39m[31m[1m^[22m[39m[31m[1m^[
22m[39m[31m[1m^[22m[39m[31m[1m^[22m[39m
[31m[1m^[22m[39m[31m[1m^[22m[39m[31m[1
m^[22m[39m[31m[1m^[22m[39m[31m[1m^[22m
[39m[31m[1m^[22m[39m[31m[1m^[22m[39m[31
m[1m^[22m[39m[31m[1m^[22m[39m[31m[1m^[
22m[39m[31m[1m^[22m[39m[31m[1m^[22m[39m
[31m[1m^[22m[39m[31m[1m^[22m[39m[31m[1
m^[22m[39m[31m[1m^[22m[39m[31m[1m^[22m
[39m
 [90m 3 |[39m [36mimport[39m { 
[33mBackButton[39m } [36mfrom[39m [32m'@/co
mponents/ui/BackButton'[39m[33m;[39m
 [90m 4 |[39m
 [90m 5 |[39m [36mexport[39m 
[36mdefault[39m [36mfunction[39m 
[33mPage[39m() {[0m

Import map: aliased to relative './src/component
s/ctas/gradient-cta/GradientCTA' inside of 
[project]/


Import traces:
  Server Component:
    ./src/app/gradient-cta/page.tsx
    ./src/app/page.tsx

  Client Component Browser:
    ./src/app/gradient-cta/page.tsx [Client 
Component Browser]
    ./src/app/gradient-cta/page.tsx [Server 
Component]

  Client Component SSR:
    ./src/app/gradient-cta/page.tsx [Client 
Component SSR]
    ./src/app/gradient-cta/page.tsx [Server 
Component]

https://nextjs.org/docs/messages/module-not-foun
d


./src/app/neural-defense/page.tsx:2:1
Module not found: Can't resolve '@/components/se
ctions/accordion-images/AccordionImages'
[0m [90m 1 |[39m [32m'use 
client'[39m[33m;[39m
[31m[1m>[22m[39m[90m 2 |[39m 
[36mimport[39m [33mAccordionImages[39m 
[36mfrom[39m [32m'@/components/sections/accor
dion-images/AccordionImages'[39m[33m;[39m
 [90m   |[39m [31m[1m^[22m[39m[31m[1m^[
22m[39m[31m[1m^[22m[39m[31m[1m^[22m[39m
[31m[1m^[22m[39m[31m[1m^[22m[39m[31m[1
m^[22m[39m[31m[1m^[22m[39m[31m[1m^[22m
[39m[31m[1m^[22m[39m[31m[1m^[22m[39m[31
m[1m^[22m[39m[31m[1m^[22m[39m[31m[1m^[
22m[39m[31m[1m^[22m[39m[31m[1m^[22m[39m
[31m[1m^[22m[39m[31m[1m^[22m[39m[31m[1
m^[22m[39m[31m[1m^[22m[39m[31m[1m^[22m
[39m[31m[1m^[22m[39m[31m[1m^[22m[39m[31
m[1m^[22m[39m[31m[1m^[22m[39m[31m[1m^[
22m[39m[31m[1m^[22m[39m[31m[1m^[22m[39m
[31m[1m^[22m[39m[31m[1m^[22m[39m[31m[1
m^[22m[39m[31m[1m^[22m[39m[31m[1m^[22m
[39m[31m[1m^[22m[39m[31m[1m^[22m[39m[31
m[1m^[22m[39m[31m[1m^[22m[39m[31m[1m^[
22m[39m[31m[1m^[22m[39m[31m[1m^[22m[39m
[31m[1m^[22m[39m[31m[1m^[22m[39m[31m[1
m^[22m[39m[31m[1m^[22m[39m[31m[1m^[22m
[39m[31m[1m^[22m[39m[31m[1m^[22m[39m[31
m[1m^[22m[39m[31m[1m^[22m[39m[31m[1m^[
22m[39m[31m[1m^[22m[39m[31m[1m^[22m[39m
[31m[1m^[22m[39m[31m[1m^[22m[39m[31m[1
m^[22m[39m[31m[1m^[22m[39m[31m[1m^[22m
[39m[31m[1m^[22m[39m[31m[1m^[22m[39m[31
m[1m^[22m[39m[31m[1m^[22m[39m[31m[1m^[
22m[39m[31m[1m^[22m[39m[31m[1m^[22m[39m
[31m[1m^[22m[39m[31m[1m^[22m[39m[31m[1
m^[22m[39m[31m[1m^[22m[39m[31m[1m^[22m
[39m[31m[1m^[22m[39m[31m[1m^[22m[39m[31
m[1m^[22m[39m[31m[1m^[22m[39m[31m[1m^[
22m[39m[31m[1m^[22m[39m[31m[1m^[22m[39m
[31m[1m^[22m[39m[31m[1m^[22m[39m[31m[1
m^[22m[39m[31m[1m^[22m[39m[31m[1m^[22m
[39m[31m[1m^[22m[39m[31m[1m^[22m[39m[31
m[1m^[22m[39m[31m[1m^[22m[39m
 [90m 3 |[39m [36mimport[39m { 
[33mBackButton[39m } [36mfrom[39m [32m'@/co
mponents/ui/BackButton'[39m[33m;[39m
 [90m 4 |[39m
 [90m 5 |[39m [36mexport[39m 
[36mdefault[39m [36mfunction[39m 
[33mPage[39m() {[0m

Import map: aliased to relative './src/component
s/sections/accordion-images/AccordionImages' 
inside of [project]/


Import traces:
  Server Component:
    ./src/app/neural-defense/page.tsx
    ./src/app/page.tsx

  Client Component Browser:
    ./src/app/neural-defense/page.tsx [Client 
Component Browser]
    ./src/app/neural-defense/page.tsx [Server 
Component]

  Client Component SSR:
    ./src/app/neural-defense/page.tsx [Client 
Component SSR]
    ./src/app/neural-defense/page.tsx [Server 
Component]

https://nextjs.org/docs/messages/module-not-foun
d


./src/app/bento-grid-4/page.tsx:2:1
Module not found: Can't resolve '@/components/se
ctions/bento-3-cards/Bento3Cards'
[0m [90m 1 |[39m [32m'use 
client'[39m[33m;[39m
[31m[1m>[22m[39m[90m 2 |[39m 
[36mimport[39m [33mBento3Cards[39m 
[36mfrom[39m [32m'@/components/sections/bento
-3-cards/Bento3Cards'[39m[33m;[39m
 [90m   |[39m [31m[1m^[22m[39m[31m[1m^[
22m[39m[31m[1m^[22m[39m[31m[1m^[22m[39m
[31m[1m^[22m[39m[31m[1m^[22m[39m[31m[1
m^[22m[39m[31m[1m^[22m[39m[31m[1m^[22m
[39m[31m[1m^[22m[39m[31m[1m^[22m[39m[31
m[1m^[22m[39m[31m[1m^[22m[39m[31m[1m^[
22m[39m[31m[1m^[22m[39m[31m[1m^[22m[39m
[31m[1m^[22m[39m[31m[1m^[22m[39m[31m[1
m^[22m[39m[31m[1m^[22m[39m[31m[1m^[22m
[39m[31m[1m^[22m[39m[31m[1m^[22m[39m[31
m[1m^[22m[39m[31m[1m^[22m[39m[31m[1m^[
22m[39m[31m[1m^[22m[39m[31m[1m^[22m[39m
[31m[1m^[22m[39m[31m[1m^[22m[39m[31m[1
m^[22m[39m[31m[1m^[22m[39m[31m[1m^[22m
[39m[31m[1m^[22m[39m[31m[1m^[22m[39m[31
m[1m^[22m[39m[31m[1m^[22m[39m[31m[1m^[
22m[39m[31m[1m^[22m[39m[31m[1m^[22m[39m
[31m[1m^[22m[39m[31m[1m^[22m[39m[31m[1
m^[22m[39m[31m[1m^[22m[39m[31m[1m^[22m
[39m[31m[1m^[22m[39m[31m[1m^[22m[39m[31
m[1m^[22m[39m[31m[1m^[22m[39m[31m[1m^[
22m[39m[31m[1m^[22m[39m[31m[1m^[22m[39m
[31m[1m^[22m[39m[31m[1m^[22m[39m[31m[1
m^[22m[39m[31m[1m^[22m[39m[31m[1m^[22m
[39m[31m[1m^[22m[39m[31m[1m^[22m[39m[31
m[1m^[22m[39m[31m[1m^[22m[39m[31m[1m^[
22m[39m[31m[1m^[22m[39m[31m[1m^[22m[39m
[31m[1m^[22m[39m[31m[1m^[22m[39m[31m[1
m^[22m[39m[31m[1m^[22m[39m[31m[1m^[22m
[39m[31m[1m^[22m[39m[31m[1m^[22m[39m[31
m[1m^[22m[39m[31m[1m^[22m[39m[31m[1m^[
22m[39m
 [90m 3 |[39m [36mimport[39m { 
[33mBackButton[39m } [36mfrom[39m [32m'@/co
mponents/ui/BackButton'[39m[33m;[39m
 [90m 4 |[39m
 [90m 5 |[39m [36mexport[39m 
[36mdefault[39m [36mfunction[39m 
[33mPage[39m() {[0m

Import map: aliased to relative './src/component
s/sections/bento-3-cards/Bento3Cards' inside of 
[project]/


Import traces:
  Server Component:
    ./src/app/bento-grid-4/page.tsx
    ./src/app/page.tsx

  Client Component Browser:
    ./src/app/bento-grid-4/page.tsx [Client 
Component Browser]
    ./src/app/bento-grid-4/page.tsx [Server 
Component]

  Client Component SSR:
    ./src/app/bento-grid-4/page.tsx [Client 
Component SSR]
    ./src/app/bento-grid-4/page.tsx [Server 
Component]

https://nextjs.org/docs/messages/module-not-foun
d


./src/components/sections/bento-grid-1/BentoGrid
1.tsx:4:1
Module not found: Can't resolve 
'@/components/ui/button'
[0m [90m 2 |[39m
 [90m 3 |[39m [36mimport[39m 
[33mReact[39m [36mfrom[39m 
[32m'react'[39m[33m;[39m
[31m[1m>[22m[39m[90m 4 |[39m 
[36mimport[39m { [33mButton[39m } 
[36mfrom[39m 
[32m'@/components/ui/button'[39m[33m;[39m
 [90m   |[39m [31m[1m^[22m[39m[31m[1m^[
22m[39m[31m[1m^[22m[39m[31m[1m^[22m[39m
[31m[1m^[22m[39m[31m[1m^[22m[39m[31m[1
m^[22m[39m[31m[1m^[22m[39m[31m[1m^[22m
[39m[31m[1m^[22m[39m[31m[1m^[22m[39m[31
m[1m^[22m[39m[31m[1m^[22m[39m[31m[1m^[
22m[39m[31m[1m^[22m[39m[31m[1m^[22m[39m
[31m[1m^[22m[39m[31m[1m^[22m[39m[31m[1
m^[22m[39m[31m[1m^[22m[39m[31m[1m^[22m
[39m[31m[1m^[22m[39m[31m[1m^[22m[39m[31
m[1m^[22m[39m[31m[1m^[22m[39m[31m[1m^[
22m[39m[31m[1m^[22m[39m[31m[1m^[22m[39m
[31m[1m^[22m[39m[31m[1m^[22m[39m[31m[1
m^[22m[39m[31m[1m^[22m[39m[31m[1m^[22m
[39m[31m[1m^[22m[39m[31m[1m^[22m[39m[31
m[1m^[22m[39m[31m[1m^[22m[39m[31m[1m^[
22m[39m[31m[1m^[22m[39m[31m[1m^[22m[39m
[31m[1m^[22m[39m[31m[1m^[22m[39m[31m[1
m^[22m[39m[31m[1m^[22m[39m[31m[1m^[22m
[39m[31m[1m^[22m[39m[31m[1m^[22m[39m[31
m[1m^[22m[39m
 [90m 5 |[39m [36mimport[39m {
 [90m 6 |[39m     
[33mFingerprint[39m[33m,[39m
 [90m 7 |[39m     
[33mGlobe[39m[33m,[39m[0m

Import map: aliased to relative 
'./src/components/ui/button' inside of 
[project]/


Import traces:
  Client Component Browser:
    ./src/components/sections/bento-grid-1/Bento
Grid1.tsx [Client Component Browser]
    ./src/app/bento-grid-1/page.tsx [Client 
Component Browser]
    ./src/app/bento-grid-1/page.tsx [Server 
Component]

  Client Component SSR:
    ./src/components/sections/bento-grid-1/Bento
Grid1.tsx [Client Component SSR]
    ./src/app/bento-grid-1/page.tsx [Client 
Component SSR]
    ./src/app/bento-grid-1/page.tsx [Server 
Component]

https://nextjs.org/docs/messages/module-not-foun
d


./src/components/sections/hero-3/Hero3.tsx:4:1
Module not found: Can't resolve 
'@/components/ui/button'
[0m [90m 2 |[39m
 [90m 3 |[39m [36mimport[39m 
[33mReact[39m [36mfrom[39m 
[32m'react'[39m[33m;[39m
[31m[1m>[22m[39m[90m 4 |[39m 
[36mimport[39m { [33mButton[39m } 
[36mfrom[39m 
[32m'@/components/ui/button'[39m[33m;[39m
 [90m   |[39m [31m[1m^[22m[39m[31m[1m^[
22m[39m[31m[1m^[22m[39m[31m[1m^[22m[39m
[31m[1m^[22m[39m[31m[1m^[22m[39m[31m[1
m^[22m[39m[31m[1m^[22m[39m[31m[1m^[22m
[39m[31m[1m^[22m[39m[31m[1m^[22m[39m[31
m[1m^[22m[39m[31m[1m^[22m[39m[31m[1m^[
22m[39m[31m[1m^[22m[39m[31m[1m^[22m[39m
[31m[1m^[22m[39m[31m[1m^[22m[39m[31m[1
m^[22m[39m[31m[1m^[22m[39m[31m[1m^[22m
[39m[31m[1m^[22m[39m[31m[1m^[22m[39m[31
m[1m^[22m[39m[31m[1m^[22m[39m[31m[1m^[
22m[39m[31m[1m^[22m[39m[31m[1m^[22m[39m
[31m[1m^[22m[39m[31m[1m^[22m[39m[31m[1
m^[22m[39m[31m[1m^[22m[39m[31m[1m^[22m
[39m[31m[1m^[22m[39m[31m[1m^[22m[39m[31
m[1m^[22m[39m[31m[1m^[22m[39m[31m[1m^[
22m[39m[31m[1m^[22m[39m[31m[1m^[22m[39m
[31m[1m^[22m[39m[31m[1m^[22m[39m[31m[1
m^[22m[39m[31m[1m^[22m[39m[31m[1m^[22m
[39m[31m[1m^[22m[39m[31m[1m^[22m[39m[31
m[1m^[22m[39m
 [90m 5 |[39m [36mimport[39m { 
[33mClock[39m[33m,[39m 
[33mZap[39m[33m,[39m [33mHeart[39m } 
[36mfrom[39m 
[32m'lucide-react'[39m[33m;[39m
 [90m 6 |[39m
 [90m 7 |[39m [36mexport[39m 
[36mfunction[39m [33mHero3[39m() {[0m

Import map: aliased to relative 
'./src/components/ui/button' inside of 
[project]/


Import traces:
  Client Component Browser:
    ./src/components/sections/hero-3/Hero3.tsx 
[Client Component Browser]
    ./src/app/hero-3/page.tsx [Client Component 
Browser]
    ./src/app/hero-3/page.tsx [Server Component]

  Client Component SSR:
    ./src/components/sections/hero-3/Hero3.tsx 
[Client Component SSR]
    ./src/app/hero-3/page.tsx [Client Component 
SSR]
    ./src/app/hero-3/page.tsx [Server Component]

https://nextjs.org/docs/messages/module-not-foun
d


./src/components/sections/navbar-2/Navbar2.tsx:1
6:1
Module not found: Can't resolve 
'@/components/ui/button'
[0m [90m 14 |[39m } [36mfrom[39m 
[32m'lucide-react'[39m[33m;[39m
 [90m 15 |[39m [36mimport[39m { cn } 
[36mfrom[39m 
[32m'@/lib/utils'[39m[33m;[39m
[31m[1m>[22m[39m[90m 16 |[39m 
[36mimport[39m { [33mButton[39m } 
[36mfrom[39m 
[32m'@/components/ui/button'[39m[33m;[39m
 [90m    |[39m [31m[1m^[22m[39m[31m[1m^
[22m[39m[31m[1m^[22m[39m[31m[1m^[22m[39
m[31m[1m^[22m[39m[31m[1m^[22m[39m[31m[
1m^[22m[39m[31m[1m^[22m[39m[31m[1m^[22m
[39m[31m[1m^[22m[39m[31m[1m^[22m[39m[3
1m[1m^[22m[39m[31m[1m^[22m[39m[31m[1m^
[22m[39m[31m[1m^[22m[39m[31m[1m^[22m[39
m[31m[1m^[22m[39m[31m[1m^[22m[39m[31m[
1m^[22m[39m[31m[1m^[22m[39m[31m[1m^[22m
[39m[31m[1m^[22m[39m[31m[1m^[22m[39m[3
1m[1m^[22m[39m[31m[1m^[22m[39m[31m[1m^
[22m[39m[31m[1m^[22m[39m[31m[1m^[22m[39
m[31m[1m^[22m[39m[31m[1m^[22m[39m[31m[
1m^[22m[39m[31m[1m^[22m[39m[31m[1m^[22m
[39m[31m[1m^[22m[39m[31m[1m^[22m[39m[3
1m[1m^[22m[39m[31m[1m^[22m[39m[31m[1m^
[22m[39m[31m[1m^[22m[39m[31m[1m^[22m[39
m[31m[1m^[22m[39m[31m[1m^[22m[39m[31m[
1m^[22m[39m[31m[1m^[22m[39m[31m[1m^[22m
[39m[31m[1m^[22m[39m[31m[1m^[22m[39m[3
1m[1m^[22m[39m
 [90m 17 |[39m
 [90m 18 |[39m [36mexport[39m 
[36mfunction[39m [33mNavbar2[39m() {
 [90m 19 |[39m     [36mconst[39m 
[isMobileMenuOpen[33m,[39m 
setIsMobileMenuOpen] [33m=[39m 
useState([36mfalse[39m)[33m;[39m[0m

Import map: aliased to relative 
'./src/components/ui/button' inside of 
[project]/


Import traces:
  Client Component Browser:
    
./src/components/sections/navbar-2/Navbar2.tsx 
[Client Component Browser]
    ./src/app/navbar-2/page.tsx [Client 
Component Browser]
    ./src/app/navbar-2/page.tsx [Server 
Component]

  Client Component SSR:
    
./src/components/sections/navbar-2/Navbar2.tsx 
[Client Component SSR]
    ./src/app/navbar-2/page.tsx [Client 
Component SSR]
    ./src/app/navbar-2/page.tsx [Server 
Component]

https://nextjs.org/docs/messages/module-not-foun
d


./src/components/sections/text-buttons-images-he
ro/TextButtonsImagesHero.tsx:3:1
Module not found: Can't resolve 
'@/components/ui/button'
[0m [90m 1 |[39m [32m'use 
client'[39m[33m;[39m
 [90m 2 |[39m [36mimport[39m { 
motion[33m,[39m [33mVariants[39m } 
[36mfrom[39m 
[32m'framer-motion'[39m[33m;[39m
[31m[1m>[22m[39m[90m 3 |[39m 
[36mimport[39m { [33mButton[39m[33m,[39m 
type [33mButtonProps[39m } [36mfrom[39m 
[32m'@/components/ui/button'[39m[33m;[39m
 [90m   |[39m [31m[1m^[22m[39m[31m[1m^[
22m[39m[31m[1m^[22m[39m[31m[1m^[22m[39m
[31m[1m^[22m[39m[31m[1m^[22m[39m[31m[1
m^[22m[39m[31m[1m^[22m[39m[31m[1m^[22m
[39m[31m[1m^[22m[39m[31m[1m^[22m[39m[31
m[1m^[22m[39m[31m[1m^[22m[39m[31m[1m^[
22m[39m[31m[1m^[22m[39m[31m[1m^[22m[39m
[31m[1m^[22m[39m[31m[1m^[22m[39m[31m[1
m^[22m[39m[31m[1m^[22m[39m[31m[1m^[22m
[39m[31m[1m^[22m[39m[31m[1m^[22m[39m[31
m[1m^[22m[39m[31m[1m^[22m[39m[31m[1m^[
22m[39m[31m[1m^[22m[39m[31m[1m^[22m[39m
[31m[1m^[22m[39m[31m[1m^[22m[39m[31m[1
m^[22m[39m[31m[1m^[22m[39m[31m[1m^[22m
[39m[31m[1m^[22m[39m[31m[1m^[22m[39m[31
m[1m^[22m[39m[31m[1m^[22m[39m[31m[1m^[
22m[39m[31m[1m^[22m[39m[31m[1m^[22m[39m
[31m[1m^[22m[39m[31m[1m^[22m[39m[31m[1
m^[22m[39m[31m[1m^[22m[39m[31m[1m^[22m
[39m[31m[1m^[22m[39m[31m[1m^[22m[39m[31
m[1m^[22m[39m[31m[1m^[22m[39m[31m[1m^[
22m[39m[31m[1m^[22m[39m[31m[1m^[22m[39m
[31m[1m^[22m[39m[31m[1m^[22m[39m[31m[1
m^[22m[39m[31m[1m^[22m[39m[31m[1m^[22m
[39m[31m[1m^[22m[39m[31m[1m^[22m[39m[31
m[1m^[22m[39m[31m[1m^[22m[39m[31m[1m^[
22m[39m[31m[1m^[22m[39m[31m[1m^[22m[39m
[31m[1m^[22m[39m[31m[1m^[22m[39m
 [90m 4 |[39m [36mimport[39m { cn } 
[36mfrom[39m 
[32m'@/lib/utils'[39m[33m;[39m
 [90m 5 |[39m [36mimport[39m 
[33mReact[39m [36mfrom[39m 
[32m'react'[39m[33m;[39m
 [90m 6 |[39m[0m

Import map: aliased to relative 
'./src/components/ui/button' inside of 
[project]/


Import traces:
  Client Component Browser:
    ./src/components/sections/text-buttons-image
s-hero/TextButtonsImagesHero.tsx [Client 
Component Browser]
    ./src/app/hero-2/page.tsx [Client Component 
Browser]
    ./src/app/hero-2/page.tsx [Server Component]

  Client Component SSR:
    ./src/components/sections/text-buttons-image
s-hero/TextButtonsImagesHero.tsx [Client 
Component SSR]
    ./src/app/hero-2/page.tsx [Client Component 
SSR]
    ./src/app/hero-2/page.tsx [Server Component]

https://nextjs.org/docs/messages/module-not-foun
d


./src/components/faqs/faq-premium/FaqPremium.tsx
:6:1
Module not found: Can't resolve '@/lib/utils'
[0m [90m 4 |[39m [36mimport[39m { 
motion[33m,[39m [33mAnimatePresence[39m } 
[36mfrom[39m 
[32m'framer-motion'[39m[33m;[39m
 [90m 5 |[39m [36mimport[39m { 
[33mPlus[39m[33m,[39m [33mMinus[39m } 
[36mfrom[39m 
[32m'lucide-react'[39m[33m;[39m
[31m[1m>[22m[39m[90m 6 |[39m 
[36mimport[39m { cn } [36mfrom[39m 
[32m'@/lib/utils'[39m[33m;[39m
 [90m   |[39m [31m[1m^[22m[39m[31m[1m^[
22m[39m[31m[1m^[22m[39m[31m[1m^[22m[39m
[31m[1m^[22m[39m[31m[1m^[22m[39m[31m[1
m^[22m[39m[31m[1m^[22m[39m[31m[1m^[22m
[39m[31m[1m^[22m[39m[31m[1m^[22m[39m[31
m[1m^[22m[39m[31m[1m^[22m[39m[31m[1m^[
22m[39m[31m[1m^[22m[39m[31m[1m^[22m[39m
[31m[1m^[22m[39m[31m[1m^[22m[39m[31m[1
m^[22m[39m[31m[1m^[22m[39m[31m[1m^[22m
[39m[31m[1m^[22m[39m[31m[1m^[22m[39m[31
m[1m^[22m[39m[31m[1m^[22m[39m[31m[1m^[
22m[39m[31m[1m^[22m[39m[31m[1m^[22m[39m
[31m[1m^[22m[39m[31m[1m^[22m[39m[31m[1
m^[22m[39m[31m[1m^[22m[39m[31m[1m^[22m
[39m
 [90m 7 |[39m
 [90m 8 |[39m [36minterface[39m 
[33mFAQItem[39m {
 [90m 9 |[39m     id[33m:[39m 
number[33m;[39m[0m

Import map: aliased to relative 
'./src/lib/utils' inside of [project]/


Import traces:
  Client Component Browser:
    ./src/components/faqs/faq-premium/FaqPremium
.tsx [Client Component Browser]
    ./src/app/faq-premium/page.tsx [Client 
Component Browser]
    ./src/app/faq-premium/page.tsx [Server 
Component]

  Client Component SSR:
    ./src/components/faqs/faq-premium/FaqPremium
.tsx [Client Component SSR]
    ./src/app/faq-premium/page.tsx [Client 
Component SSR]
    ./src/app/faq-premium/page.tsx [Server 
Component]

https://nextjs.org/docs/messages/module-not-foun
d


./src/components/sections/auto-feature-selection
/AutoFeatureSelection.tsx:5:1
Module not found: Can't resolve '@/lib/utils'
[0m [90m 3 |[39m [36mimport[39m 
[33mReact[39m[33m,[39m { 
useState[33m,[39m useEffect } [36mfrom[39m 
[32m'react'[39m[33m;[39m
 [90m 4 |[39m [36mimport[39m { 
motion[33m,[39m [33mAnimatePresence[39m } 
[36mfrom[39m 
[32m'framer-motion'[39m[33m;[39m
[31m[1m>[22m[39m[90m 5 |[39m 
[36mimport[39m { cn } [36mfrom[39m 
[32m'@/lib/utils'[39m[33m;[39m
 [90m   |[39m [31m[1m^[22m[39m[31m[1m^[
22m[39m[31m[1m^[22m[39m[31m[1m^[22m[39m
[31m[1m^[22m[39m[31m[1m^[22m[39m[31m[1
m^[22m[39m[31m[1m^[22m[39m[31m[1m^[22m
[39m[31m[1m^[22m[39m[31m[1m^[22m[39m[31
m[1m^[22m[39m[31m[1m^[22m[39m[31m[1m^[
22m[39m[31m[1m^[22m[39m[31m[1m^[22m[39m
[31m[1m^[22m[39m[31m[1m^[22m[39m[31m[1
m^[22m[39m[31m[1m^[22m[39m[31m[1m^[22m
[39m[31m[1m^[22m[39m[31m[1m^[22m[39m[31
m[1m^[22m[39m[31m[1m^[22m[39m[31m[1m^[
22m[39m[31m[1m^[22m[39m[31m[1m^[22m[39m
[31m[1m^[22m[39m[31m[1m^[22m[39m[31m[1
m^[22m[39m[31m[1m^[22m[39m[31m[1m^[22m
[39m
 [90m 6 |[39m
 [90m 7 |[39m [36minterface[39m 
[33mStepItem[39m {
 [90m 8 |[39m     id[33m:[39m 
number[33m;[39m[0m

Import map: aliased to relative 
'./src/lib/utils' inside of [project]/


Import traces:
  Client Component Browser:
    ./src/components/sections/auto-feature-selec
tion/AutoFeatureSelection.tsx [Client Component 
Browser]
    ./src/app/auto-feature-selection/page.tsx 
[Client Component Browser]
    ./src/app/auto-feature-selection/page.tsx 
[Server Component]

  Client Component SSR:
    ./src/components/sections/auto-feature-selec
tion/AutoFeatureSelection.tsx [Client Component 
SSR]
    ./src/app/auto-feature-selection/page.tsx 
[Client Component SSR]
    ./src/app/auto-feature-selection/page.tsx 
[Server Component]

https://nextjs.org/docs/messages/module-not-foun
d


./src/components/sections/bento-grid-1/BentoGrid
1.tsx:24:1
Module not found: Can't resolve '@/lib/utils'
[0m [90m 22 |[39m     [33mShoppingBag[39m
 [90m 23 |[39m } [36mfrom[39m 
[32m'lucide-react'[39m[33m;[39m
[31m[1m>[22m[39m[90m 24 |[39m 
[36mimport[39m { cn } [36mfrom[39m 
[32m'@/lib/utils'[39m[33m;[39m
 [90m    |[39m [31m[1m^[22m[39m[31m[1m^
[22m[39m[31m[1m^[22m[39m[31m[1m^[22m[39
m[31m[1m^[22m[39m[31m[1m^[22m[39m[31m[
1m^[22m[39m[31m[1m^[22m[39m[31m[1m^[22m
[39m[31m[1m^[22m[39m[31m[1m^[22m[39m[3
1m[1m^[22m[39m[31m[1m^[22m[39m[31m[1m^
[22m[39m[31m[1m^[22m[39m[31m[1m^[22m[39
m[31m[1m^[22m[39m[31m[1m^[22m[39m[31m[
1m^[22m[39m[31m[1m^[22m[39m[31m[1m^[22m
[39m[31m[1m^[22m[39m[31m[1m^[22m[39m[3
1m[1m^[22m[39m[31m[1m^[22m[39m[31m[1m^
[22m[39m[31m[1m^[22m[39m[31m[1m^[22m[39
m[31m[1m^[22m[39m[31m[1m^[22m[39m[31m[
1m^[22m[39m[31m[1m^[22m[39m[31m[1m^[22m
[39m
 [90m 25 |[39m
 [90m 26 |[39m
 [90m 27 |[39m [90m// Helper 
components[39m[0m

Import map: aliased to relative 
'./src/lib/utils' inside of [project]/


Import traces:
  Client Component Browser:
    ./src/components/sections/bento-grid-1/Bento
Grid1.tsx [Client Component Browser]
    ./src/app/bento-grid-1/page.tsx [Client 
Component Browser]
    ./src/app/bento-grid-1/page.tsx [Server 
Component]

  Client Component SSR:
    ./src/components/sections/bento-grid-1/Bento
Grid1.tsx [Client Component SSR]
    ./src/app/bento-grid-1/page.tsx [Client 
Component SSR]
    ./src/app/bento-grid-1/page.tsx [Server 
Component]

https://nextjs.org/docs/messages/module-not-foun
d


./src/components/sections/feature-selection/Feat
ureSelection.tsx:5:1
Module not found: Can't resolve '@/lib/utils'
[0m [90m 3 |[39m [36mimport[39m 
[33mReact[39m[33m,[39m { useState } 
[36mfrom[39m [32m'react'[39m[33m;[39m
 [90m 4 |[39m [36mimport[39m { 
motion[33m,[39m [33mAnimatePresence[39m } 
[36mfrom[39m 
[32m'framer-motion'[39m[33m;[39m
[31m[1m>[22m[39m[90m 5 |[39m 
[36mimport[39m { cn } [36mfrom[39m 
[32m'@/lib/utils'[39m[33m;[39m
 [90m   |[39m [31m[1m^[22m[39m[31m[1m^[
22m[39m[31m[1m^[22m[39m[31m[1m^[22m[39m
[31m[1m^[22m[39m[31m[1m^[22m[39m[31m[1
m^[22m[39m[31m[1m^[22m[39m[31m[1m^[22m
[39m[31m[1m^[22m[39m[31m[1m^[22m[39m[31
m[1m^[22m[39m[31m[1m^[22m[39m[31m[1m^[
22m[39m[31m[1m^[22m[39m[31m[1m^[22m[39m
[31m[1m^[22m[39m[31m[1m^[22m[39m[31m[1
m^[22m[39m[31m[1m^[22m[39m[31m[1m^[22m
[39m[31m[1m^[22m[39m[31m[1m^[22m[39m[31
m[1m^[22m[39m[31m[1m^[22m[39m[31m[1m^[
22m[39m[31m[1m^[22m[39m[31m[1m^[22m[39m
[31m[1m^[22m[39m[31m[1m^[22m[39m[31m[1
m^[22m[39m[31m[1m^[22m[39m[31m[1m^[22m
[39m
 [90m 6 |[39m
 [90m 7 |[39m [36minterface[39m 
[33mFeatureItem[39m {
 [90m 8 |[39m     id[33m:[39m 
number[33m;[39m[0m

Import map: aliased to relative 
'./src/lib/utils' inside of [project]/


Import traces:
  Client Component Browser:
    ./src/components/sections/feature-selection/
FeatureSelection.tsx [Client Component Browser]
    ./src/app/feature-selection/page.tsx 
[Client Component Browser]
    ./src/app/feature-selection/page.tsx 
[Server Component]

  Client Component SSR:
    ./src/components/sections/feature-selection/
FeatureSelection.tsx [Client Component SSR]
    ./src/app/feature-selection/page.tsx 
[Client Component SSR]
    ./src/app/feature-selection/page.tsx 
[Server Component]

https://nextjs.org/docs/messages/module-not-foun
d


./src/components/sections/navbar-2/Navbar2.tsx:1
5:1
Module not found: Can't resolve '@/lib/utils'
[0m [90m 13 |[39m     
[33mUsers[39m[33m,[39m
 [90m 14 |[39m } [36mfrom[39m 
[32m'lucide-react'[39m[33m;[39m
[31m[1m>[22m[39m[90m 15 |[39m 
[36mimport[39m { cn } [36mfrom[39m 
[32m'@/lib/utils'[39m[33m;[39m
 [90m    |[39m [31m[1m^[22m[39m[31m[1m^
[22m[39m[31m[1m^[22m[39m[31m[1m^[22m[39
m[31m[1m^[22m[39m[31m[1m^[22m[39m[31m[
1m^[22m[39m[31m[1m^[22m[39m[31m[1m^[22m
[39m[31m[1m^[22m[39m[31m[1m^[22m[39m[3
1m[1m^[22m[39m[31m[1m^[22m[39m[31m[1m^
[22m[39m[31m[1m^[22m[39m[31m[1m^[22m[39
m[31m[1m^[22m[39m[31m[1m^[22m[39m[31m[
1m^[22m[39m[31m[1m^[22m[39m[31m[1m^[22m
[39m[31m[1m^[22m[39m[31m[1m^[22m[39m[3
1m[1m^[22m[39m[31m[1m^[22m[39m[31m[1m^
[22m[39m[31m[1m^[22m[39m[31m[1m^[22m[39
m[31m[1m^[22m[39m[31m[1m^[22m[39m[31m[
1m^[22m[39m[31m[1m^[22m[39m[31m[1m^[22m
[39m
 [90m 16 |[39m [36mimport[39m { 
[33mButton[39m } [36mfrom[39m 
[32m'@/components/ui/button'[39m[33m;[39m
 [90m 17 |[39m
 [90m 18 |[39m [36mexport[39m 
[36mfunction[39m [33mNavbar2[39m() {[0m

Import map: aliased to relative 
'./src/lib/utils' inside of [project]/


Import traces:
  Client Component Browser:
    
./src/components/sections/navbar-2/Navbar2.tsx 
[Client Component Browser]
    ./src/app/navbar-2/page.tsx [Client 
Component Browser]
    ./src/app/navbar-2/page.tsx [Server 
Component]

  Client Component SSR:
    
./src/components/sections/navbar-2/Navbar2.tsx 
[Client Component SSR]
    ./src/app/navbar-2/page.tsx [Client 
Component SSR]
    ./src/app/navbar-2/page.tsx [Server 
Component]

https://nextjs.org/docs/messages/module-not-foun
d


./src/components/sections/text-buttons-images-he
ro/TextButtonsImagesHero.tsx:4:1
Module not found: Can't resolve '@/lib/utils'
[0m [90m 2 |[39m [36mimport[39m { 
motion[33m,[39m [33mVariants[39m } 
[36mfrom[39m 
[32m'framer-motion'[39m[33m;[39m
 [90m 3 |[39m [36mimport[39m { 
[33mButton[39m[33m,[39m type 
[33mButtonProps[39m } [36mfrom[39m 
[32m'@/components/ui/button'[39m[33m;[39m
[31m[1m>[22m[39m[90m 4 |[39m 
[36mimport[39m { cn } [36mfrom[39m 
[32m'@/lib/utils'[39m[33m;[39m
 [90m   |[39m [31m[1m^[22m[39m[31m[1m^[
22m[39m[31m[1m^[22m[39m[31m[1m^[22m[39m
[31m[1m^[22m[39m[31m[1m^[22m[39m[31m[1
m^[22m[39m[31m[1m^[22m[39m[31m[1m^[22m
[39m[31m[1m^[22m[39m[31m[1m^[22m[39m[31
m[1m^[22m[39m[31m[1m^[22m[39m[31m[1m^[
22m[39m[31m[1m^[22m[39m[31m[1m^[22m[39m
[31m[1m^[22m[39m[31m[1m^[22m[39m[31m[1
m^[22m[39m[31m[1m^[22m[39m[31m[1m^[22m
[39m[31m[1m^[22m[39m[31m[1m^[22m[39m[31
m[1m^[22m[39m[31m[1m^[22m[39m[31m[1m^[
22m[39m[31m[1m^[22m[39m[31m[1m^[22m[39m
[31m[1m^[22m[39m[31m[1m^[22m[39m[31m[1
m^[22m[39m[31m[1m^[22m[39m[31m[1m^[22m
[39m
 [90m 5 |[39m [36mimport[39m 
[33mReact[39m [36mfrom[39m 
[32m'react'[39m[33m;[39m
 [90m 6 |[39m
 [90m 7 |[39m [90m// Define the props for 
reusability[39m[0m

Import map: aliased to relative 
'./src/lib/utils' inside of [project]/


Import traces:
  Client Component Browser:
    ./src/components/sections/text-buttons-image
s-hero/TextButtonsImagesHero.tsx [Client 
Component Browser]
    ./src/app/hero-2/page.tsx [Client Component 
Browser]
    ./src/app/hero-2/page.tsx [Server Component]

  Client Component SSR:
    ./src/components/sections/text-buttons-image
s-hero/TextButtonsImagesHero.tsx [Client 
Component SSR]
    ./src/app/hero-2/page.tsx [Client Component 
SSR]
    ./src/app/hero-2/page.tsx [Server Component]

https://nextjs.org/docs/messages/module-not-foun
d


./src/app/accordion-faq-1/page.tsx:2:1
Export default doesn't exist in target module
[0m [90m 1 |[39m [32m'use 
client'[39m[33m;[39m
[31m[1m>[22m[39m[90m 2 |[39m 
[36mimport[39m [33mInteractiveAccordion[39m 
[36mfrom[39m [32m'@/components/sections/accor
dion-faq-1/InteractiveAccordion'[39m[33m;[39m
 [90m   |[39m [31m[1m^[22m[39m[31m[1m^[
22m[39m[31m[1m^[22m[39m[31m[1m^[22m[39m
[31m[1m^[22m[39m[31m[1m^[22m[39m[31m[1
m^[22m[39m[31m[1m^[22m[39m[31m[1m^[22m
[39m[31m[1m^[22m[39m[31m[1m^[22m[39m[31
m[1m^[22m[39m[31m[1m^[22m[39m[31m[1m^[
22m[39m[31m[1m^[22m[39m[31m[1m^[22m[39m
[31m[1m^[22m[39m[31m[1m^[22m[39m[31m[1
m^[22m[39m[31m[1m^[22m[39m[31m[1m^[22m
[39m[31m[1m^[22m[39m[31m[1m^[22m[39m[31
m[1m^[22m[39m[31m[1m^[22m[39m[31m[1m^[
22m[39m[31m[1m^[22m[39m[31m[1m^[22m[39m
[31m[1m^[22m[39m[31m[1m^[22m[39m[31m[1
m^[22m[39m[31m[1m^[22m[39m[31m[1m^[22m
[39m[31m[1m^[22m[39m[31m[1m^[22m[39m[31
m[1m^[22m[39m[31m[1m^[22m[39m[31m[1m^[
22m[39m[31m[1m^[22m[39m[31m[1m^[22m[39m
[31m[1m^[22m[39m[31m[1m^[22m[39m[31m[1
m^[22m[39m[31m[1m^[22m[39m[31m[1m^[22m
[39m[31m[1m^[22m[39m[31m[1m^[22m[39m[31
m[1m^[22m[39m[31m[1m^[22m[39m[31m[1m^[
22m[39m[31m[1m^[22m[39m[31m[1m^[22m[39m
[31m[1m^[22m[39m[31m[1m^[22m[39m[31m[1
m^[22m[39m[31m[1m^[22m[39m[31m[1m^[22m
[39m[31m[1m^[22m[39m[31m[1m^[22m[39m[31
m[1m^[22m[39m[31m[1m^[22m[39m[31m[1m^[
22m[39m[31m[1m^[22m[39m[31m[1m^[22m[39m
[31m[1m^[22m[39m[31m[1m^[22m[39m[31m[1
m^[22m[39m[31m[1m^[22m[39m[31m[1m^[22m
[39m[31m[1m^[22m[39m[31m[1m^[22m[39m[31
m[1m^[22m[39m[31m[1m^[22m[39m[31m[1m^[
22m[39m[31m[1m^[22m[39m[31m[1m^[22m[39m
[31m[1m^[22m[39m[31m[1m^[22m[39m[31m[1
m^[22m[39m[31m[1m^[22m[39m[31m[1m^[22m
[39m[31m[1m^[22m[39m[31m[1m^[22m[39m[31
m[1m^[22m[39m[31m[1m^[22m[39m[31m[1m^[
22m[39m[31m[1m^[22m[39m[31m[1m^[22m[39m
[31m[1m^[22m[39m[31m[1m^[22m[39m[31m[1
m^[22m[39m[31m[1m^[22m[39m[31m[1m^[22m
[39m[31m[1m^[22m[39m
 [90m 3 |[39m [36mimport[39m { 
[33mBackButton[39m } [36mfrom[39m [32m'@/co
mponents/ui/BackButton'[39m[33m;[39m
 [90m 4 |[39m
 [90m 5 |[39m [36mexport[39m 
[36mdefault[39m [36mfunction[39m 
[33mPage[39m() {[0m

The export default was not found in module [proj
ect]/src/components/sections/accordion-faq-1/Int
eractiveAccordion.tsx [app-client] (ecmascript).
Did you mean to import InteractiveAccordion?
All exports of the module are statically known 
(It doesn't have dynamic exports). So it's 
known statically that the requested export 
doesn't exist.

Import traces:
  Server Component:
    ./src/app/accordion-faq-1/page.tsx
    ./src/app/page.tsx

  Client Component Browser:
    ./src/app/accordion-faq-1/page.tsx [Client 
Component Browser]
    ./src/app/accordion-faq-1/page.tsx [Server 
Component]

  Client Component SSR:
    ./src/app/accordion-faq-1/page.tsx [Client 
Component SSR]
    ./src/app/accordion-faq-1/page.tsx [Server 
Component]


./src/app/accordion-faq-1/page.tsx:2:1
Export default doesn't exist in target module
[0m [90m 1 |[39m [32m'use 
client'[39m[33m;[39m
[31m[1m>[22m[39m[90m 2 |[39m 
[36mimport[39m [33mInteractiveAccordion[39m 
[36mfrom[39m [32m'@/components/sections/accor
dion-faq-1/InteractiveAccordion'[39m[33m;[39m
 [90m   |[39m [31m[1m^[22m[39m[31m[1m^[
22m[39m[31m[1m^[22m[39m[31m[1m^[22m[39m
[31m[1m^[22m[39m[31m[1m^[22m[39m[31m[1
m^[22m[39m[31m[1m^[22m[39m[31m[1m^[22m
[39m[31m[1m^[22m[39m[31m[1m^[22m[39m[31
m[1m^[22m[39m[31m[1m^[22m[39m[31m[1m^[
22m[39m[31m[1m^[22m[39m[31m[1m^[22m[39m
[31m[1m^[22m[39m[31m[1m^[22m[39m[31m[1
m^[22m[39m[31m[1m^[22m[39m[31m[1m^[22m
[39m[31m[1m^[22m[39m[31m[1m^[22m[39m[31
m[1m^[22m[39m[31m[1m^[22m[39m[31m[1m^[
22m[39m[31m[1m^[22m[39m[31m[1m^[22m[39m
[31m[1m^[22m[39m[31m[1m^[22m[39m[31m[1
m^[22m[39m[31m[1m^[22m[39m[31m[1m^[22m
[39m[31m[1m^[22m[39m[31m[1m^[22m[39m[31
m[1m^[22m[39m[31m[1m^[22m[39m[31m[1m^[
22m[39m[31m[1m^[22m[39m[31m[1m^[22m[39m
[31m[1m^[22m[39m[31m[1m^[22m[39m[31m[1
m^[22m[39m[31m[1m^[22m[39m[31m[1m^[22m
[39m[31m[1m^[22m[39m[31m[1m^[22m[39m[31
m[1m^[22m[39m[31m[1m^[22m[39m[31m[1m^[
22m[39m[31m[1m^[22m[39m[31m[1m^[22m[39m
[31m[1m^[22m[39m[31m[1m^[22m[39m[31m[1
m^[22m[39m[31m[1m^[22m[39m[31m[1m^[22m
[39m[31m[1m^[22m[39m[31m[1m^[22m[39m[31
m[1m^[22m[39m[31m[1m^[22m[39m[31m[1m^[
22m[39m[31m[1m^[22m[39m[31m[1m^[22m[39m
[31m[1m^[22m[39m[31m[1m^[22m[39m[31m[1
m^[22m[39m[31m[1m^[22m[39m[31m[1m^[22m
[39m[31m[1m^[22m[39m[31m[1m^[22m[39m[31
m[1m^[22m[39m[31m[1m^[22m[39m[31m[1m^[
22m[39m[31m[1m^[22m[39m[31m[1m^[22m[39m
[31m[1m^[22m[39m[31m[1m^[22m[39m[31m[1
m^[22m[39m[31m[1m^[22m[39m[31m[1m^[22m
[39m[31m[1m^[22m[39m[31m[1m^[22m[39m[31
m[1m^[22m[39m[31m[1m^[22m[39m[31m[1m^[
22m[39m[31m[1m^[22m[39m[31m[1m^[22m[39m
[31m[1m^[22m[39m[31m[1m^[22m[39m[31m[1
m^[22m[39m[31m[1m^[22m[39m[31m[1m^[22m
[39m[31m[1m^[22m[39m
 [90m 3 |[39m [36mimport[39m { 
[33mBackButton[39m } [36mfrom[39m [32m'@/co
mponents/ui/BackButton'[39m[33m;[39m
 [90m 4 |[39m
 [90m 5 |[39m [36mexport[39m 
[36mdefault[39m [36mfunction[39m 
[33mPage[39m() {[0m

The export default was not found in module [proj
ect]/src/components/sections/accordion-faq-1/Int
eractiveAccordion.tsx [app-ssr] (ecmascript).
Did you mean to import InteractiveAccordion?
All exports of the module are statically known 
(It doesn't have dynamic exports). So it's 
known statically that the requested export 
doesn't exist.

Import traces:
  Server Component:
    ./src/app/accordion-faq-1/page.tsx
    ./src/app/page.tsx

  Client Component Browser:
    ./src/app/accordion-faq-1/page.tsx [Client 
Component Browser]
    ./src/app/accordion-faq-1/page.tsx [Server 
Component]

  Client Component SSR:
    ./src/app/accordion-faq-1/page.tsx [Client 
Component SSR]
    ./src/app/accordion-faq-1/page.tsx [Server 
Component]


./src/app/alternating-carousel/page.tsx:2:1
Export default doesn't exist in target module
[0m [90m 1 |[39m [32m'use 
client'[39m[33m;[39m
[31m[1m>[22m[39m[90m 2 |[39m 
[36mimport[39m [33mAlternatingCarousel[39m 
[36mfrom[39m [32m'@/components/sections/alter
nating-carousel/AlternatingCarousel'[39m[33m;
[39m
 [90m   |[39m [31m[1m^[22m[39m[31m[1m^[
22m[39m[31m[1m^[22m[39m[31m[1m^[22m[39m
[31m[1m^[22m[39m[31m[1m^[22m[39m[31m[1
m^[22m[39m[31m[1m^[22m[39m[31m[1m^[22m
[39m[31m[1m^[22m[39m[31m[1m^[22m[39m[31
m[1m^[22m[39m[31m[1m^[22m[39m[31m[1m^[
22m[39m[31m[1m^[22m[39m[31m[1m^[22m[39m
[31m[1m^[22m[39m[31m[1m^[22m[39m[31m[1
m^[22m[39m[31m[1m^[22m[39m[31m[1m^[22m
[39m[31m[1m^[22m[39m[31m[1m^[22m[39m[31
m[1m^[22m[39m[31m[1m^[22m[39m[31m[1m^[
22m[39m[31m[1m^[22m[39m[31m[1m^[22m[39m
[31m[1m^[22m[39m[31m[1m^[22m[39m[31m[1
m^[22m[39m[31m[1m^[22m[39m[31m[1m^[22m
[39m[31m[1m^[22m[39m[31m[1m^[22m[39m[31
m[1m^[22m[39m[31m[1m^[22m[39m[31m[1m^[
22m[39m[31m[1m^[22m[39m[31m[1m^[22m[39m
[31m[1m^[22m[39m[31m[1m^[22m[39m[31m[1
m^[22m[39m[31m[1m^[22m[39m[31m[1m^[22m
[39m[31m[1m^[22m[39m[31m[1m^[22m[39m[31
m[1m^[22m[39m[31m[1m^[22m[39m[31m[1m^[
22m[39m[31m[1m^[22m[39m[31m[1m^[22m[39m
[31m[1m^[22m[39m[31m[1m^[22m[39m[31m[1
m^[22m[39m[31m[1m^[22m[39m[31m[1m^[22m
[39m[31m[1m^[22m[39m[31m[1m^[22m[39m[31
m[1m^[22m[39m[31m[1m^[22m[39m[31m[1m^[
22m[39m[31m[1m^[22m[39m[31m[1m^[22m[39m
[31m[1m^[22m[39m[31m[1m^[22m[39m[31m[1
m^[22m[39m[31m[1m^[22m[39m[31m[1m^[22m
[39m[31m[1m^[22m[39m[31m[1m^[22m[39m[31
m[1m^[22m[39m[31m[1m^[22m[39m[31m[1m^[
22m[39m[31m[1m^[22m[39m[31m[1m^[22m[39m
[31m[1m^[22m[39m[31m[1m^[22m[39m[31m[1
m^[22m[39m[31m[1m^[22m[39m[31m[1m^[22m
[39m[31m[1m^[22m[39m[31m[1m^[22m[39m[31
m[1m^[22m[39m[31m[1m^[22m[39m[31m[1m^[
22m[39m[31m[1m^[22m[39m[31m[1m^[22m[39m
[31m[1m^[22m[39m[31m[1m^[22m[39m[31m[1
m^[22m[39m[31m[1m^[22m[39m[31m[1m^[22m
[39m[31m[1m^[22m[39m[31m[1m^[22m[39m[31
m[1m^[22m[39m[31m[1m^[22m[39m
 [90m 3 |[39m [36mimport[39m { 
[33mBackButton[39m } [36mfrom[39m [32m'@/co
mponents/ui/BackButton'[39m[33m;[39m
 [90m 4 |[39m
 [90m 5 |[39m [36mexport[39m 
[36mdefault[39m [36mfunction[39m 
[33mPage[39m() {[0m

The export default was not found in module [proj
ect]/src/components/sections/alternating-carouse
l/AlternatingCarousel.tsx [app-client] 
(ecmascript).
Did you mean to import AlternatingCarousel?
All exports of the module are statically known 
(It doesn't have dynamic exports). So it's 
known statically that the requested export 
doesn't exist.

Import traces:
  Server Component:
    ./src/app/alternating-carousel/page.tsx
    ./src/app/page.tsx

  Client Component Browser:
    ./src/app/alternating-carousel/page.tsx 
[Client Component Browser]
    ./src/app/alternating-carousel/page.tsx 
[Server Component]

  Client Component SSR:
    ./src/app/alternating-carousel/page.tsx 
[Client Component SSR]
    ./src/app/alternating-carousel/page.tsx 
[Server Component]


./src/app/alternating-carousel/page.tsx:2:1
Export default doesn't exist in target module
[0m [90m 1 |[39m [32m'use 
client'[39m[33m;[39m
[31m[1m>[22m[39m[90m 2 |[39m 
[36mimport[39m [33mAlternatingCarousel[39m 
[36mfrom[39m [32m'@/components/sections/alter
nating-carousel/AlternatingCarousel'[39m[33m;
[39m
 [90m   |[39m [31m[1m^[22m[39m[31m[1m^[
22m[39m[31m[1m^[22m[39m[31m[1m^[22m[39m
[31m[1m^[22m[39m[31m[1m^[22m[39m[31m[1
m^[22m[39m[31m[1m^[22m[39m[31m[1m^[22m
[39m[31m[1m^[22m[39m[31m[1m^[22m[39m[31
m[1m^[22m[39m[31m[1m^[22m[39m[31m[1m^[
22m[39m[31m[1m^[22m[39m[31m[1m^[22m[39m
[31m[1m^[22m[39m[31m[1m^[22m[39m[31m[1
m^[22m[39m[31m[1m^[22m[39m[31m[1m^[22m
[39m[31m[1m^[22m[39m[31m[1m^[22m[39m[31
m[1m^[22m[39m[31m[1m^[22m[39m[31m[1m^[
22m[39m[31m[1m^[22m[39m[31m[1m^[22m[39m
[31m[1m^[22m[39m[31m[1m^[22m[39m[31m[1
m^[22m[39m[31m[1m^[22m[39m[31m[1m^[22m
[39m[31m[1m^[22m[39m[31m[1m^[22m[39m[31
m[1m^[22m[39m[31m[1m^[22m[39m[31m[1m^[
22m[39m[31m[1m^[22m[39m[31m[1m^[22m[39m
[31m[1m^[22m[39m[31m[1m^[22m[39m[31m[1
m^[22m[39m[31m[1m^[22m[39m[31m[1m^[22m
[39m[31m[1m^[22m[39m[31m[1m^[22m[39m[31
m[1m^[22m[39m[31m[1m^[22m[39m[31m[1m^[
22m[39m[31m[1m^[22m[39m[31m[1m^[22m[39m
[31m[1m^[22m[39m[31m[1m^[22m[39m[31m[1
m^[22m[39m[31m[1m^[22m[39m[31m[1m^[22m
[39m[31m[1m^[22m[39m[31m[1m^[22m[39m[31
m[1m^[22m[39m[31m[1m^[22m[39m[31m[1m^[
22m[39m[31m[1m^[22m[39m[31m[1m^[22m[39m
[31m[1m^[22m[39m[31m[1m^[22m[39m[31m[1
m^[22m[39m[31m[1m^[22m[39m[31m[1m^[22m
[39m[31m[1m^[22m[39m[31m[1m^[22m[39m[31
m[1m^[22m[39m[31m[1m^[22m[39m[31m[1m^[
22m[39m[31m[1m^[22m[39m[31m[1m^[22m[39m
[31m[1m^[22m[39m[31m[1m^[22m[39m[31m[1
m^[22m[39m[31m[1m^[22m[39m[31m[1m^[22m
[39m[31m[1m^[22m[39m[31m[1m^[22m[39m[31
m[1m^[22m[39m[31m[1m^[22m[39m[31m[1m^[
22m[39m[31m[1m^[22m[39m[31m[1m^[22m[39m
[31m[1m^[22m[39m[31m[1m^[22m[39m[31m[1
m^[22m[39m[31m[1m^[22m[39m[31m[1m^[22m
[39m[31m[1m^[22m[39m[31m[1m^[22m[39m[31
m[1m^[22m[39m[31m[1m^[22m[39m
 [90m 3 |[39m [36mimport[39m { 
[33mBackButton[39m } [36mfrom[39m [32m'@/co
mponents/ui/BackButton'[39m[33m;[39m
 [90m 4 |[39m
 [90m 5 |[39m [36mexport[39m 
[36mdefault[39m [36mfunction[39m 
[33mPage[39m() {[0m

The export default was not found in module [proj
ect]/src/components/sections/alternating-carouse
l/AlternatingCarousel.tsx [app-ssr] 
(ecmascript).
Did you mean to import AlternatingCarousel?
All exports of the module are statically known 
(It doesn't have dynamic exports). So it's 
known statically that the requested export 
doesn't exist.

Import traces:
  Server Component:
    ./src/app/alternating-carousel/page.tsx
    ./src/app/page.tsx

  Client Component Browser:
    ./src/app/alternating-carousel/page.tsx 
[Client Component Browser]
    ./src/app/alternating-carousel/page.tsx 
[Server Component]

  Client Component SSR:
    ./src/app/alternating-carousel/page.tsx 
[Client Component SSR]
    ./src/app/alternating-carousel/page.tsx 
[Server Component]


./src/app/auto-feature-selection/page.tsx:2:1
Export default doesn't exist in target module
[0m [90m 1 |[39m [32m'use 
client'[39m[33m;[39m
[31m[1m>[22m[39m[90m 2 |[39m 
[36mimport[39m [33mAutoFeatureSelection[39m 
[36mfrom[39m [32m'@/components/sections/auto-
feature-selection/AutoFeatureSelection'[39m[33
m;[39m
 [90m   |[39m [31m[1m^[22m[39m[31m[1m^[
22m[39m[31m[1m^[22m[39m[31m[1m^[22m[39m
[31m[1m^[22m[39m[31m[1m^[22m[39m[31m[1
m^[22m[39m[31m[1m^[22m[39m[31m[1m^[22m
[39m[31m[1m^[22m[39m[31m[1m^[22m[39m[31
m[1m^[22m[39m[31m[1m^[22m[39m[31m[1m^[
22m[39m[31m[1m^[22m[39m[31m[1m^[22m[39m
[31m[1m^[22m[39m[31m[1m^[22m[39m[31m[1
m^[22m[39m[31m[1m^[22m[39m[31m[1m^[22m
[39m[31m[1m^[22m[39m[31m[1m^[22m[39m[31
m[1m^[22m[39m[31m[1m^[22m[39m[31m[1m^[
22m[39m[31m[1m^[22m[39m[31m[1m^[22m[39m
[31m[1m^[22m[39m[31m[1m^[22m[39m[31m[1
m^[22m[39m[31m[1m^[22m[39m[31m[1m^[22m
[39m[31m[1m^[22m[39m[31m[1m^[22m[39m[31
m[1m^[22m[39m[31m[1m^[22m[39m[31m[1m^[
22m[39m[31m[1m^[22m[39m[31m[1m^[22m[39m
[31m[1m^[22m[39m[31m[1m^[22m[39m[31m[1
m^[22m[39m[31m[1m^[22m[39m[31m[1m^[22m
[39m[31m[1m^[22m[39m[31m[1m^[22m[39m[31
m[1m^[22m[39m[31m[1m^[22m[39m[31m[1m^[
22m[39m[31m[1m^[22m[39m[31m[1m^[22m[39m
[31m[1m^[22m[39m[31m[1m^[22m[39m[31m[1
m^[22m[39m[31m[1m^[22m[39m[31m[1m^[22m
[39m[31m[1m^[22m[39m[31m[1m^[22m[39m[31
m[1m^[22m[39m[31m[1m^[22m[39m[31m[1m^[
22m[39m[31m[1m^[22m[39m[31m[1m^[22m[39m
[31m[1m^[22m[39m[31m[1m^[22m[39m[31m[1
m^[22m[39m[31m[1m^[22m[39m[31m[1m^[22m
[39m[31m[1m^[22m[39m[31m[1m^[22m[39m[31
m[1m^[22m[39m[31m[1m^[22m[39m[31m[1m^[
22m[39m[31m[1m^[22m[39m[31m[1m^[22m[39m
[31m[1m^[22m[39m[31m[1m^[22m[39m[31m[1
m^[22m[39m[31m[1m^[22m[39m[31m[1m^[22m
[39m[31m[1m^[22m[39m[31m[1m^[22m[39m[31
m[1m^[22m[39m[31m[1m^[22m[39m[31m[1m^[
22m[39m[31m[1m^[22m[39m[31m[1m^[22m[39m
[31m[1m^[22m[39m[31m[1m^[22m[39m[31m[1
m^[22m[39m[31m[1m^[22m[39m[31m[1m^[22m
[39m[31m[1m^[22m[39m[31m[1m^[22m[39m[31
m[1m^[22m[39m[31m[1m^[22m[39m[31m[1m^[
22m[39m[31m[1m^[22m[39m[31m[1m^[22m[39m
[31m[1m^[22m[39m
 [90m 3 |[39m [36mimport[39m { 
[33mBackButton[39m } [36mfrom[39m [32m'@/co
mponents/ui/BackButton'[39m[33m;[39m
 [90m 4 |[39m
 [90m 5 |[39m [36mexport[39m 
[36mdefault[39m [36mfunction[39m 
[33mPage[39m() {[0m

The export default was not found in module [proj
ect]/src/components/sections/auto-feature-select
ion/AutoFeatureSelection.tsx [app-client] 
(ecmascript).
Did you mean to import AutoFeatureSelection?
All exports of the module are statically known 
(It doesn't have dynamic exports). So it's 
known statically that the requested export 
doesn't exist.

Import traces:
  Server Component:
    ./src/app/auto-feature-selection/page.tsx
    ./src/app/page.tsx

  Client Component Browser:
    ./src/app/auto-feature-selection/page.tsx 
[Client Component Browser]
    ./src/app/auto-feature-selection/page.tsx 
[Server Component]

  Client Component SSR:
    ./src/app/auto-feature-selection/page.tsx 
[Client Component SSR]
    ./src/app/auto-feature-selection/page.tsx 
[Server Component]


./src/app/auto-feature-selection/page.tsx:2:1
Export default doesn't exist in target module
[0m [90m 1 |[39m [32m'use 
client'[39m[33m;[39m
[31m[1m>[22m[39m[90m 2 |[39m 
[36mimport[39m [33mAutoFeatureSelection[39m 
[36mfrom[39m [32m'@/components/sections/auto-
feature-selection/AutoFeatureSelection'[39m[33
m;[39m
 [90m   |[39m [31m[1m^[22m[39m[31m[1m^[
22m[39m[31m[1m^[22m[39m[31m[1m^[22m[39m
[31m[1m^[22m[39m[31m[1m^[22m[39m[31m[1
m^[22m[39m[31m[1m^[22m[39m[31m[1m^[22m
[39m[31m[1m^[22m[39m[31m[1m^[22m[39m[31
m[1m^[22m[39m[31m[1m^[22m[39m[31m[1m^[
22m[39m[31m[1m^[22m[39m[31m[1m^[22m[39m
[31m[1m^[22m[39m[31m[1m^[22m[39m[31m[1
m^[22m[39m[31m[1m^[22m[39m[31m[1m^[22m
[39m[31m[1m^[22m[39m[31m[1m^[22m[39m[31
m[1m^[22m[39m[31m[1m^[22m[39m[31m[1m^[
22m[39m[31m[1m^[22m[39m[31m[1m^[22m[39m
[31m[1m^[22m[39m[31m[1m^[22m[39m[31m[1
m^[22m[39m[31m[1m^[22m[39m[31m[1m^[22m
[39m[31m[1m^[22m[39m[31m[1m^[22m[39m[31
m[1m^[22m[39m[31m[1m^[22m[39m[31m[1m^[
22m[39m[31m[1m^[22m[39m[31m[1m^[22m[39m
[31m[1m^[22m[39m[31m[1m^[22m[39m[31m[1
m^[22m[39m[31m[1m^[22m[39m[31m[1m^[22m
[39m[31m[1m^[22m[39m[31m[1m^[22m[39m[31
m[1m^[22m[39m[31m[1m^[22m[39m[31m[1m^[
22m[39m[31m[1m^[22m[39m[31m[1m^[22m[39m
[31m[1m^[22m[39m[31m[1m^[22m[39m[31m[1
m^[22m[39m[31m[1m^[22m[39m[31m[1m^[22m
[39m[31m[1m^[22m[39m[31m[1m^[22m[39m[31
m[1m^[22m[39m[31m[1m^[22m[39m[31m[1m^[
22m[39m[31m[1m^[22m[39m[31m[1m^[22m[39m
[31m[1m^[22m[39m[31m[1m^[22m[39m[31m[1
m^[22m[39m[31m[1m^[22m[39m[31m[1m^[22m
[39m[31m[1m^[22m[39m[31m[1m^[22m[39m[31
m[1m^[22m[39m[31m[1m^[22m[39m[31m[1m^[
22m[39m[31m[1m^[22m[39m[31m[1m^[22m[39m
[31m[1m^[22m[39m[31m[1m^[22m[39m[31m[1
m^[22m[39m[31m[1m^[22m[39m[31m[1m^[22m
[39m[31m[1m^[22m[39m[31m[1m^[22m[39m[31
m[1m^[22m[39m[31m[1m^[22m[39m[31m[1m^[
22m[39m[31m[1m^[22m[39m[31m[1m^[22m[39m
[31m[1m^[22m[39m[31m[1m^[22m[39m[31m[1
m^[22m[39m[31m[1m^[22m[39m[31m[1m^[22m
[39m[31m[1m^[22m[39m[31m[1m^[22m[39m[31
m[1m^[22m[39m[31m[1m^[22m[39m[31m[1m^[
22m[39m[31m[1m^[22m[39m[31m[1m^[22m[39m
[31m[1m^[22m[39m
 [90m 3 |[39m [36mimport[39m { 
[33mBackButton[39m } [36mfrom[39m [32m'@/co
mponents/ui/BackButton'[39m[33m;[39m
 [90m 4 |[39m
 [90m 5 |[39m [36mexport[39m 
[36mdefault[39m [36mfunction[39m 
[33mPage[39m() {[0m

The export default was not found in module [proj
ect]/src/components/sections/auto-feature-select
ion/AutoFeatureSelection.tsx [app-ssr] 
(ecmascript).
Did you mean to import AutoFeatureSelection?
All exports of the module are statically known 
(It doesn't have dynamic exports). So it's 
known statically that the requested export 
doesn't exist.

Import traces:
  Server Component:
    ./src/app/auto-feature-selection/page.tsx
    ./src/app/page.tsx

  Client Component Browser:
    ./src/app/auto-feature-selection/page.tsx 
[Client Component Browser]
    ./src/app/auto-feature-selection/page.tsx 
[Server Component]

  Client Component SSR:
    ./src/app/auto-feature-selection/page.tsx 
[Client Component SSR]
    ./src/app/auto-feature-selection/page.tsx 
[Server Component]


./src/app/bento-grid-1/page.tsx:2:1
Export default doesn't exist in target module
[0m [90m 1 |[39m [32m'use 
client'[39m[33m;[39m
[31m[1m>[22m[39m[90m 2 |[39m 
[36mimport[39m [33mBentoGrid1[39m 
[36mfrom[39m [32m'@/components/sections/bento
-grid-1/BentoGrid1'[39m[33m;[39m
 [90m   |[39m [31m[1m^[22m[39m[31m[1m^[
22m[39m[31m[1m^[22m[39m[31m[1m^[22m[39m
[31m[1m^[22m[39m[31m[1m^[22m[39m[31m[1
m^[22m[39m[31m[1m^[22m[39m[31m[1m^[22m
[39m[31m[1m^[22m[39m[31m[1m^[22m[39m[31
m[1m^[22m[39m[31m[1m^[22m[39m[31m[1m^[
22m[39m[31m[1m^[22m[39m[31m[1m^[22m[39m
[31m[1m^[22m[39m[31m[1m^[22m[39m[31m[1
m^[22m[39m[31m[1m^[22m[39m[31m[1m^[22m
[39m[31m[1m^[22m[39m[31m[1m^[22m[39m[31
m[1m^[22m[39m[31m[1m^[22m[39m[31m[1m^[
22m[39m[31m[1m^[22m[39m[31m[1m^[22m[39m
[31m[1m^[22m[39m[31m[1m^[22m[39m[31m[1
m^[22m[39m[31m[1m^[22m[39m[31m[1m^[22m
[39m[31m[1m^[22m[39m[31m[1m^[22m[39m[31
m[1m^[22m[39m[31m[1m^[22m[39m[31m[1m^[
22m[39m[31m[1m^[22m[39m[31m[1m^[22m[39m
[31m[1m^[22m[39m[31m[1m^[22m[39m[31m[1
m^[22m[39m[31m[1m^[22m[39m[31m[1m^[22m
[39m[31m[1m^[22m[39m[31m[1m^[22m[39m[31
m[1m^[22m[39m[31m[1m^[22m[39m[31m[1m^[
22m[39m[31m[1m^[22m[39m[31m[1m^[22m[39m
[31m[1m^[22m[39m[31m[1m^[22m[39m[31m[1
m^[22m[39m[31m[1m^[22m[39m[31m[1m^[22m
[39m[31m[1m^[22m[39m[31m[1m^[22m[39m[31
m[1m^[22m[39m[31m[1m^[22m[39m[31m[1m^[
22m[39m[31m[1m^[22m[39m[31m[1m^[22m[39m
[31m[1m^[22m[39m[31m[1m^[22m[39m[31m[1
m^[22m[39m[31m[1m^[22m[39m[31m[1m^[22m
[39m[31m[1m^[22m[39m[31m[1m^[22m[39m
 [90m 3 |[39m [36mimport[39m { 
[33mBackButton[39m } [36mfrom[39m [32m'@/co
mponents/ui/BackButton'[39m[33m;[39m
 [90m 4 |[39m
 [90m 5 |[39m [36mexport[39m 
[36mdefault[39m [36mfunction[39m 
[33mPage[39m() {[0m

The export default was not found in module [proj
ect]/src/components/sections/bento-grid-1/BentoG
rid1.tsx [app-client] (ecmascript).
Did you mean to import BentoGrid1?
All exports of the module are statically known 
(It doesn't have dynamic exports). So it's 
known statically that the requested export 
doesn't exist.

Import traces:
  Server Component:
    ./src/app/bento-grid-1/page.tsx
    ./src/app/page.tsx

  Client Component Browser:
    ./src/app/bento-grid-1/page.tsx [Client 
Component Browser]
    ./src/app/bento-grid-1/page.tsx [Server 
Component]

  Client Component SSR:
    ./src/app/bento-grid-1/page.tsx [Client 
Component SSR]
    ./src/app/bento-grid-1/page.tsx [Server 
Component]


./src/app/bento-grid-1/page.tsx:2:1
Export default doesn't exist in target module
[0m [90m 1 |[39m [32m'use 
client'[39m[33m;[39m
[31m[1m>[22m[39m[90m 2 |[39m 
[36mimport[39m [33mBentoGrid1[39m 
[36mfrom[39m [32m'@/components/sections/bento
-grid-1/BentoGrid1'[39m[33m;[39m
 [90m   |[39m [31m[1m^[22m[39m[31m[1m^[
22m[39m[31m[1m^[22m[39m[31m[1m^[22m[39m
[31m[1m^[22m[39m[31m[1m^[22m[39m[31m[1
m^[22m[39m[31m[1m^[22m[39m[31m[1m^[22m
[39m[31m[1m^[22m[39m[31m[1m^[22m[39m[31
m[1m^[22m[39m[31m[1m^[22m[39m[31m[1m^[
22m[39m[31m[1m^[22m[39m[31m[1m^[22m[39m
[31m[1m^[22m[39m[31m[1m^[22m[39m[31m[1
m^[22m[39m[31m[1m^[22m[39m[31m[1m^[22m
[39m[31m[1m^[22m[39m[31m[1m^[22m[39m[31
m[1m^[22m[39m[31m[1m^[22m[39m[31m[1m^[
22m[39m[31m[1m^[22m[39m[31m[1m^[22m[39m
[31m[1m^[22m[39m[31m[1m^[22m[39m[31m[1
m^[22m[39m[31m[1m^[22m[39m[31m[1m^[22m
[39m[31m[1m^[22m[39m[31m[1m^[22m[39m[31
m[1m^[22m[39m[31m[1m^[22m[39m[31m[1m^[
22m[39m[31m[1m^[22m[39m[31m[1m^[22m[39m
[31m[1m^[22m[39m[31m[1m^[22m[39m[31m[1
m^[22m[39m[31m[1m^[22m[39m[31m[1m^[22m
[39m[31m[1m^[22m[39m[31m[1m^[22m[39m[31
m[1m^[22m[39m[31m[1m^[22m[39m[31m[1m^[
22m[39m[31m[1m^[22m[39m[31m[1m^[22m[39m
[31m[1m^[22m[39m[31m[1m^[22m[39m[31m[1
m^[22m[39m[31m[1m^[22m[39m[31m[1m^[22m
[39m[31m[1m^[22m[39m[31m[1m^[22m[39m[31
m[1m^[22m[39m[31m[1m^[22m[39m[31m[1m^[
22m[39m[31m[1m^[22m[39m[31m[1m^[22m[39m
[31m[1m^[22m[39m[31m[1m^[22m[39m[31m[1
m^[22m[39m[31m[1m^[22m[39m[31m[1m^[22m
[39m[31m[1m^[22m[39m[31m[1m^[22m[39m
 [90m 3 |[39m [36mimport[39m { 
[33mBackButton[39m } [36mfrom[39m [32m'@/co
mponents/ui/BackButton'[39m[33m;[39m
 [90m 4 |[39m
 [90m 5 |[39m [36mexport[39m 
[36mdefault[39m [36mfunction[39m 
[33mPage[39m() {[0m

The export default was not found in module [proj
ect]/src/components/sections/bento-grid-1/BentoG
rid1.tsx [app-ssr] (ecmascript).
Did you mean to import BentoGrid1?
All exports of the module are statically known 
(It doesn't have dynamic exports). So it's 
known statically that the requested export 
doesn't exist.

Import traces:
  Server Component:
    ./src/app/bento-grid-1/page.tsx
    ./src/app/page.tsx

  Client Component Browser:
    ./src/app/bento-grid-1/page.tsx [Client 
Component Browser]
    ./src/app/bento-grid-1/page.tsx [Server 
Component]

  Client Component SSR:
    ./src/app/bento-grid-1/page.tsx [Client 
Component SSR]
    ./src/app/bento-grid-1/page.tsx [Server 
Component]


./src/app/bento-grid-2/page.tsx:2:1
Export default doesn't exist in target module
[0m [90m 1 |[39m [32m'use 
client'[39m[33m;[39m
[31m[1m>[22m[39m[90m 2 |[39m 
[36mimport[39m [33mBentoGrid2[39m 
[36mfrom[39m [32m'@/components/sections/bento
-grid-2/BentoGrid2'[39m[33m;[39m
 [90m   |[39m [31m[1m^[22m[39m[31m[1m^[
22m[39m[31m[1m^[22m[39m[31m[1m^[22m[39m
[31m[1m^[22m[39m[31m[1m^[22m[39m[31m[1
m^[22m[39m[31m[1m^[22m[39m[31m[1m^[22m
[39m[31m[1m^[22m[39m[31m[1m^[22m[39m[31
m[1m^[22m[39m[31m[1m^[22m[39m[31m[1m^[
22m[39m[31m[1m^[22m[39m[31m[1m^[22m[39m
[31m[1m^[22m[39m[31m[1m^[22m[39m[31m[1
m^[22m[39m[31m[1m^[22m[39m[31m[1m^[22m
[39m[31m[1m^[22m[39m[31m[1m^[22m[39m[31
m[1m^[22m[39m[31m[1m^[22m[39m[31m[1m^[
22m[39m[31m[1m^[22m[39m[31m[1m^[22m[39m
[31m[1m^[22m[39m[31m[1m^[22m[39m[31m[1
m^[22m[39m[31m[1m^[22m[39m[31m[1m^[22m
[39m[31m[1m^[22m[39m[31m[1m^[22m[39m[31
m[1m^[22m[39m[31m[1m^[22m[39m[31m[1m^[
22m[39m[31m[1m^[22m[39m[31m[1m^[22m[39m
[31m[1m^[22m[39m[31m[1m^[22m[39m[31m[1
m^[22m[39m[31m[1m^[22m[39m[31m[1m^[22m
[39m[31m[1m^[22m[39m[31m[1m^[22m[39m[31
m[1m^[22m[39m[31m[1m^[22m[39m[31m[1m^[
22m[39m[31m[1m^[22m[39m[31m[1m^[22m[39m
[31m[1m^[22m[39m[31m[1m^[22m[39m[31m[1
m^[22m[39m[31m[1m^[22m[39m[31m[1m^[22m
[39m[31m[1m^[22m[39m[31m[1m^[22m[39m[31
m[1m^[22m[39m[31m[1m^[22m[39m[31m[1m^[
22m[39m[31m[1m^[22m[39m[31m[1m^[22m[39m
[31m[1m^[22m[39m[31m[1m^[22m[39m[31m[1
m^[22m[39m[31m[1m^[22m[39m[31m[1m^[22m
[39m[31m[1m^[22m[39m[31m[1m^[22m[39m
 [90m 3 |[39m [36mimport[39m { 
[33mBackButton[39m } [36mfrom[39m [32m'@/co
mponents/ui/BackButton'[39m[33m;[39m
 [90m 4 |[39m
 [90m 5 |[39m [36mexport[39m 
[36mdefault[39m [36mfunction[39m 
[33mPage[39m() {[0m

The export default was not found in module [proj
ect]/src/components/sections/bento-grid-2/BentoG
rid2.tsx [app-client] (ecmascript).
Did you mean to import BentoGrid2?
All exports of the module are statically known 
(It doesn't have dynamic exports). So it's 
known statically that the requested export 
doesn't exist.

Import traces:
  Server Component:
    ./src/app/bento-grid-2/page.tsx
    ./src/app/page.tsx

  Client Component Browser:
    ./src/app/bento-grid-2/page.tsx [Client 
Component Browser]
    ./src/app/bento-grid-2/page.tsx [Server 
Component]

  Client Component SSR:
    ./src/app/bento-grid-2/page.tsx [Client 
Component SSR]
    ./src/app/bento-grid-2/page.tsx [Server 
Component]


./src/app/bento-grid-2/page.tsx:2:1
Export default doesn't exist in target module
[0m [90m 1 |[39m [32m'use 
client'[39m[33m;[39m
[31m[1m>[22m[39m[90m 2 |[39m 
[36mimport[39m [33mBentoGrid2[39m 
[36mfrom[39m [32m'@/components/sections/bento
-grid-2/BentoGrid2'[39m[33m;[39m
 [90m   |[39m [31m[1m^[22m[39m[31m[1m^[
22m[39m[31m[1m^[22m[39m[31m[1m^[22m[39m
[31m[1m^[22m[39m[31m[1m^[22m[39m[31m[1
m^[22m[39m[31m[1m^[22m[39m[31m[1m^[22m
[39m[31m[1m^[22m[39m[31m[1m^[22m[39m[31
m[1m^[22m[39m[31m[1m^[22m[39m[31m[1m^[
22m[39m[31m[1m^[22m[39m[31m[1m^[22m[39m
[31m[1m^[22m[39m[31m[1m^[22m[39m[31m[1
m^[22m[39m[31m[1m^[22m[39m[31m[1m^[22m
[39m[31m[1m^[22m[39m[31m[1m^[22m[39m[31
m[1m^[22m[39m[31m[1m^[22m[39m[31m[1m^[
22m[39m[31m[1m^[22m[39m[31m[1m^[22m[39m
[31m[1m^[22m[39m[31m[1m^[22m[39m[31m[1
m^[22m[39m[31m[1m^[22m[39m[31m[1m^[22m
[39m[31m[1m^[22m[39m[31m[1m^[22m[39m[31
m[1m^[22m[39m[31m[1m^[22m[39m[31m[1m^[
22m[39m[31m[1m^[22m[39m[31m[1m^[22m[39m
[31m[1m^[22m[39m[31m[1m^[22m[39m[31m[1
m^[22m[39m[31m[1m^[22m[39m[31m[1m^[22m
[39m[31m[1m^[22m[39m[31m[1m^[22m[39m[31
m[1m^[22m[39m[31m[1m^[22m[39m[31m[1m^[
22m[39m[31m[1m^[22m[39m[31m[1m^[22m[39m
[31m[1m^[22m[39m[31m[1m^[22m[39m[31m[1
m^[22m[39m[31m[1m^[22m[39m[31m[1m^[22m
[39m[31m[1m^[22m[39m[31m[1m^[22m[39m[31
m[1m^[22m[39m[31m[1m^[22m[39m[31m[1m^[
22m[39m[31m[1m^[22m[39m[31m[1m^[22m[39m
[31m[1m^[22m[39m[31m[1m^[22m[39m[31m[1
m^[22m[39m[31m[1m^[22m[39m[31m[1m^[22m
[39m[31m[1m^[22m[39m[31m[1m^[22m[39m
 [90m 3 |[39m [36mimport[39m { 
[33mBackButton[39m } [36mfrom[39m [32m'@/co
mponents/ui/BackButton'[39m[33m;[39m
 [90m 4 |[39m
 [90m 5 |[39m [36mexport[39m 
[36mdefault[39m [36mfunction[39m 
[33mPage[39m() {[0m

The export default was not found in module [proj
ect]/src/components/sections/bento-grid-2/BentoG
rid2.tsx [app-ssr] (ecmascript).
Did you mean to import BentoGrid2?
All exports of the module are statically known 
(It doesn't have dynamic exports). So it's 
known statically that the requested export 
doesn't exist.

Import traces:
  Server Component:
    ./src/app/bento-grid-2/page.tsx
    ./src/app/page.tsx

  Client Component Browser:
    ./src/app/bento-grid-2/page.tsx [Client 
Component Browser]
    ./src/app/bento-grid-2/page.tsx [Server 
Component]

  Client Component SSR:
    ./src/app/bento-grid-2/page.tsx [Client 
Component SSR]
    ./src/app/bento-grid-2/page.tsx [Server 
Component]


./src/app/bento-grid-3/page.tsx:2:1
Export default doesn't exist in target module
[0m [90m 1 |[39m [32m'use 
client'[39m[33m;[39m
[31m[1m>[22m[39m[90m 2 |[39m 
[36mimport[39m [33mBentoGrid3[39m 
[36mfrom[39m [32m'@/components/sections/bento
-grid-3/BentoGrid3'[39m[33m;[39m
 [90m   |[39m [31m[1m^[22m[39m[31m[1m^[
22m[39m[31m[1m^[22m[39m[31m[1m^[22m[39m
[31m[1m^[22m[39m[31m[1m^[22m[39m[31m[1
m^[22m[39m[31m[1m^[22m[39m[31m[1m^[22m
[39m[31m[1m^[22m[39m[31m[1m^[22m[39m[31
m[1m^[22m[39m[31m[1m^[22m[39m[31m[1m^[
22m[39m[31m[1m^[22m[39m[31m[1m^[22m[39m
[31m[1m^[22m[39m[31m[1m^[22m[39m[31m[1
m^[22m[39m[31m[1m^[22m[39m[31m[1m^[22m
[39m[31m[1m^[22m[39m[31m[1m^[22m[39m[31
m[1m^[22m[39m[31m[1m^[22m[39m[31m[1m^[
22m[39m[31m[1m^[22m[39m[31m[1m^[22m[39m
[31m[1m^[22m[39m[31m[1m^[22m[39m[31m[1
m^[22m[39m[31m[1m^[22m[39m[31m[1m^[22m
[39m[31m[1m^[22m[39m[31m[1m^[22m[39m[31
m[1m^[22m[39m[31m[1m^[22m[39m[31m[1m^[
22m[39m[31m[1m^[22m[39m[31m[1m^[22m[39m
[31m[1m^[22m[39m[31m[1m^[22m[39m[31m[1
m^[22m[39m[31m[1m^[22m[39m[31m[1m^[22m
[39m[31m[1m^[22m[39m[31m[1m^[22m[39m[31
m[1m^[22m[39m[31m[1m^[22m[39m[31m[1m^[
22m[39m[31m[1m^[22m[39m[31m[1m^[22m[39m
[31m[1m^[22m[39m[31m[1m^[22m[39m[31m[1
m^[22m[39m[31m[1m^[22m[39m[31m[1m^[22m
[39m[31m[1m^[22m[39m[31m[1m^[22m[39m[31
m[1m^[22m[39m[31m[1m^[22m[39m[31m[1m^[
22m[39m[31m[1m^[22m[39m[31m[1m^[22m[39m
[31m[1m^[22m[39m[31m[1m^[22m[39m[31m[1
m^[22m[39m[31m[1m^[22m[39m[31m[1m^[22m
[39m[31m[1m^[22m[39m[31m[1m^[22m[39m
 [90m 3 |[39m [36mimport[39m { 
[33mBackButton[39m } [36mfrom[39m [32m'@/co
mponents/ui/BackButton'[39m[33m;[39m
 [90m 4 |[39m
 [90m 5 |[39m [36mexport[39m 
[36mdefault[39m [36mfunction[39m 
[33mPage[39m() {[0m

The export default was not found in module [proj
ect]/src/components/sections/bento-grid-3/BentoG
rid3.tsx [app-client] (ecmascript).
Did you mean to import BentoGrid3?
All exports of the module are statically known 
(It doesn't have dynamic exports). So it's 
known statically that the requested export 
doesn't exist.

Import traces:
  Server Component:
    ./src/app/bento-grid-3/page.tsx
    ./src/app/page.tsx

  Client Component Browser:
    ./src/app/bento-grid-3/page.tsx [Client 
Component Browser]
    ./src/app/bento-grid-3/page.tsx [Server 
Component]

  Client Component SSR:
    ./src/app/bento-grid-3/page.tsx [Client 
Component SSR]
    ./src/app/bento-grid-3/page.tsx [Server 
Component]


./src/app/bento-grid-3/page.tsx:2:1
Export default doesn't exist in target module
[0m [90m 1 |[39m [32m'use 
client'[39m[33m;[39m
[31m[1m>[22m[39m[90m 2 |[39m 
[36mimport[39m [33mBentoGrid3[39m 
[36mfrom[39m [32m'@/components/sections/bento
-grid-3/BentoGrid3'[39m[33m;[39m
 [90m   |[39m [31m[1m^[22m[39m[31m[1m^[
22m[39m[31m[1m^[22m[39m[31m[1m^[22m[39m
[31m[1m^[22m[39m[31m[1m^[22m[39m[31m[1
m^[22m[39m[31m[1m^[22m[39m[31m[1m^[22m
[39m[31m[1m^[22m[39m[31m[1m^[22m[39m[31
m[1m^[22m[39m[31m[1m^[22m[39m[31m[1m^[
22m[39m[31m[1m^[22m[39m[31m[1m^[22m[39m
[31m[1m^[22m[39m[31m[1m^[22m[39m[31m[1
m^[22m[39m[31m[1m^[22m[39m[31m[1m^[22m
[39m[31m[1m^[22m[39m[31m[1m^[22m[39m[31
m[1m^[22m[39m[31m[1m^[22m[39m[31m[1m^[
22m[39m[31m[1m^[22m[39m[31m[1m^[22m[39m
[31m[1m^[22m[39m[31m[1m^[22m[39m[31m[1
m^[22m[39m[31m[1m^[22m[39m[31m[1m^[22m
[39m[31m[1m^[22m[39m[31m[1m^[22m[39m[31
m[1m^[22m[39m[31m[1m^[22m[39m[31m[1m^[
22m[39m[31m[1m^[22m[39m[31m[1m^[22m[39m
[31m[1m^[22m[39m[31m[1m^[22m[39m[31m[1
m^[22m[39m[31m[1m^[22m[39m[31m[1m^[22m
[39m[31m[1m^[22m[39m[31m[1m^[22m[39m[31
m[1m^[22m[39m[31m[1m^[22m[39m[31m[1m^[
22m[39m[31m[1m^[22m[39m[31m[1m^[22m[39m
[31m[1m^[22m[39m[31m[1m^[22m[39m[31m[1
m^[22m[39m[31m[1m^[22m[39m[31m[1m^[22m
[39m[31m[1m^[22m[39m[31m[1m^[22m[39m[31
m[1m^[22m[39m[31m[1m^[22m[39m[31m[1m^[
22m[39m[31m[1m^[22m[39m[31m[1m^[22m[39m
[31m[1m^[22m[39m[31m[1m^[22m[39m[31m[1
m^[22m[39m[31m[1m^[22m[39m[31m[1m^[22m
[39m[31m[1m^[22m[39m[31m[1m^[22m[39m
 [90m 3 |[39m [36mimport[39m { 
[33mBackButton[39m } [36mfrom[39m [32m'@/co
mponents/ui/BackButton'[39m[33m;[39m
 [90m 4 |[39m
 [90m 5 |[39m [36mexport[39m 
[36mdefault[39m [36mfunction[39m 
[33mPage[39m() {[0m

The export default was not found in module [proj
ect]/src/components/sections/bento-grid-3/BentoG
rid3.tsx [app-ssr] (ecmascript).
Did you mean to import BentoGrid3?
All exports of the module are statically known 
(It doesn't have dynamic exports). So it's 
known statically that the requested export 
doesn't exist.

Import traces:
  Server Component:
    ./src/app/bento-grid-3/page.tsx
    ./src/app/page.tsx

  Client Component Browser:
    ./src/app/bento-grid-3/page.tsx [Client 
Component Browser]
    ./src/app/bento-grid-3/page.tsx [Server 
Component]

  Client Component SSR:
    ./src/app/bento-grid-3/page.tsx [Client 
Component SSR]
    ./src/app/bento-grid-3/page.tsx [Server 
Component]


./src/app/bento-grid-6/page.tsx:2:1
Export default doesn't exist in target module
[0m [90m 1 |[39m [32m'use 
client'[39m[33m;[39m
[31m[1m>[22m[39m[90m 2 |[39m 
[36mimport[39m [33mPropertyBentoGrid[39m 
[36mfrom[39m [32m'@/components/sections/prope
rty-bento-grid/PropertyBentoGrid'[39m[33m;[39
m
 [90m   |[39m [31m[1m^[22m[39m[31m[1m^[
22m[39m[31m[1m^[22m[39m[31m[1m^[22m[39m
[31m[1m^[22m[39m[31m[1m^[22m[39m[31m[1
m^[22m[39m[31m[1m^[22m[39m[31m[1m^[22m
[39m[31m[1m^[22m[39m[31m[1m^[22m[39m[31
m[1m^[22m[39m[31m[1m^[22m[39m[31m[1m^[
22m[39m[31m[1m^[22m[39m[31m[1m^[22m[39m
[31m[1m^[22m[39m[31m[1m^[22m[39m[31m[1
m^[22m[39m[31m[1m^[22m[39m[31m[1m^[22m
[39m[31m[1m^[22m[39m[31m[1m^[22m[39m[31
m[1m^[22m[39m[31m[1m^[22m[39m[31m[1m^[
22m[39m[31m[1m^[22m[39m[31m[1m^[22m[39m
[31m[1m^[22m[39m[31m[1m^[22m[39m[31m[1
m^[22m[39m[31m[1m^[22m[39m[31m[1m^[22m
[39m[31m[1m^[22m[39m[31m[1m^[22m[39m[31
m[1m^[22m[39m[31m[1m^[22m[39m[31m[1m^[
22m[39m[31m[1m^[22m[39m[31m[1m^[22m[39m
[31m[1m^[22m[39m[31m[1m^[22m[39m[31m[1
m^[22m[39m[31m[1m^[22m[39m[31m[1m^[22m
[39m[31m[1m^[22m[39m[31m[1m^[22m[39m[31
m[1m^[22m[39m[31m[1m^[22m[39m[31m[1m^[
22m[39m[31m[1m^[22m[39m[31m[1m^[22m[39m
[31m[1m^[22m[39m[31m[1m^[22m[39m[31m[1
m^[22m[39m[31m[1m^[22m[39m[31m[1m^[22m
[39m[31m[1m^[22m[39m[31m[1m^[22m[39m[31
m[1m^[22m[39m[31m[1m^[22m[39m[31m[1m^[
22m[39m[31m[1m^[22m[39m[31m[1m^[22m[39m
[31m[1m^[22m[39m[31m[1m^[22m[39m[31m[1
m^[22m[39m[31m[1m^[22m[39m[31m[1m^[22m
[39m[31m[1m^[22m[39m[31m[1m^[22m[39m[31
m[1m^[22m[39m[31m[1m^[22m[39m[31m[1m^[
22m[39m[31m[1m^[22m[39m[31m[1m^[22m[39m
[31m[1m^[22m[39m[31m[1m^[22m[39m[31m[1
m^[22m[39m[31m[1m^[22m[39m[31m[1m^[22m
[39m[31m[1m^[22m[39m[31m[1m^[22m[39m[31
m[1m^[22m[39m[31m[1m^[22m[39m[31m[1m^[
22m[39m[31m[1m^[22m[39m[31m[1m^[22m[39m
[31m[1m^[22m[39m[31m[1m^[22m[39m[31m[1
m^[22m[39m[31m[1m^[22m[39m
 [90m 3 |[39m [36mimport[39m { 
[33mBackButton[39m } [36mfrom[39m [32m'@/co
mponents/ui/BackButton'[39m[33m;[39m
 [90m 4 |[39m
 [90m 5 |[39m [36mexport[39m 
[36mdefault[39m [36mfunction[39m 
[33mPage[39m() {[0m

The export default was not found in module [proj
ect]/src/components/sections/property-bento-grid
/PropertyBentoGrid.tsx [app-client] 
(ecmascript).
Did you mean to import PropertyBentoGrid?
All exports of the module are statically known 
(It doesn't have dynamic exports). So it's 
known statically that the requested export 
doesn't exist.

Import traces:
  Server Component:
    ./src/app/bento-grid-6/page.tsx
    ./src/app/page.tsx

  Client Component Browser:
    ./src/app/bento-grid-6/page.tsx [Client 
Component Browser]
    ./src/app/bento-grid-6/page.tsx [Server 
Component]

  Client Component SSR:
    ./src/app/bento-grid-6/page.tsx [Client 
Component SSR]
    ./src/app/bento-grid-6/page.tsx [Server 
Component]


./src/app/bento-grid-6/page.tsx:2:1
Export default doesn't exist in target module
[0m [90m 1 |[39m [32m'use 
client'[39m[33m;[39m
[31m[1m>[22m[39m[90m 2 |[39m 
[36mimport[39m [33mPropertyBentoGrid[39m 
[36mfrom[39m [32m'@/components/sections/prope
rty-bento-grid/PropertyBentoGrid'[39m[33m;[39
m
 [90m   |[39m [31m[1m^[22m[39m[31m[1m^[
22m[39m[31m[1m^[22m[39m[31m[1m^[22m[39m
[31m[1m^[22m[39m[31m[1m^[22m[39m[31m[1
m^[22m[39m[31m[1m^[22m[39m[31m[1m^[22m
[39m[31m[1m^[22m[39m[31m[1m^[22m[39m[31
m[1m^[22m[39m[31m[1m^[22m[39m[31m[1m^[
22m[39m[31m[1m^[22m[39m[31m[1m^[22m[39m
[31m[1m^[22m[39m[31m[1m^[22m[39m[31m[1
m^[22m[39m[31m[1m^[22m[39m[31m[1m^[22m
[39m[31m[1m^[22m[39m[31m[1m^[22m[39m[31
m[1m^[22m[39m[31m[1m^[22m[39m[31m[1m^[
22m[39m[31m[1m^[22m[39m[31m[1m^[22m[39m
[31m[1m^[22m[39m[31m[1m^[22m[39m[31m[1
m^[22m[39m[31m[1m^[22m[39m[31m[1m^[22m
[39m[31m[1m^[22m[39m[31m[1m^[22m[39m[31
m[1m^[22m[39m[31m[1m^[22m[39m[31m[1m^[
22m[39m[31m[1m^[22m[39m[31m[1m^[22m[39m
[31m[1m^[22m[39m[31m[1m^[22m[39m[31m[1
m^[22m[39m[31m[1m^[22m[39m[31m[1m^[22m
[39m[31m[1m^[22m[39m[31m[1m^[22m[39m[31
m[1m^[22m[39m[31m[1m^[22m[39m[31m[1m^[
22m[39m[31m[1m^[22m[39m[31m[1m^[22m[39m
[31m[1m^[22m[39m[31m[1m^[22m[39m[31m[1
m^[22m[39m[31m[1m^[22m[39m[31m[1m^[22m
[39m[31m[1m^[22m[39m[31m[1m^[22m[39m[31
m[1m^[22m[39m[31m[1m^[22m[39m[31m[1m^[
22m[39m[31m[1m^[22m[39m[31m[1m^[22m[39m
[31m[1m^[22m[39m[31m[1m^[22m[39m[31m[1
m^[22m[39m[31m[1m^[22m[39m[31m[1m^[22m
[39m[31m[1m^[22m[39m[31m[1m^[22m[39m[31
m[1m^[22m[39m[31m[1m^[22m[39m[31m[1m^[
22m[39m[31m[1m^[22m[39m[31m[1m^[22m[39m
[31m[1m^[22m[39m[31m[1m^[22m[39m[31m[1
m^[22m[39m[31m[1m^[22m[39m[31m[1m^[22m
[39m[31m[1m^[22m[39m[31m[1m^[22m[39m[31
m[1m^[22m[39m[31m[1m^[22m[39m[31m[1m^[
22m[39m[31m[1m^[22m[39m[31m[1m^[22m[39m
[31m[1m^[22m[39m[31m[1m^[22m[39m[31m[1
m^[22m[39m[31m[1m^[22m[39m
 [90m 3 |[39m [36mimport[39m { 
[33mBackButton[39m } [36mfrom[39m [32m'@/co
mponents/ui/BackButton'[39m[33m;[39m
 [90m 4 |[39m
 [90m 5 |[39m [36mexport[39m 
[36mdefault[39m [36mfunction[39m 
[33mPage[39m() {[0m

The export default was not found in module [proj
ect]/src/components/sections/property-bento-grid
/PropertyBentoGrid.tsx [app-ssr] (ecmascript).
Did you mean to import PropertyBentoGrid?
All exports of the module are statically known 
(It doesn't have dynamic exports). So it's 
known statically that the requested export 
doesn't exist.

Import traces:
  Server Component:
    ./src/app/bento-grid-6/page.tsx
    ./src/app/page.tsx

  Client Component Browser:
    ./src/app/bento-grid-6/page.tsx [Client 
Component Browser]
    ./src/app/bento-grid-6/page.tsx [Server 
Component]

  Client Component SSR:
    ./src/app/bento-grid-6/page.tsx [Client 
Component SSR]
    ./src/app/bento-grid-6/page.tsx [Server 
Component]


./src/app/community-cta/page.tsx:2:1
Export default doesn't exist in target module
[0m [90m 1 |[39m [32m'use 
client'[39m[33m;[39m
[31m[1m>[22m[39m[90m 2 |[39m 
[36mimport[39m [33mCommunityCta[39m 
[36mfrom[39m [32m'@/components/ctas/community
-cta/CommunityCta'[39m[33m;[39m
 [90m   |[39m [31m[1m^[22m[39m[31m[1m^[
22m[39m[31m[1m^[22m[39m[31m[1m^[22m[39m
[31m[1m^[22m[39m[31m[1m^[22m[39m[31m[1
m^[22m[39m[31m[1m^[22m[39m[31m[1m^[22m
[39m[31m[1m^[22m[39m[31m[1m^[22m[39m[31
m[1m^[22m[39m[31m[1m^[22m[39m[31m[1m^[
22m[39m[31m[1m^[22m[39m[31m[1m^[22m[39m
[31m[1m^[22m[39m[31m[1m^[22m[39m[31m[1
m^[22m[39m[31m[1m^[22m[39m[31m[1m^[22m
[39m[31m[1m^[22m[39m[31m[1m^[22m[39m[31
m[1m^[22m[39m[31m[1m^[22m[39m[31m[1m^[
22m[39m[31m[1m^[22m[39m[31m[1m^[22m[39m
[31m[1m^[22m[39m[31m[1m^[22m[39m[31m[1
m^[22m[39m[31m[1m^[22m[39m[31m[1m^[22m
[39m[31m[1m^[22m[39m[31m[1m^[22m[39m[31
m[1m^[22m[39m[31m[1m^[22m[39m[31m[1m^[
22m[39m[31m[1m^[22m[39m[31m[1m^[22m[39m
[31m[1m^[22m[39m[31m[1m^[22m[39m[31m[1
m^[22m[39m[31m[1m^[22m[39m[31m[1m^[22m
[39m[31m[1m^[22m[39m[31m[1m^[22m[39m[31
m[1m^[22m[39m[31m[1m^[22m[39m[31m[1m^[
22m[39m[31m[1m^[22m[39m[31m[1m^[22m[39m
[31m[1m^[22m[39m[31m[1m^[22m[39m[31m[1
m^[22m[39m[31m[1m^[22m[39m[31m[1m^[22m
[39m[31m[1m^[22m[39m[31m[1m^[22m[39m[31
m[1m^[22m[39m[31m[1m^[22m[39m[31m[1m^[
22m[39m[31m[1m^[22m[39m[31m[1m^[22m[39m
[31m[1m^[22m[39m[31m[1m^[22m[39m[31m[1
m^[22m[39m[31m[1m^[22m[39m[31m[1m^[22m
[39m[31m[1m^[22m[39m[31m[1m^[22m[39m[31
m[1m^[22m[39m
 [90m 3 |[39m [36mimport[39m { 
[33mBackButton[39m } [36mfrom[39m [32m'@/co
mponents/ui/BackButton'[39m[33m;[39m
 [90m 4 |[39m
 [90m 5 |[39m [36mexport[39m 
[36mdefault[39m [36mfunction[39m 
[33mPage[39m() {[0m

The export default was not found in module [proj
ect]/src/components/ctas/community-cta/Community
Cta.tsx [app-client] (ecmascript).
Did you mean to import CommunityCta?
All exports of the module are statically known 
(It doesn't have dynamic exports). So it's 
known statically that the requested export 
doesn't exist.

Import traces:
  Server Component:
    ./src/app/community-cta/page.tsx
    ./src/app/page.tsx

  Client Component Browser:
    ./src/app/community-cta/page.tsx [Client 
Component Browser]
    ./src/app/community-cta/page.tsx [Server 
Component]

  Client Component SSR:
    ./src/app/community-cta/page.tsx [Client 
Component SSR]
    ./src/app/community-cta/page.tsx [Server 
Component]


./src/app/community-cta/page.tsx:2:1
Export default doesn't exist in target module
[0m [90m 1 |[39m [32m'use 
client'[39m[33m;[39m
[31m[1m>[22m[39m[90m 2 |[39m 
[36mimport[39m [33mCommunityCta[39m 
[36mfrom[39m [32m'@/components/ctas/community
-cta/CommunityCta'[39m[33m;[39m
 [90m   |[39m [31m[1m^[22m[39m[31m[1m^[
22m[39m[31m[1m^[22m[39m[31m[1m^[22m[39m
[31m[1m^[22m[39m[31m[1m^[22m[39m[31m[1
m^[22m[39m[31m[1m^[22m[39m[31m[1m^[22m
[39m[31m[1m^[22m[39m[31m[1m^[22m[39m[31
m[1m^[22m[39m[31m[1m^[22m[39m[31m[1m^[
22m[39m[31m[1m^[22m[39m[31m[1m^[22m[39m
[31m[1m^[22m[39m[31m[1m^[22m[39m[31m[1
m^[22m[39m[31m[1m^[22m[39m[31m[1m^[22m
[39m[31m[1m^[22m[39m[31m[1m^[22m[39m[31
m[1m^[22m[39m[31m[1m^[22m[39m[31m[1m^[
22m[39m[31m[1m^[22m[39m[31m[1m^[22m[39m
[31m[1m^[22m[39m[31m[1m^[22m[39m[31m[1
m^[22m[39m[31m[1m^[22m[39m[31m[1m^[22m
[39m[31m[1m^[22m[39m[31m[1m^[22m[39m[31
m[1m^[22m[39m[31m[1m^[22m[39m[31m[1m^[
22m[39m[31m[1m^[22m[39m[31m[1m^[22m[39m
[31m[1m^[22m[39m[31m[1m^[22m[39m[31m[1
m^[22m[39m[31m[1m^[22m[39m[31m[1m^[22m
[39m[31m[1m^[22m[39m[31m[1m^[22m[39m[31
m[1m^[22m[39m[31m[1m^[22m[39m[31m[1m^[
22m[39m[31m[1m^[22m[39m[31m[1m^[22m[39m
[31m[1m^[22m[39m[31m[1m^[22m[39m[31m[1
m^[22m[39m[31m[1m^[22m[39m[31m[1m^[22m
[39m[31m[1m^[22m[39m[31m[1m^[22m[39m[31
m[1m^[22m[39m[31m[1m^[22m[39m[31m[1m^[
22m[39m[31m[1m^[22m[39m[31m[1m^[22m[39m
[31m[1m^[22m[39m[31m[1m^[22m[39m[31m[1
m^[22m[39m[31m[1m^[22m[39m[31m[1m^[22m
[39m[31m[1m^[22m[39m[31m[1m^[22m[39m[31
m[1m^[22m[39m
 [90m 3 |[39m [36mimport[39m { 
[33mBackButton[39m } [36mfrom[39m [32m'@/co
mponents/ui/BackButton'[39m[33m;[39m
 [90m 4 |[39m
 [90m 5 |[39m [36mexport[39m 
[36mdefault[39m [36mfunction[39m 
[33mPage[39m() {[0m

The export default was not found in module [proj
ect]/src/components/ctas/community-cta/Community
Cta.tsx [app-ssr] (ecmascript).
Did you mean to import CommunityCta?
All exports of the module are statically known 
(It doesn't have dynamic exports). So it's 
known statically that the requested export 
doesn't exist.

Import traces:
  Server Component:
    ./src/app/community-cta/page.tsx
    ./src/app/page.tsx

  Client Component Browser:
    ./src/app/community-cta/page.tsx [Client 
Component Browser]
    ./src/app/community-cta/page.tsx [Server 
Component]

  Client Component SSR:
    ./src/app/community-cta/page.tsx [Client 
Component SSR]
    ./src/app/community-cta/page.tsx [Server 
Component]


./src/app/faq-premium/page.tsx:2:1
Export default doesn't exist in target module
[0m [90m 1 |[39m [32m'use 
client'[39m[33m;[39m
[31m[1m>[22m[39m[90m 2 |[39m 
[36mimport[39m [33mFaqPremium[39m 
[36mfrom[39m [32m'@/components/faqs/faq-premi
um/FaqPremium'[39m[33m;[39m
 [90m   |[39m [31m[1m^[22m[39m[31m[1m^[
22m[39m[31m[1m^[22m[39m[31m[1m^[22m[39m
[31m[1m^[22m[39m[31m[1m^[22m[39m[31m[1
m^[22m[39m[31m[1m^[22m[39m[31m[1m^[22m
[39m[31m[1m^[22m[39m[31m[1m^[22m[39m[31
m[1m^[22m[39m[31m[1m^[22m[39m[31m[1m^[
22m[39m[31m[1m^[22m[39m[31m[1m^[22m[39m
[31m[1m^[22m[39m[31m[1m^[22m[39m[31m[1
m^[22m[39m[31m[1m^[22m[39m[31m[1m^[22m
[39m[31m[1m^[22m[39m[31m[1m^[22m[39m[31
m[1m^[22m[39m[31m[1m^[22m[39m[31m[1m^[
22m[39m[31m[1m^[22m[39m[31m[1m^[22m[39m
[31m[1m^[22m[39m[31m[1m^[22m[39m[31m[1
m^[22m[39m[31m[1m^[22m[39m[31m[1m^[22m
[39m[31m[1m^[22m[39m[31m[1m^[22m[39m[31
m[1m^[22m[39m[31m[1m^[22m[39m[31m[1m^[
22m[39m[31m[1m^[22m[39m[31m[1m^[22m[39m
[31m[1m^[22m[39m[31m[1m^[22m[39m[31m[1
m^[22m[39m[31m[1m^[22m[39m[31m[1m^[22m
[39m[31m[1m^[22m[39m[31m[1m^[22m[39m[31
m[1m^[22m[39m[31m[1m^[22m[39m[31m[1m^[
22m[39m[31m[1m^[22m[39m[31m[1m^[22m[39m
[31m[1m^[22m[39m[31m[1m^[22m[39m[31m[1
m^[22m[39m[31m[1m^[22m[39m[31m[1m^[22m
[39m[31m[1m^[22m[39m[31m[1m^[22m[39m[31
m[1m^[22m[39m[31m[1m^[22m[39m[31m[1m^[
22m[39m[31m[1m^[22m[39m[31m[1m^[22m[39m
[31m[1m^[22m[39m[31m[1m^[22m[39m
 [90m 3 |[39m [36mimport[39m { 
[33mBackButton[39m } [36mfrom[39m [32m'@/co
mponents/ui/BackButton'[39m[33m;[39m
 [90m 4 |[39m
 [90m 5 |[39m [36mexport[39m 
[36mdefault[39m [36mfunction[39m 
[33mPage[39m() {[0m

The export default was not found in module [proj
ect]/src/components/faqs/faq-premium/FaqPremium.
tsx [app-client] (ecmascript).
Did you mean to import FaqPremium?
All exports of the module are statically known 
(It doesn't have dynamic exports). So it's 
known statically that the requested export 
doesn't exist.

Import traces:
  Server Component:
    ./src/app/faq-premium/page.tsx
    ./src/app/page.tsx

  Client Component Browser:
    ./src/app/faq-premium/page.tsx [Client 
Component Browser]
    ./src/app/faq-premium/page.tsx [Server 
Component]

  Client Component SSR:
    ./src/app/faq-premium/page.tsx [Client 
Component SSR]
    ./src/app/faq-premium/page.tsx [Server 
Component]


./src/app/faq-premium/page.tsx:2:1
Export default doesn't exist in target module
[0m [90m 1 |[39m [32m'use 
client'[39m[33m;[39m
[31m[1m>[22m[39m[90m 2 |[39m 
[36mimport[39m [33mFaqPremium[39m 
[36mfrom[39m [32m'@/components/faqs/faq-premi
um/FaqPremium'[39m[33m;[39m
 [90m   |[39m [31m[1m^[22m[39m[31m[1m^[
22m[39m[31m[1m^[22m[39m[31m[1m^[22m[39m
[31m[1m^[22m[39m[31m[1m^[22m[39m[31m[1
m^[22m[39m[31m[1m^[22m[39m[31m[1m^[22m
[39m[31m[1m^[22m[39m[31m[1m^[22m[39m[31
m[1m^[22m[39m[31m[1m^[22m[39m[31m[1m^[
22m[39m[31m[1m^[22m[39m[31m[1m^[22m[39m
[31m[1m^[22m[39m[31m[1m^[22m[39m[31m[1
m^[22m[39m[31m[1m^[22m[39m[31m[1m^[22m
[39m[31m[1m^[22m[39m[31m[1m^[22m[39m[31
m[1m^[22m[39m[31m[1m^[22m[39m[31m[1m^[
22m[39m[31m[1m^[22m[39m[31m[1m^[22m[39m
[31m[1m^[22m[39m[31m[1m^[22m[39m[31m[1
m^[22m[39m[31m[1m^[22m[39m[31m[1m^[22m
[39m[31m[1m^[22m[39m[31m[1m^[22m[39m[31
m[1m^[22m[39m[31m[1m^[22m[39m[31m[1m^[
22m[39m[31m[1m^[22m[39m[31m[1m^[22m[39m
[31m[1m^[22m[39m[31m[1m^[22m[39m[31m[1
m^[22m[39m[31m[1m^[22m[39m[31m[1m^[22m
[39m[31m[1m^[22m[39m[31m[1m^[22m[39m[31
m[1m^[22m[39m[31m[1m^[22m[39m[31m[1m^[
22m[39m[31m[1m^[22m[39m[31m[1m^[22m[39m
[31m[1m^[22m[39m[31m[1m^[22m[39m[31m[1
m^[22m[39m[31m[1m^[22m[39m[31m[1m^[22m
[39m[31m[1m^[22m[39m[31m[1m^[22m[39m[31
m[1m^[22m[39m[31m[1m^[22m[39m[31m[1m^[
22m[39m[31m[1m^[22m[39m[31m[1m^[22m[39m
[31m[1m^[22m[39m[31m[1m^[22m[39m
 [90m 3 |[39m [36mimport[39m { 
[33mBackButton[39m } [36mfrom[39m [32m'@/co
mponents/ui/BackButton'[39m[33m;[39m
 [90m 4 |[39m
 [90m 5 |[39m [36mexport[39m 
[36mdefault[39m [36mfunction[39m 
[33mPage[39m() {[0m

The export default was not found in module [proj
ect]/src/components/faqs/faq-premium/FaqPremium.
tsx [app-ssr] (ecmascript).
Did you mean to import FaqPremium?
All exports of the module are statically known 
(It doesn't have dynamic exports). So it's 
known statically that the requested export 
doesn't exist.

Import traces:
  Server Component:
    ./src/app/faq-premium/page.tsx
    ./src/app/page.tsx

  Client Component Browser:
    ./src/app/faq-premium/page.tsx [Client 
Component Browser]
    ./src/app/faq-premium/page.tsx [Server 
Component]

  Client Component SSR:
    ./src/app/faq-premium/page.tsx [Client 
Component SSR]
    ./src/app/faq-premium/page.tsx [Server 
Component]


./src/app/feature-1/page.tsx:2:1
Export default doesn't exist in target module
[0m [90m 1 |[39m [32m'use 
client'[39m[33m;[39m
[31m[1m>[22m[39m[90m 2 |[39m 
[36mimport[39m [33mFeature1[39m 
[36mfrom[39m [32m'@/components/sections/featu
re-1/Feature1'[39m[33m;[39m
 [90m   |[39m [31m[1m^[22m[39m[31m[1m^[
22m[39m[31m[1m^[22m[39m[31m[1m^[22m[39m
[31m[1m^[22m[39m[31m[1m^[22m[39m[31m[1
m^[22m[39m[31m[1m^[22m[39m[31m[1m^[22m
[39m[31m[1m^[22m[39m[31m[1m^[22m[39m[31
m[1m^[22m[39m[31m[1m^[22m[39m[31m[1m^[
22m[39m[31m[1m^[22m[39m[31m[1m^[22m[39m
[31m[1m^[22m[39m[31m[1m^[22m[39m[31m[1
m^[22m[39m[31m[1m^[22m[39m[31m[1m^[22m
[39m[31m[1m^[22m[39m[31m[1m^[22m[39m[31
m[1m^[22m[39m[31m[1m^[22m[39m[31m[1m^[
22m[39m[31m[1m^[22m[39m[31m[1m^[22m[39m
[31m[1m^[22m[39m[31m[1m^[22m[39m[31m[1
m^[22m[39m[31m[1m^[22m[39m[31m[1m^[22m
[39m[31m[1m^[22m[39m[31m[1m^[22m[39m[31
m[1m^[22m[39m[31m[1m^[22m[39m[31m[1m^[
22m[39m[31m[1m^[22m[39m[31m[1m^[22m[39m
[31m[1m^[22m[39m[31m[1m^[22m[39m[31m[1
m^[22m[39m[31m[1m^[22m[39m[31m[1m^[22m
[39m[31m[1m^[22m[39m[31m[1m^[22m[39m[31
m[1m^[22m[39m[31m[1m^[22m[39m[31m[1m^[
22m[39m[31m[1m^[22m[39m[31m[1m^[22m[39m
[31m[1m^[22m[39m[31m[1m^[22m[39m[31m[1
m^[22m[39m[31m[1m^[22m[39m[31m[1m^[22m
[39m[31m[1m^[22m[39m[31m[1m^[22m[39m[31
m[1m^[22m[39m[31m[1m^[22m[39m[31m[1m^[
22m[39m[31m[1m^[22m[39m[31m[1m^[22m[39m
 [90m 3 |[39m [36mimport[39m { 
[33mBackButton[39m } [36mfrom[39m [32m'@/co
mponents/ui/BackButton'[39m[33m;[39m
 [90m 4 |[39m
 [90m 5 |[39m [36mexport[39m 
[36mdefault[39m [36mfunction[39m 
[33mPage[39m() {[0m

The export default was not found in module [proj
ect]/src/components/sections/feature-1/Feature1.
tsx [app-client] (ecmascript).
Did you mean to import Feature1?
All exports of the module are statically known 
(It doesn't have dynamic exports). So it's 
known statically that the requested export 
doesn't exist.

Import traces:
  Server Component:
    ./src/app/feature-1/page.tsx
    ./src/app/page.tsx

  Client Component Browser:
    ./src/app/feature-1/page.tsx [Client 
Component Browser]
    ./src/app/feature-1/page.tsx [Server 
Component]

  Client Component SSR:
    ./src/app/feature-1/page.tsx [Client 
Component SSR]
    ./src/app/feature-1/page.tsx [Server 
Component]


./src/app/feature-1/page.tsx:2:1
Export default doesn't exist in target module
[0m [90m 1 |[39m [32m'use 
client'[39m[33m;[39m
[31m[1m>[22m[39m[90m 2 |[39m 
[36mimport[39m [33mFeature1[39m 
[36mfrom[39m [32m'@/components/sections/featu
re-1/Feature1'[39m[33m;[39m
 [90m   |[39m [31m[1m^[22m[39m[31m[1m^[
22m[39m[31m[1m^[22m[39m[31m[1m^[22m[39m
[31m[1m^[22m[39m[31m[1m^[22m[39m[31m[1
m^[22m[39m[31m[1m^[22m[39m[31m[1m^[22m
[39m[31m[1m^[22m[39m[31m[1m^[22m[39m[31
m[1m^[22m[39m[31m[1m^[22m[39m[31m[1m^[
22m[39m[31m[1m^[22m[39m[31m[1m^[22m[39m
[31m[1m^[22m[39m[31m[1m^[22m[39m[31m[1
m^[22m[39m[31m[1m^[22m[39m[31m[1m^[22m
[39m[31m[1m^[22m[39m[31m[1m^[22m[39m[31
m[1m^[22m[39m[31m[1m^[22m[39m[31m[1m^[
22m[39m[31m[1m^[22m[39m[31m[1m^[22m[39m
[31m[1m^[22m[39m[31m[1m^[22m[39m[31m[1
m^[22m[39m[31m[1m^[22m[39m[31m[1m^[22m
[39m[31m[1m^[22m[39m[31m[1m^[22m[39m[31
m[1m^[22m[39m[31m[1m^[22m[39m[31m[1m^[
22m[39m[31m[1m^[22m[39m[31m[1m^[22m[39m
[31m[1m^[22m[39m[31m[1m^[22m[39m[31m[1
m^[22m[39m[31m[1m^[22m[39m[31m[1m^[22m
[39m[31m[1m^[22m[39m[31m[1m^[22m[39m[31
m[1m^[22m[39m[31m[1m^[22m[39m[31m[1m^[
22m[39m[31m[1m^[22m[39m[31m[1m^[22m[39m
[31m[1m^[22m[39m[31m[1m^[22m[39m[31m[1
m^[22m[39m[31m[1m^[22m[39m[31m[1m^[22m
[39m[31m[1m^[22m[39m[31m[1m^[22m[39m[31
m[1m^[22m[39m[31m[1m^[22m[39m[31m[1m^[
22m[39m[31m[1m^[22m[39m[31m[1m^[22m[39m
 [90m 3 |[39m [36mimport[39m { 
[33mBackButton[39m } [36mfrom[39m [32m'@/co
mponents/ui/BackButton'[39m[33m;[39m
 [90m 4 |[39m
 [90m 5 |[39m [36mexport[39m 
[36mdefault[39m [36mfunction[39m 
[33mPage[39m() {[0m

The export default was not found in module [proj
ect]/src/components/sections/feature-1/Feature1.
tsx [app-ssr] (ecmascript).
Did you mean to import Feature1?
All exports of the module are statically known 
(It doesn't have dynamic exports). So it's 
known statically that the requested export 
doesn't exist.

Import traces:
  Server Component:
    ./src/app/feature-1/page.tsx
    ./src/app/page.tsx

  Client Component Browser:
    ./src/app/feature-1/page.tsx [Client 
Component Browser]
    ./src/app/feature-1/page.tsx [Server 
Component]

  Client Component SSR:
    ./src/app/feature-1/page.tsx [Client 
Component SSR]
    ./src/app/feature-1/page.tsx [Server 
Component]


./src/app/feature-2/page.tsx:2:1
Export default doesn't exist in target module
[0m [90m 1 |[39m [32m'use 
client'[39m[33m;[39m
[31m[1m>[22m[39m[90m 2 |[39m 
[36mimport[39m [33mFeature2[39m 
[36mfrom[39m [32m'@/components/sections/featu
re-2/Feature2'[39m[33m;[39m
 [90m   |[39m [31m[1m^[22m[39m[31m[1m^[
22m[39m[31m[1m^[22m[39m[31m[1m^[22m[39m
[31m[1m^[22m[39m[31m[1m^[22m[39m[31m[1
m^[22m[39m[31m[1m^[22m[39m[31m[1m^[22m
[39m[31m[1m^[22m[39m[31m[1m^[22m[39m[31
m[1m^[22m[39m[31m[1m^[22m[39m[31m[1m^[
22m[39m[31m[1m^[22m[39m[31m[1m^[22m[39m
[31m[1m^[22m[39m[31m[1m^[22m[39m[31m[1
m^[22m[39m[31m[1m^[22m[39m[31m[1m^[22m
[39m[31m[1m^[22m[39m[31m[1m^[22m[39m[31
m[1m^[22m[39m[31m[1m^[22m[39m[31m[1m^[
22m[39m[31m[1m^[22m[39m[31m[1m^[22m[39m
[31m[1m^[22m[39m[31m[1m^[22m[39m[31m[1
m^[22m[39m[31m[1m^[22m[39m[31m[1m^[22m
[39m[31m[1m^[22m[39m[31m[1m^[22m[39m[31
m[1m^[22m[39m[31m[1m^[22m[39m[31m[1m^[
22m[39m[31m[1m^[22m[39m[31m[1m^[22m[39m
[31m[1m^[22m[39m[31m[1m^[22m[39m[31m[1
m^[22m[39m[31m[1m^[22m[39m[31m[1m^[22m
[39m[31m[1m^[22m[39m[31m[1m^[22m[39m[31
m[1m^[22m[39m[31m[1m^[22m[39m[31m[1m^[
22m[39m[31m[1m^[22m[39m[31m[1m^[22m[39m
[31m[1m^[22m[39m[31m[1m^[22m[39m[31m[1
m^[22m[39m[31m[1m^[22m[39m[31m[1m^[22m
[39m[31m[1m^[22m[39m[31m[1m^[22m[39m[31
m[1m^[22m[39m[31m[1m^[22m[39m[31m[1m^[
22m[39m[31m[1m^[22m[39m[31m[1m^[22m[39m
 [90m 3 |[39m [36mimport[39m { 
[33mBackButton[39m } [36mfrom[39m [32m'@/co
mponents/ui/BackButton'[39m[33m;[39m
 [90m 4 |[39m
 [90m 5 |[39m [36mexport[39m 
[36mdefault[39m [36mfunction[39m 
[33mPage[39m() {[0m

The export default was not found in module [proj
ect]/src/components/sections/feature-2/Feature2.
tsx [app-client] (ecmascript).
Did you mean to import Feature2?
All exports of the module are statically known 
(It doesn't have dynamic exports). So it's 
known statically that the requested export 
doesn't exist.

Import traces:
  Server Component:
    ./src/app/feature-2/page.tsx
    ./src/app/page.tsx

  Client Component Browser:
    ./src/app/feature-2/page.tsx [Client 
Component Browser]
    ./src/app/feature-2/page.tsx [Server 
Component]

  Client Component SSR:
    ./src/app/feature-2/page.tsx [Client 
Component SSR]
    ./src/app/feature-2/page.tsx [Server 
Component]


./src/app/feature-2/page.tsx:2:1
Export default doesn't exist in target module
[0m [90m 1 |[39m [32m'use 
client'[39m[33m;[39m
[31m[1m>[22m[39m[90m 2 |[39m 
[36mimport[39m [33mFeature2[39m 
[36mfrom[39m [32m'@/components/sections/featu
re-2/Feature2'[39m[33m;[39m
 [90m   |[39m [31m[1m^[22m[39m[31m[1m^[
22m[39m[31m[1m^[22m[39m[31m[1m^[22m[39m
[31m[1m^[22m[39m[31m[1m^[22m[39m[31m[1
m^[22m[39m[31m[1m^[22m[39m[31m[1m^[22m
[39m[31m[1m^[22m[39m[31m[1m^[22m[39m[31
m[1m^[22m[39m[31m[1m^[22m[39m[31m[1m^[
22m[39m[31m[1m^[22m[39m[31m[1m^[22m[39m
[31m[1m^[22m[39m[31m[1m^[22m[39m[31m[1
m^[22m[39m[31m[1m^[22m[39m[31m[1m^[22m
[39m[31m[1m^[22m[39m[31m[1m^[22m[39m[31
m[1m^[22m[39m[31m[1m^[22m[39m[31m[1m^[
22m[39m[31m[1m^[22m[39m[31m[1m^[22m[39m
[31m[1m^[22m[39m[31m[1m^[22m[39m[31m[1
m^[22m[39m[31m[1m^[22m[39m[31m[1m^[22m
[39m[31m[1m^[22m[39m[31m[1m^[22m[39m[31
m[1m^[22m[39m[31m[1m^[22m[39m[31m[1m^[
22m[39m[31m[1m^[22m[39m[31m[1m^[22m[39m
[31m[1m^[22m[39m[31m[1m^[22m[39m[31m[1
m^[22m[39m[31m[1m^[22m[39m[31m[1m^[22m
[39m[31m[1m^[22m[39m[31m[1m^[22m[39m[31
m[1m^[22m[39m[31m[1m^[22m[39m[31m[1m^[
22m[39m[31m[1m^[22m[39m[31m[1m^[22m[39m
[31m[1m^[22m[39m[31m[1m^[22m[39m[31m[1
m^[22m[39m[31m[1m^[22m[39m[31m[1m^[22m
[39m[31m[1m^[22m[39m[31m[1m^[22m[39m[31
m[1m^[22m[39m[31m[1m^[22m[39m[31m[1m^[
22m[39m[31m[1m^[22m[39m[31m[1m^[22m[39m
 [90m 3 |[39m [36mimport[39m { 
[33mBackButton[39m } [36mfrom[39m [32m'@/co
mponents/ui/BackButton'[39m[33m;[39m
 [90m 4 |[39m
 [90m 5 |[39m [36mexport[39m 
[36mdefault[39m [36mfunction[39m 
[33mPage[39m() {[0m

The export default was not found in module [proj
ect]/src/components/sections/feature-2/Feature2.
tsx [app-ssr] (ecmascript).
Did you mean to import Feature2?
All exports of the module are statically known 
(It doesn't have dynamic exports). So it's 
known statically that the requested export 
doesn't exist.

Import traces:
  Server Component:
    ./src/app/feature-2/page.tsx
    ./src/app/page.tsx

  Client Component Browser:
    ./src/app/feature-2/page.tsx [Client 
Component Browser]
    ./src/app/feature-2/page.tsx [Server 
Component]

  Client Component SSR:
    ./src/app/feature-2/page.tsx [Client 
Component SSR]
    ./src/app/feature-2/page.tsx [Server 
Component]


./src/app/feature-selection/page.tsx:2:1
Export default doesn't exist in target module
[0m [90m 1 |[39m [32m'use 
client'[39m[33m;[39m
[31m[1m>[22m[39m[90m 2 |[39m 
[36mimport[39m [33mFeatureSelection[39m 
[36mfrom[39m [32m'@/components/sections/featu
re-selection/FeatureSelection'[39m[33m;[39m
 [90m   |[39m [31m[1m^[22m[39m[31m[1m^[
22m[39m[31m[1m^[22m[39m[31m[1m^[22m[39m
[31m[1m^[22m[39m[31m[1m^[22m[39m[31m[1
m^[22m[39m[31m[1m^[22m[39m[31m[1m^[22m
[39m[31m[1m^[22m[39m[31m[1m^[22m[39m[31
m[1m^[22m[39m[31m[1m^[22m[39m[31m[1m^[
22m[39m[31m[1m^[22m[39m[31m[1m^[22m[39m
[31m[1m^[22m[39m[31m[1m^[22m[39m[31m[1
m^[22m[39m[31m[1m^[22m[39m[31m[1m^[22m
[39m[31m[1m^[22m[39m[31m[1m^[22m[39m[31
m[1m^[22m[39m[31m[1m^[22m[39m[31m[1m^[
22m[39m[31m[1m^[22m[39m[31m[1m^[22m[39m
[31m[1m^[22m[39m[31m[1m^[22m[39m[31m[1
m^[22m[39m[31m[1m^[22m[39m[31m[1m^[22m
[39m[31m[1m^[22m[39m[31m[1m^[22m[39m[31
m[1m^[22m[39m[31m[1m^[22m[39m[31m[1m^[
22m[39m[31m[1m^[22m[39m[31m[1m^[22m[39m
[31m[1m^[22m[39m[31m[1m^[22m[39m[31m[1
m^[22m[39m[31m[1m^[22m[39m[31m[1m^[22m
[39m[31m[1m^[22m[39m[31m[1m^[22m[39m[31
m[1m^[22m[39m[31m[1m^[22m[39m[31m[1m^[
22m[39m[31m[1m^[22m[39m[31m[1m^[22m[39m
[31m[1m^[22m[39m[31m[1m^[22m[39m[31m[1
m^[22m[39m[31m[1m^[22m[39m[31m[1m^[22m
[39m[31m[1m^[22m[39m[31m[1m^[22m[39m[31
m[1m^[22m[39m[31m[1m^[22m[39m[31m[1m^[
22m[39m[31m[1m^[22m[39m[31m[1m^[22m[39m
[31m[1m^[22m[39m[31m[1m^[22m[39m[31m[1
m^[22m[39m[31m[1m^[22m[39m[31m[1m^[22m
[39m[31m[1m^[22m[39m[31m[1m^[22m[39m[31
m[1m^[22m[39m[31m[1m^[22m[39m[31m[1m^[
22m[39m[31m[1m^[22m[39m[31m[1m^[22m[39m
[31m[1m^[22m[39m[31m[1m^[22m[39m[31m[1
m^[22m[39m[31m[1m^[22m[39m[31m[1m^[22m
[39m[31m[1m^[22m[39m[31m[1m^[22m[39m[31
m[1m^[22m[39m[31m[1m^[22m[39m[31m[1m^[
22m[39m[31m[1m^[22m[39m[31m[1m^[22m[39m
 [90m 3 |[39m [36mimport[39m { 
[33mBackButton[39m } [36mfrom[39m [32m'@/co
mponents/ui/BackButton'[39m[33m;[39m
 [90m 4 |[39m
 [90m 5 |[39m [36mexport[39m 
[36mdefault[39m [36mfunction[39m 
[33mPage[39m() {[0m

The export default was not found in module [proj
ect]/src/components/sections/feature-selection/F
eatureSelection.tsx [app-client] (ecmascript).
Did you mean to import FeatureSelection?
All exports of the module are statically known 
(It doesn't have dynamic exports). So it's 
known statically that the requested export 
doesn't exist.

Import traces:
  Server Component:
    ./src/app/feature-selection/page.tsx
    ./src/app/page.tsx

  Client Component Browser:
    ./src/app/feature-selection/page.tsx 
[Client Component Browser]
    ./src/app/feature-selection/page.tsx 
[Server Component]

  Client Component SSR:
    ./src/app/feature-selection/page.tsx 
[Client Component SSR]
    ./src/app/feature-selection/page.tsx 
[Server Component]


./src/app/feature-selection/page.tsx:2:1
Export default doesn't exist in target module
[0m [90m 1 |[39m [32m'use 
client'[39m[33m;[39m
[31m[1m>[22m[39m[90m 2 |[39m 
[36mimport[39m [33mFeatureSelection[39m 
[36mfrom[39m [32m'@/components/sections/featu
re-selection/FeatureSelection'[39m[33m;[39m
 [90m   |[39m [31m[1m^[22m[39m[31m[1m^[
22m[39m[31m[1m^[22m[39m[31m[1m^[22m[39m
[31m[1m^[22m[39m[31m[1m^[22m[39m[31m[1
m^[22m[39m[31m[1m^[22m[39m[31m[1m^[22m
[39m[31m[1m^[22m[39m[31m[1m^[22m[39m[31
m[1m^[22m[39m[31m[1m^[22m[39m[31m[1m^[
22m[39m[31m[1m^[22m[39m[31m[1m^[22m[39m
[31m[1m^[22m[39m[31m[1m^[22m[39m[31m[1
m^[22m[39m[31m[1m^[22m[39m[31m[1m^[22m
[39m[31m[1m^[22m[39m[31m[1m^[22m[39m[31
m[1m^[22m[39m[31m[1m^[22m[39m[31m[1m^[
22m[39m[31m[1m^[22m[39m[31m[1m^[22m[39m
[31m[1m^[22m[39m[31m[1m^[22m[39m[31m[1
m^[22m[39m[31m[1m^[22m[39m[31m[1m^[22m
[39m[31m[1m^[22m[39m[31m[1m^[22m[39m[31
m[1m^[22m[39m[31m[1m^[22m[39m[31m[1m^[
22m[39m[31m[1m^[22m[39m[31m[1m^[22m[39m
[31m[1m^[22m[39m[31m[1m^[22m[39m[31m[1
m^[22m[39m[31m[1m^[22m[39m[31m[1m^[22m
[39m[31m[1m^[22m[39m[31m[1m^[22m[39m[31
m[1m^[22m[39m[31m[1m^[22m[39m[31m[1m^[
22m[39m[31m[1m^[22m[39m[31m[1m^[22m[39m
[31m[1m^[22m[39m[31m[1m^[22m[39m[31m[1
m^[22m[39m[31m[1m^[22m[39m[31m[1m^[22m
[39m[31m[1m^[22m[39m[31m[1m^[22m[39m[31
m[1m^[22m[39m[31m[1m^[22m[39m[31m[1m^[
22m[39m[31m[1m^[22m[39m[31m[1m^[22m[39m
[31m[1m^[22m[39m[31m[1m^[22m[39m[31m[1
m^[22m[39m[31m[1m^[22m[39m[31m[1m^[22m
[39m[31m[1m^[22m[39m[31m[1m^[22m[39m[31
m[1m^[22m[39m[31m[1m^[22m[39m[31m[1m^[
22m[39m[31m[1m^[22m[39m[31m[1m^[22m[39m
[31m[1m^[22m[39m[31m[1m^[22m[39m[31m[1
m^[22m[39m[31m[1m^[22m[39m[31m[1m^[22m
[39m[31m[1m^[22m[39m[31m[1m^[22m[39m[31
m[1m^[22m[39m[31m[1m^[22m[39m[31m[1m^[
22m[39m[31m[1m^[22m[39m[31m[1m^[22m[39m
 [90m 3 |[39m [36mimport[39m { 
[33mBackButton[39m } [36mfrom[39m [32m'@/co
mponents/ui/BackButton'[39m[33m;[39m
 [90m 4 |[39m
 [90m 5 |[39m [36mexport[39m 
[36mdefault[39m [36mfunction[39m 
[33mPage[39m() {[0m

The export default was not found in module [proj
ect]/src/components/sections/feature-selection/F
eatureSelection.tsx [app-ssr] (ecmascript).
Did you mean to import FeatureSelection?
All exports of the module are statically known 
(It doesn't have dynamic exports). So it's 
known statically that the requested export 
doesn't exist.

Import traces:
  Server Component:
    ./src/app/feature-selection/page.tsx
    ./src/app/page.tsx

  Client Component Browser:
    ./src/app/feature-selection/page.tsx 
[Client Component Browser]
    ./src/app/feature-selection/page.tsx 
[Server Component]

  Client Component SSR:
    ./src/app/feature-selection/page.tsx 
[Client Component SSR]
    ./src/app/feature-selection/page.tsx 
[Server Component]


./src/app/footer-1/page.tsx:2:1
Export default doesn't exist in target module
[0m [90m 1 |[39m [32m'use 
client'[39m[33m;[39m
[31m[1m>[22m[39m[90m 2 |[39m 
[36mimport[39m [33mFooter1[39m 
[36mfrom[39m [32m'@/components/sections/foote
r-1/Footer1'[39m[33m;[39m
 [90m   |[39m [31m[1m^[22m[39m[31m[1m^[
22m[39m[31m[1m^[22m[39m[31m[1m^[22m[39m
[31m[1m^[22m[39m[31m[1m^[22m[39m[31m[1
m^[22m[39m[31m[1m^[22m[39m[31m[1m^[22m
[39m[31m[1m^[22m[39m[31m[1m^[22m[39m[31
m[1m^[22m[39m[31m[1m^[22m[39m[31m[1m^[
22m[39m[31m[1m^[22m[39m[31m[1m^[22m[39m
[31m[1m^[22m[39m[31m[1m^[22m[39m[31m[1
m^[22m[39m[31m[1m^[22m[39m[31m[1m^[22m
[39m[31m[1m^[22m[39m[31m[1m^[22m[39m[31
m[1m^[22m[39m[31m[1m^[22m[39m[31m[1m^[
22m[39m[31m[1m^[22m[39m[31m[1m^[22m[39m
[31m[1m^[22m[39m[31m[1m^[22m[39m[31m[1
m^[22m[39m[31m[1m^[22m[39m[31m[1m^[22m
[39m[31m[1m^[22m[39m[31m[1m^[22m[39m[31
m[1m^[22m[39m[31m[1m^[22m[39m[31m[1m^[
22m[39m[31m[1m^[22m[39m[31m[1m^[22m[39m
[31m[1m^[22m[39m[31m[1m^[22m[39m[31m[1
m^[22m[39m[31m[1m^[22m[39m[31m[1m^[22m
[39m[31m[1m^[22m[39m[31m[1m^[22m[39m[31
m[1m^[22m[39m[31m[1m^[22m[39m[31m[1m^[
22m[39m[31m[1m^[22m[39m[31m[1m^[22m[39m
[31m[1m^[22m[39m[31m[1m^[22m[39m[31m[1
m^[22m[39m[31m[1m^[22m[39m[31m[1m^[22m
[39m[31m[1m^[22m[39m[31m[1m^[22m[39m[31
m[1m^[22m[39m[31m[1m^[22m[39m
 [90m 3 |[39m [36mimport[39m { 
[33mBackButton[39m } [36mfrom[39m [32m'@/co
mponents/ui/BackButton'[39m[33m;[39m
 [90m 4 |[39m
 [90m 5 |[39m [36mexport[39m 
[36mdefault[39m [36mfunction[39m 
[33mPage[39m() {[0m

The export default was not found in module [proj
ect]/src/components/sections/footer-1/Footer1.ts
x [app-client] (ecmascript).
Did you mean to import Footer1?
All exports of the module are statically known 
(It doesn't have dynamic exports). So it's 
known statically that the requested export 
doesn't exist.

Import traces:
  Server Component:
    ./src/app/footer-1/page.tsx
    ./src/app/page.tsx

  Client Component Browser:
    ./src/app/footer-1/page.tsx [Client 
Component Browser]
    ./src/app/footer-1/page.tsx [Server 
Component]

  Client Component SSR:
    ./src/app/footer-1/page.tsx [Client 
Component SSR]
    ./src/app/footer-1/page.tsx [Server 
Component]


./src/app/footer-1/page.tsx:2:1
Export default doesn't exist in target module
[0m [90m 1 |[39m [32m'use 
client'[39m[33m;[39m
[31m[1m>[22m[39m[90m 2 |[39m 
[36mimport[39m [33mFooter1[39m 
[36mfrom[39m [32m'@/components/sections/foote
r-1/Footer1'[39m[33m;[39m
 [90m   |[39m [31m[1m^[22m[39m[31m[1m^[
22m[39m[31m[1m^[22m[39m[31m[1m^[22m[39m
[31m[1m^[22m[39m[31m[1m^[22m[39m[31m[1
m^[22m[39m[31m[1m^[22m[39m[31m[1m^[22m
[39m[31m[1m^[22m[39m[31m[1m^[22m[39m[31
m[1m^[22m[39m[31m[1m^[22m[39m[31m[1m^[
22m[39m[31m[1m^[22m[39m[31m[1m^[22m[39m
[31m[1m^[22m[39m[31m[1m^[22m[39m[31m[1
m^[22m[39m[31m[1m^[22m[39m[31m[1m^[22m
[39m[31m[1m^[22m[39m[31m[1m^[22m[39m[31
m[1m^[22m[39m[31m[1m^[22m[39m[31m[1m^[
22m[39m[31m[1m^[22m[39m[31m[1m^[22m[39m
[31m[1m^[22m[39m[31m[1m^[22m[39m[31m[1
m^[22m[39m[31m[1m^[22m[39m[31m[1m^[22m
[39m[31m[1m^[22m[39m[31m[1m^[22m[39m[31
m[1m^[22m[39m[31m[1m^[22m[39m[31m[1m^[
22m[39m[31m[1m^[22m[39m[31m[1m^[22m[39m
[31m[1m^[22m[39m[31m[1m^[22m[39m[31m[1
m^[22m[39m[31m[1m^[22m[39m[31m[1m^[22m
[39m[31m[1m^[22m[39m[31m[1m^[22m[39m[31
m[1m^[22m[39m[31m[1m^[22m[39m[31m[1m^[
22m[39m[31m[1m^[22m[39m[31m[1m^[22m[39m
[31m[1m^[22m[39m[31m[1m^[22m[39m[31m[1
m^[22m[39m[31m[1m^[22m[39m[31m[1m^[22m
[39m[31m[1m^[22m[39m[31m[1m^[22m[39m[31
m[1m^[22m[39m[31m[1m^[22m[39m
 [90m 3 |[39m [36mimport[39m { 
[33mBackButton[39m } [36mfrom[39m [32m'@/co
mponents/ui/BackButton'[39m[33m;[39m
 [90m 4 |[39m
 [90m 5 |[39m [36mexport[39m 
[36mdefault[39m [36mfunction[39m 
[33mPage[39m() {[0m

The export default was not found in module [proj
ect]/src/components/sections/footer-1/Footer1.ts
x [app-ssr] (ecmascript).
Did you mean to import Footer1?
All exports of the module are statically known 
(It doesn't have dynamic exports). So it's 
known statically that the requested export 
doesn't exist.

Import traces:
  Server Component:
    ./src/app/footer-1/page.tsx
    ./src/app/page.tsx

  Client Component Browser:
    ./src/app/footer-1/page.tsx [Client 
Component Browser]
    ./src/app/footer-1/page.tsx [Server 
Component]

  Client Component SSR:
    ./src/app/footer-1/page.tsx [Client 
Component SSR]
    ./src/app/footer-1/page.tsx [Server 
Component]


./src/app/hero-3/page.tsx:2:1
Export default doesn't exist in target module
[0m [90m 1 |[39m [32m'use 
client'[39m[33m;[39m
[31m[1m>[22m[39m[90m 2 |[39m 
[36mimport[39m [33mHero3[39m [36mfrom[39m 
[32m'@/components/sections/hero-3/Hero3'[39m[
33m;[39m
 [90m   |[39m [31m[1m^[22m[39m[31m[1m^[
22m[39m[31m[1m^[22m[39m[31m[1m^[22m[39m
[31m[1m^[22m[39m[31m[1m^[22m[39m[31m[1
m^[22m[39m[31m[1m^[22m[39m[31m[1m^[22m
[39m[31m[1m^[22m[39m[31m[1m^[22m[39m[31
m[1m^[22m[39m[31m[1m^[22m[39m[31m[1m^[
22m[39m[31m[1m^[22m[39m[31m[1m^[22m[39m
[31m[1m^[22m[39m[31m[1m^[22m[39m[31m[1
m^[22m[39m[31m[1m^[22m[39m[31m[1m^[22m
[39m[31m[1m^[22m[39m[31m[1m^[22m[39m[31
m[1m^[22m[39m[31m[1m^[22m[39m[31m[1m^[
22m[39m[31m[1m^[22m[39m[31m[1m^[22m[39m
[31m[1m^[22m[39m[31m[1m^[22m[39m[31m[1
m^[22m[39m[31m[1m^[22m[39m[31m[1m^[22m
[39m[31m[1m^[22m[39m[31m[1m^[22m[39m[31
m[1m^[22m[39m[31m[1m^[22m[39m[31m[1m^[
22m[39m[31m[1m^[22m[39m[31m[1m^[22m[39m
[31m[1m^[22m[39m[31m[1m^[22m[39m[31m[1
m^[22m[39m[31m[1m^[22m[39m[31m[1m^[22m
[39m[31m[1m^[22m[39m[31m[1m^[22m[39m[31
m[1m^[22m[39m[31m[1m^[22m[39m[31m[1m^[
22m[39m[31m[1m^[22m[39m[31m[1m^[22m[39m
[31m[1m^[22m[39m[31m[1m^[22m[39m[31m[1
m^[22m[39m
 [90m 3 |[39m [36mimport[39m { 
[33mBackButton[39m } [36mfrom[39m [32m'@/co
mponents/ui/BackButton'[39m[33m;[39m
 [90m 4 |[39m
 [90m 5 |[39m [36mexport[39m 
[36mdefault[39m [36mfunction[39m 
[33mPage[39m() {[0m

The export default was not found in module [proj
ect]/src/components/sections/hero-3/Hero3.tsx 
[app-client] (ecmascript).
Did you mean to import Hero3?
All exports of the module are statically known 
(It doesn't have dynamic exports). So it's 
known statically that the requested export 
doesn't exist.

Import traces:
  Server Component:
    ./src/app/hero-3/page.tsx
    ./src/app/page.tsx

  Client Component Browser:
    ./src/app/hero-3/page.tsx [Client Component 
Browser]
    ./src/app/hero-3/page.tsx [Server Component]

  Client Component SSR:
    ./src/app/hero-3/page.tsx [Client Component 
SSR]
    ./src/app/hero-3/page.tsx [Server Component]


./src/app/hero-3/page.tsx:2:1
Export default doesn't exist in target module
[0m [90m 1 |[39m [32m'use 
client'[39m[33m;[39m
[31m[1m>[22m[39m[90m 2 |[39m 
[36mimport[39m [33mHero3[39m [36mfrom[39m 
[32m'@/components/sections/hero-3/Hero3'[39m[
33m;[39m
 [90m   |[39m [31m[1m^[22m[39m[31m[1m^[
22m[39m[31m[1m^[22m[39m[31m[1m^[22m[39m
[31m[1m^[22m[39m[31m[1m^[22m[39m[31m[1
m^[22m[39m[31m[1m^[22m[39m[31m[1m^[22m
[39m[31m[1m^[22m[39m[31m[1m^[22m[39m[31
m[1m^[22m[39m[31m[1m^[22m[39m[31m[1m^[
22m[39m[31m[1m^[22m[39m[31m[1m^[22m[39m
[31m[1m^[22m[39m[31m[1m^[22m[39m[31m[1
m^[22m[39m[31m[1m^[22m[39m[31m[1m^[22m
[39m[31m[1m^[22m[39m[31m[1m^[22m[39m[31
m[1m^[22m[39m[31m[1m^[22m[39m[31m[1m^[
22m[39m[31m[1m^[22m[39m[31m[1m^[22m[39m
[31m[1m^[22m[39m[31m[1m^[22m[39m[31m[1
m^[22m[39m[31m[1m^[22m[39m[31m[1m^[22m
[39m[31m[1m^[22m[39m[31m[1m^[22m[39m[31
m[1m^[22m[39m[31m[1m^[22m[39m[31m[1m^[
22m[39m[31m[1m^[22m[39m[31m[1m^[22m[39m
[31m[1m^[22m[39m[31m[1m^[22m[39m[31m[1
m^[22m[39m[31m[1m^[22m[39m[31m[1m^[22m
[39m[31m[1m^[22m[39m[31m[1m^[22m[39m[31
m[1m^[22m[39m[31m[1m^[22m[39m[31m[1m^[
22m[39m[31m[1m^[22m[39m[31m[1m^[22m[39m
[31m[1m^[22m[39m[31m[1m^[22m[39m[31m[1
m^[22m[39m
 [90m 3 |[39m [36mimport[39m { 
[33mBackButton[39m } [36mfrom[39m [32m'@/co
mponents/ui/BackButton'[39m[33m;[39m
 [90m 4 |[39m
 [90m 5 |[39m [36mexport[39m 
[36mdefault[39m [36mfunction[39m 
[33mPage[39m() {[0m

The export default was not found in module [proj
ect]/src/components/sections/hero-3/Hero3.tsx 
[app-ssr] (ecmascript).
Did you mean to import Hero3?
All exports of the module are statically known 
(It doesn't have dynamic exports). So it's 
known statically that the requested export 
doesn't exist.

Import traces:
  Server Component:
    ./src/app/hero-3/page.tsx
    ./src/app/page.tsx

  Client Component Browser:
    ./src/app/hero-3/page.tsx [Client Component 
Browser]
    ./src/app/hero-3/page.tsx [Server Component]

  Client Component SSR:
    ./src/app/hero-3/page.tsx [Client Component 
SSR]
    ./src/app/hero-3/page.tsx [Server Component]


./src/app/hero-4/page.tsx:2:1
Export default doesn't exist in target module
[0m [90m 1 |[39m [32m'use 
client'[39m[33m;[39m
[31m[1m>[22m[39m[90m 2 |[39m 
[36mimport[39m [33mFinancialHero[39m 
[36mfrom[39m [32m'@/components/sections/finan
cial-hero/FinancialHero'[39m[33m;[39m
 [90m   |[39m [31m[1m^[22m[39m[31m[1m^[
22m[39m[31m[1m^[22m[39m[31m[1m^[22m[39m
[31m[1m^[22m[39m[31m[1m^[22m[39m[31m[1
m^[22m[39m[31m[1m^[22m[39m[31m[1m^[22m
[39m[31m[1m^[22m[39m[31m[1m^[22m[39m[31
m[1m^[22m[39m[31m[1m^[22m[39m[31m[1m^[
22m[39m[31m[1m^[22m[39m[31m[1m^[22m[39m
[31m[1m^[22m[39m[31m[1m^[22m[39m[31m[1
m^[22m[39m[31m[1m^[22m[39m[31m[1m^[22m
[39m[31m[1m^[22m[39m[31m[1m^[22m[39m[31
m[1m^[22m[39m[31m[1m^[22m[39m[31m[1m^[
22m[39m[31m[1m^[22m[39m[31m[1m^[22m[39m
[31m[1m^[22m[39m[31m[1m^[22m[39m[31m[1
m^[22m[39m[31m[1m^[22m[39m[31m[1m^[22m
[39m[31m[1m^[22m[39m[31m[1m^[22m[39m[31
m[1m^[22m[39m[31m[1m^[22m[39m[31m[1m^[
22m[39m[31m[1m^[22m[39m[31m[1m^[22m[39m
[31m[1m^[22m[39m[31m[1m^[22m[39m[31m[1
m^[22m[39m[31m[1m^[22m[39m[31m[1m^[22m
[39m[31m[1m^[22m[39m[31m[1m^[22m[39m[31
m[1m^[22m[39m[31m[1m^[22m[39m[31m[1m^[
22m[39m[31m[1m^[22m[39m[31m[1m^[22m[39m
[31m[1m^[22m[39m[31m[1m^[22m[39m[31m[1
m^[22m[39m[31m[1m^[22m[39m[31m[1m^[22m
[39m[31m[1m^[22m[39m[31m[1m^[22m[39m[31
m[1m^[22m[39m[31m[1m^[22m[39m[31m[1m^[
22m[39m[31m[1m^[22m[39m[31m[1m^[22m[39m
[31m[1m^[22m[39m[31m[1m^[22m[39m[31m[1
m^[22m[39m[31m[1m^[22m[39m[31m[1m^[22m
[39m[31m[1m^[22m[39m[31m[1m^[22m[39m[31
m[1m^[22m[39m[31m[1m^[22m[39m[31m[1m^[
22m[39m[31m[1m^[22m[39m[31m[1m^[22m[39m
[31m[1m^[22m[39m[31m[1m^[22m[39m[31m[1
m^[22m[39m
 [90m 3 |[39m [36mimport[39m { 
[33mBackButton[39m } [36mfrom[39m [32m'@/co
mponents/ui/BackButton'[39m[33m;[39m
 [90m 4 |[39m
 [90m 5 |[39m [36mexport[39m 
[36mdefault[39m [36mfunction[39m 
[33mPage[39m() {[0m

The export default was not found in module [proj
ect]/src/components/sections/financial-hero/Fina
ncialHero.tsx [app-client] (ecmascript).
Did you mean to import FinancialHero?
All exports of the module are statically known 
(It doesn't have dynamic exports). So it's 
known statically that the requested export 
doesn't exist.

Import traces:
  Server Component:
    ./src/app/hero-4/page.tsx
    ./src/app/page.tsx

  Client Component Browser:
    ./src/app/hero-4/page.tsx [Client Component 
Browser]
    ./src/app/hero-4/page.tsx [Server Component]

  Client Component SSR:
    ./src/app/hero-4/page.tsx [Client Component 
SSR]
    ./src/app/hero-4/page.tsx [Server Component]


./src/app/hero-4/page.tsx:2:1
Export default doesn't exist in target module
[0m [90m 1 |[39m [32m'use 
client'[39m[33m;[39m
[31m[1m>[22m[39m[90m 2 |[39m 
[36mimport[39m [33mFinancialHero[39m 
[36mfrom[39m [32m'@/components/sections/finan
cial-hero/FinancialHero'[39m[33m;[39m
 [90m   |[39m [31m[1m^[22m[39m[31m[1m^[
22m[39m[31m[1m^[22m[39m[31m[1m^[22m[39m
[31m[1m^[22m[39m[31m[1m^[22m[39m[31m[1
m^[22m[39m[31m[1m^[22m[39m[31m[1m^[22m
[39m[31m[1m^[22m[39m[31m[1m^[22m[39m[31
m[1m^[22m[39m[31m[1m^[22m[39m[31m[1m^[
22m[39m[31m[1m^[22m[39m[31m[1m^[22m[39m
[31m[1m^[22m[39m[31m[1m^[22m[39m[31m[1
m^[22m[39m[31m[1m^[22m[39m[31m[1m^[22m
[39m[31m[1m^[22m[39m[31m[1m^[22m[39m[31
m[1m^[22m[39m[31m[1m^[22m[39m[31m[1m^[
22m[39m[31m[1m^[22m[39m[31m[1m^[22m[39m
[31m[1m^[22m[39m[31m[1m^[22m[39m[31m[1
m^[22m[39m[31m[1m^[22m[39m[31m[1m^[22m
[39m[31m[1m^[22m[39m[31m[1m^[22m[39m[31
m[1m^[22m[39m[31m[1m^[22m[39m[31m[1m^[
22m[39m[31m[1m^[22m[39m[31m[1m^[22m[39m
[31m[1m^[22m[39m[31m[1m^[22m[39m[31m[1
m^[22m[39m[31m[1m^[22m[39m[31m[1m^[22m
[39m[31m[1m^[22m[39m[31m[1m^[22m[39m[31
m[1m^[22m[39m[31m[1m^[22m[39m[31m[1m^[
22m[39m[31m[1m^[22m[39m[31m[1m^[22m[39m
[31m[1m^[22m[39m[31m[1m^[22m[39m[31m[1
m^[22m[39m[31m[1m^[22m[39m[31m[1m^[22m
[39m[31m[1m^[22m[39m[31m[1m^[22m[39m[31
m[1m^[22m[39m[31m[1m^[22m[39m[31m[1m^[
22m[39m[31m[1m^[22m[39m[31m[1m^[22m[39m
[31m[1m^[22m[39m[31m[1m^[22m[39m[31m[1
m^[22m[39m[31m[1m^[22m[39m[31m[1m^[22m
[39m[31m[1m^[22m[39m[31m[1m^[22m[39m[31
m[1m^[22m[39m[31m[1m^[22m[39m[31m[1m^[
22m[39m[31m[1m^[22m[39m[31m[1m^[22m[39m
[31m[1m^[22m[39m[31m[1m^[22m[39m[31m[1
m^[22m[39m
 [90m 3 |[39m [36mimport[39m { 
[33mBackButton[39m } [36mfrom[39m [32m'@/co
mponents/ui/BackButton'[39m[33m;[39m
 [90m 4 |[39m
 [90m 5 |[39m [36mexport[39m 
[36mdefault[39m [36mfunction[39m 
[33mPage[39m() {[0m

The export default was not found in module [proj
ect]/src/components/sections/financial-hero/Fina
ncialHero.tsx [app-ssr] (ecmascript).
Did you mean to import FinancialHero?
All exports of the module are statically known 
(It doesn't have dynamic exports). So it's 
known statically that the requested export 
doesn't exist.

Import traces:
  Server Component:
    ./src/app/hero-4/page.tsx
    ./src/app/page.tsx

  Client Component Browser:
    ./src/app/hero-4/page.tsx [Client Component 
Browser]
    ./src/app/hero-4/page.tsx [Server Component]

  Client Component SSR:
    ./src/app/hero-4/page.tsx [Client Component 
SSR]
    ./src/app/hero-4/page.tsx [Server Component]


./src/app/hero-5/page.tsx:2:1
Export default doesn't exist in target module
[0m [90m 1 |[39m [32m'use 
client'[39m[33m;[39m
[31m[1m>[22m[39m[90m 2 |[39m 
[36mimport[39m [33mHealthHero[39m 
[36mfrom[39m [32m'@/components/sections/healt
h-hero/HealthHero'[39m[33m;[39m
 [90m   |[39m [31m[1m^[22m[39m[31m[1m^[
22m[39m[31m[1m^[22m[39m[31m[1m^[22m[39m
[31m[1m^[22m[39m[31m[1m^[22m[39m[31m[1
m^[22m[39m[31m[1m^[22m[39m[31m[1m^[22m
[39m[31m[1m^[22m[39m[31m[1m^[22m[39m[31
m[1m^[22m[39m[31m[1m^[22m[39m[31m[1m^[
22m[39m[31m[1m^[22m[39m[31m[1m^[22m[39m
[31m[1m^[22m[39m[31m[1m^[22m[39m[31m[1
m^[22m[39m[31m[1m^[22m[39m[31m[1m^[22m
[39m[31m[1m^[22m[39m[31m[1m^[22m[39m[31
m[1m^[22m[39m[31m[1m^[22m[39m[31m[1m^[
22m[39m[31m[1m^[22m[39m[31m[1m^[22m[39m
[31m[1m^[22m[39m[31m[1m^[22m[39m[31m[1
m^[22m[39m[31m[1m^[22m[39m[31m[1m^[22m
[39m[31m[1m^[22m[39m[31m[1m^[22m[39m[31
m[1m^[22m[39m[31m[1m^[22m[39m[31m[1m^[
22m[39m[31m[1m^[22m[39m[31m[1m^[22m[39m
[31m[1m^[22m[39m[31m[1m^[22m[39m[31m[1
m^[22m[39m[31m[1m^[22m[39m[31m[1m^[22m
[39m[31m[1m^[22m[39m[31m[1m^[22m[39m[31
m[1m^[22m[39m[31m[1m^[22m[39m[31m[1m^[
22m[39m[31m[1m^[22m[39m[31m[1m^[22m[39m
[31m[1m^[22m[39m[31m[1m^[22m[39m[31m[1
m^[22m[39m[31m[1m^[22m[39m[31m[1m^[22m
[39m[31m[1m^[22m[39m[31m[1m^[22m[39m[31
m[1m^[22m[39m[31m[1m^[22m[39m[31m[1m^[
22m[39m[31m[1m^[22m[39m[31m[1m^[22m[39m
[31m[1m^[22m[39m[31m[1m^[22m[39m[31m[1
m^[22m[39m[31m[1m^[22m[39m[31m[1m^[22m
[39m[31m[1m^[22m[39m
 [90m 3 |[39m [36mimport[39m { 
[33mBackButton[39m } [36mfrom[39m [32m'@/co
mponents/ui/BackButton'[39m[33m;[39m
 [90m 4 |[39m
 [90m 5 |[39m [36mexport[39m 
[36mdefault[39m [36mfunction[39m 
[33mPage[39m() {[0m

The export default was not found in module [proj
ect]/src/components/sections/health-hero/HealthH
ero.tsx [app-client] (ecmascript).
Did you mean to import HealthHero?
All exports of the module are statically known 
(It doesn't have dynamic exports). So it's 
known statically that the requested export 
doesn't exist.

Import traces:
  Server Component:
    ./src/app/hero-5/page.tsx
    ./src/app/page.tsx

  Client Component Browser:
    ./src/app/hero-5/page.tsx [Client Component 
Browser]
    ./src/app/hero-5/page.tsx [Server Component]

  Client Component SSR:
    ./src/app/hero-5/page.tsx [Client Component 
SSR]
    ./src/app/hero-5/page.tsx [Server Component]


./src/app/hero-5/page.tsx:2:1
Export default doesn't exist in target module
[0m [90m 1 |[39m [32m'use 
client'[39m[33m;[39m
[31m[1m>[22m[39m[90m 2 |[39m 
[36mimport[39m [33mHealthHero[39m 
[36mfrom[39m [32m'@/components/sections/healt
h-hero/HealthHero'[39m[33m;[39m
 [90m   |[39m [31m[1m^[22m[39m[31m[1m^[
22m[39m[31m[1m^[22m[39m[31m[1m^[22m[39m
[31m[1m^[22m[39m[31m[1m^[22m[39m[31m[1
m^[22m[39m[31m[1m^[22m[39m[31m[1m^[22m
[39m[31m[1m^[22m[39m[31m[1m^[22m[39m[31
m[1m^[22m[39m[31m[1m^[22m[39m[31m[1m^[
22m[39m[31m[1m^[22m[39m[31m[1m^[22m[39m
[31m[1m^[22m[39m[31m[1m^[22m[39m[31m[1
m^[22m[39m[31m[1m^[22m[39m[31m[1m^[22m
[39m[31m[1m^[22m[39m[31m[1m^[22m[39m[31
m[1m^[22m[39m[31m[1m^[22m[39m[31m[1m^[
22m[39m[31m[1m^[22m[39m[31m[1m^[22m[39m
[31m[1m^[22m[39m[31m[1m^[22m[39m[31m[1
m^[22m[39m[31m[1m^[22m[39m[31m[1m^[22m
[39m[31m[1m^[22m[39m[31m[1m^[22m[39m[31
m[1m^[22m[39m[31m[1m^[22m[39m[31m[1m^[
22m[39m[31m[1m^[22m[39m[31m[1m^[22m[39m
[31m[1m^[22m[39m[31m[1m^[22m[39m[31m[1
m^[22m[39m[31m[1m^[22m[39m[31m[1m^[22m
[39m[31m[1m^[22m[39m[31m[1m^[22m[39m[31
m[1m^[22m[39m[31m[1m^[22m[39m[31m[1m^[
22m[39m[31m[1m^[22m[39m[31m[1m^[22m[39m
[31m[1m^[22m[39m[31m[1m^[22m[39m[31m[1
m^[22m[39m[31m[1m^[22m[39m[31m[1m^[22m
[39m[31m[1m^[22m[39m[31m[1m^[22m[39m[31
m[1m^[22m[39m[31m[1m^[22m[39m[31m[1m^[
22m[39m[31m[1m^[22m[39m[31m[1m^[22m[39m
[31m[1m^[22m[39m[31m[1m^[22m[39m[31m[1
m^[22m[39m[31m[1m^[22m[39m[31m[1m^[22m
[39m[31m[1m^[22m[39m
 [90m 3 |[39m [36mimport[39m { 
[33mBackButton[39m } [36mfrom[39m [32m'@/co
mponents/ui/BackButton'[39m[33m;[39m
 [90m 4 |[39m
 [90m 5 |[39m [36mexport[39m 
[36mdefault[39m [36mfunction[39m 
[33mPage[39m() {[0m

The export default was not found in module [proj
ect]/src/components/sections/health-hero/HealthH
ero.tsx [app-ssr] (ecmascript).
Did you mean to import HealthHero?
All exports of the module are statically known 
(It doesn't have dynamic exports). So it's 
known statically that the requested export 
doesn't exist.

Import traces:
  Server Component:
    ./src/app/hero-5/page.tsx
    ./src/app/page.tsx

  Client Component Browser:
    ./src/app/hero-5/page.tsx [Client Component 
Browser]
    ./src/app/hero-5/page.tsx [Server Component]

  Client Component SSR:
    ./src/app/hero-5/page.tsx [Client Component 
SSR]
    ./src/app/hero-5/page.tsx [Server Component]


./src/app/horizontal-cta/page.tsx:2:1
Export default doesn't exist in target module
[0m [90m 1 |[39m [32m'use 
client'[39m[33m;[39m
[31m[1m>[22m[39m[90m 2 |[39m 
[36mimport[39m [33mHorizontalCta[39m 
[36mfrom[39m [32m'@/components/ctas/horizonta
l-cta/HorizontalCta'[39m[33m;[39m
 [90m   |[39m [31m[1m^[22m[39m[31m[1m^[
22m[39m[31m[1m^[22m[39m[31m[1m^[22m[39m
[31m[1m^[22m[39m[31m[1m^[22m[39m[31m[1
m^[22m[39m[31m[1m^[22m[39m[31m[1m^[22m
[39m[31m[1m^[22m[39m[31m[1m^[22m[39m[31
m[1m^[22m[39m[31m[1m^[22m[39m[31m[1m^[
22m[39m[31m[1m^[22m[39m[31m[1m^[22m[39m
[31m[1m^[22m[39m[31m[1m^[22m[39m[31m[1
m^[22m[39m[31m[1m^[22m[39m[31m[1m^[22m
[39m[31m[1m^[22m[39m[31m[1m^[22m[39m[31
m[1m^[22m[39m[31m[1m^[22m[39m[31m[1m^[
22m[39m[31m[1m^[22m[39m[31m[1m^[22m[39m
[31m[1m^[22m[39m[31m[1m^[22m[39m[31m[1
m^[22m[39m[31m[1m^[22m[39m[31m[1m^[22m
[39m[31m[1m^[22m[39m[31m[1m^[22m[39m[31
m[1m^[22m[39m[31m[1m^[22m[39m[31m[1m^[
22m[39m[31m[1m^[22m[39m[31m[1m^[22m[39m
[31m[1m^[22m[39m[31m[1m^[22m[39m[31m[1
m^[22m[39m[31m[1m^[22m[39m[31m[1m^[22m
[39m[31m[1m^[22m[39m[31m[1m^[22m[39m[31
m[1m^[22m[39m[31m[1m^[22m[39m[31m[1m^[
22m[39m[31m[1m^[22m[39m[31m[1m^[22m[39m
[31m[1m^[22m[39m[31m[1m^[22m[39m[31m[1
m^[22m[39m[31m[1m^[22m[39m[31m[1m^[22m
[39m[31m[1m^[22m[39m[31m[1m^[22m[39m[31
m[1m^[22m[39m[31m[1m^[22m[39m[31m[1m^[
22m[39m[31m[1m^[22m[39m[31m[1m^[22m[39m
[31m[1m^[22m[39m[31m[1m^[22m[39m[31m[1
m^[22m[39m[31m[1m^[22m[39m[31m[1m^[22m
[39m[31m[1m^[22m[39m[31m[1m^[22m[39m[31
m[1m^[22m[39m[31m[1m^[22m[39m[31m[1m^[
22m[39m[31m[1m^[22m[39m
 [90m 3 |[39m [36mimport[39m { 
[33mBackButton[39m } [36mfrom[39m [32m'@/co
mponents/ui/BackButton'[39m[33m;[39m
 [90m 4 |[39m
 [90m 5 |[39m [36mexport[39m 
[36mdefault[39m [36mfunction[39m 
[33mPage[39m() {[0m

The export default was not found in module [proj
ect]/src/components/ctas/horizontal-cta/Horizont
alCta.tsx [app-client] (ecmascript).
Did you mean to import HorizontalCta?
All exports of the module are statically known 
(It doesn't have dynamic exports). So it's 
known statically that the requested export 
doesn't exist.

Import traces:
  Server Component:
    ./src/app/horizontal-cta/page.tsx
    ./src/app/page.tsx

  Client Component Browser:
    ./src/app/horizontal-cta/page.tsx [Client 
Component Browser]
    ./src/app/horizontal-cta/page.tsx [Server 
Component]

  Client Component SSR:
    ./src/app/horizontal-cta/page.tsx [Client 
Component SSR]
    ./src/app/horizontal-cta/page.tsx [Server 
Component]


./src/app/horizontal-cta/page.tsx:2:1
Export default doesn't exist in target module
[0m [90m 1 |[39m [32m'use 
client'[39m[33m;[39m
[31m[1m>[22m[39m[90m 2 |[39m 
[36mimport[39m [33mHorizontalCta[39m 
[36mfrom[39m [32m'@/components/ctas/horizonta
l-cta/HorizontalCta'[39m[33m;[39m
 [90m   |[39m [31m[1m^[22m[39m[31m[1m^[
22m[39m[31m[1m^[22m[39m[31m[1m^[22m[39m
[31m[1m^[22m[39m[31m[1m^[22m[39m[31m[1
m^[22m[39m[31m[1m^[22m[39m[31m[1m^[22m
[39m[31m[1m^[22m[39m[31m[1m^[22m[39m[31
m[1m^[22m[39m[31m[1m^[22m[39m[31m[1m^[
22m[39m[31m[1m^[22m[39m[31m[1m^[22m[39m
[31m[1m^[22m[39m[31m[1m^[22m[39m[31m[1
m^[22m[39m[31m[1m^[22m[39m[31m[1m^[22m
[39m[31m[1m^[22m[39m[31m[1m^[22m[39m[31
m[1m^[22m[39m[31m[1m^[22m[39m[31m[1m^[
22m[39m[31m[1m^[22m[39m[31m[1m^[22m[39m
[31m[1m^[22m[39m[31m[1m^[22m[39m[31m[1
m^[22m[39m[31m[1m^[22m[39m[31m[1m^[22m
[39m[31m[1m^[22m[39m[31m[1m^[22m[39m[31
m[1m^[22m[39m[31m[1m^[22m[39m[31m[1m^[
22m[39m[31m[1m^[22m[39m[31m[1m^[22m[39m
[31m[1m^[22m[39m[31m[1m^[22m[39m[31m[1
m^[22m[39m[31m[1m^[22m[39m[31m[1m^[22m
[39m[31m[1m^[22m[39m[31m[1m^[22m[39m[31
m[1m^[22m[39m[31m[1m^[22m[39m[31m[1m^[
22m[39m[31m[1m^[22m[39m[31m[1m^[22m[39m
[31m[1m^[22m[39m[31m[1m^[22m[39m[31m[1
m^[22m[39m[31m[1m^[22m[39m[31m[1m^[22m
[39m[31m[1m^[22m[39m[31m[1m^[22m[39m[31
m[1m^[22m[39m[31m[1m^[22m[39m[31m[1m^[
22m[39m[31m[1m^[22m[39m[31m[1m^[22m[39m
[31m[1m^[22m[39m[31m[1m^[22m[39m[31m[1
m^[22m[39m[31m[1m^[22m[39m[31m[1m^[22m
[39m[31m[1m^[22m[39m[31m[1m^[22m[39m[31
m[1m^[22m[39m[31m[1m^[22m[39m[31m[1m^[
22m[39m[31m[1m^[22m[39m
 [90m 3 |[39m [36mimport[39m { 
[33mBackButton[39m } [36mfrom[39m [32m'@/co
mponents/ui/BackButton'[39m[33m;[39m
 [90m 4 |[39m
 [90m 5 |[39m [36mexport[39m 
[36mdefault[39m [36mfunction[39m 
[33mPage[39m() {[0m

The export default was not found in module [proj
ect]/src/components/ctas/horizontal-cta/Horizont
alCta.tsx [app-ssr] (ecmascript).
Did you mean to import HorizontalCta?
All exports of the module are statically known 
(It doesn't have dynamic exports). So it's 
known statically that the requested export 
doesn't exist.

Import traces:
  Server Component:
    ./src/app/horizontal-cta/page.tsx
    ./src/app/page.tsx

  Client Component Browser:
    ./src/app/horizontal-cta/page.tsx [Client 
Component Browser]
    ./src/app/horizontal-cta/page.tsx [Server 
Component]

  Client Component SSR:
    ./src/app/horizontal-cta/page.tsx [Client 
Component SSR]
    ./src/app/horizontal-cta/page.tsx [Server 
Component]


./src/app/interactive-product-grid/page.tsx:2:1
Export default doesn't exist in target module
[0m [90m 1 |[39m [32m'use 
client'[39m[33m;[39m
[31m[1m>[22m[39m[90m 2 |[39m 
[36mimport[39m 
[33mInteractiveProductGrid[39m [36mfrom[39m 
[32m'@/components/sections/interactive-product-
grid/InteractiveProductGrid'[39m[33m;[39m
 [90m   |[39m [31m[1m^[22m[39m[31m[1m^[
22m[39m[31m[1m^[22m[39m[31m[1m^[22m[39m
[31m[1m^[22m[39m[31m[1m^[22m[39m[31m[1
m^[22m[39m[31m[1m^[22m[39m[31m[1m^[22m
[39m[31m[1m^[22m[39m[31m[1m^[22m[39m[31
m[1m^[22m[39m[31m[1m^[22m[39m[31m[1m^[
22m[39m[31m[1m^[22m[39m[31m[1m^[22m[39m
[31m[1m^[22m[39m[31m[1m^[22m[39m[31m[1
m^[22m[39m[31m[1m^[22m[39m[31m[1m^[22m
[39m[31m[1m^[22m[39m[31m[1m^[22m[39m[31
m[1m^[22m[39m[31m[1m^[22m[39m[31m[1m^[
22m[39m[31m[1m^[22m[39m[31m[1m^[22m[39m
[31m[1m^[22m[39m[31m[1m^[22m[39m[31m[1
m^[22m[39m[31m[1m^[22m[39m[31m[1m^[22m
[39m[31m[1m^[22m[39m[31m[1m^[22m[39m[31
m[1m^[22m[39m[31m[1m^[22m[39m[31m[1m^[
22m[39m[31m[1m^[22m[39m[31m[1m^[22m[39m
[31m[1m^[22m[39m[31m[1m^[22m[39m[31m[1
m^[22m[39m[31m[1m^[22m[39m[31m[1m^[22m
[39m[31m[1m^[22m[39m[31m[1m^[22m[39m[31
m[1m^[22m[39m[31m[1m^[22m[39m[31m[1m^[
22m[39m[31m[1m^[22m[39m[31m[1m^[22m[39m
[31m[1m^[22m[39m[31m[1m^[22m[39m[31m[1
m^[22m[39m[31m[1m^[22m[39m[31m[1m^[22m
[39m[31m[1m^[22m[39m[31m[1m^[22m[39m[31
m[1m^[22m[39m[31m[1m^[22m[39m[31m[1m^[
22m[39m[31m[1m^[22m[39m[31m[1m^[22m[39m
[31m[1m^[22m[39m[31m[1m^[22m[39m[31m[1
m^[22m[39m[31m[1m^[22m[39m[31m[1m^[22m
[39m[31m[1m^[22m[39m[31m[1m^[22m[39m[31
m[1m^[22m[39m[31m[1m^[22m[39m[31m[1m^[
22m[39m[31m[1m^[22m[39m[31m[1m^[22m[39m
[31m[1m^[22m[39m[31m[1m^[22m[39m[31m[1
m^[22m[39m[31m[1m^[22m[39m[31m[1m^[22m
[39m[31m[1m^[22m[39m[31m[1m^[22m[39m[31
m[1m^[22m[39m[31m[1m^[22m[39m[31m[1m^[
22m[39m[31m[1m^[22m[39m[31m[1m^[22m[39m
[31m[1m^[22m[39m[31m[1m^[22m[39m[31m[1
m^[22m[39m[31m[1m^[22m[39m[31m[1m^[22m
[39m[31m[1m^[22m[39m[31m[1m^[22m[39m[31
m[1m^[22m[39m[31m[1m^[22m[39m[31m[1m^[
22m[39m[31m[1m^[22m[39m[31m[1m^[22m[39m
[31m[1m^[22m[39m[31m[1m^[22m[39m[31m[1
m^[22m[39m[31m[1m^[22m[39m[31m[1m^[22m
[39m[31m[1m^[22m[39m[31m[1m^[22m[39m
 [90m 3 |[39m [36mimport[39m { 
[33mBackButton[39m } [36mfrom[39m [32m'@/co
mponents/ui/BackButton'[39m[33m;[39m
 [90m 4 |[39m
 [90m 5 |[39m [36mexport[39m 
[36mdefault[39m [36mfunction[39m 
[33mPage[39m() {[0m

The export default was not found in module [proj
ect]/src/components/sections/interactive-product
-grid/InteractiveProductGrid.tsx [app-client] 
(ecmascript).
Did you mean to import InteractiveProductGrid?
All exports of the module are statically known 
(It doesn't have dynamic exports). So it's 
known statically that the requested export 
doesn't exist.

Import traces:
  Server Component:
    ./src/app/interactive-product-grid/page.tsx
    ./src/app/page.tsx

  Client Component Browser:
    ./src/app/interactive-product-grid/page.tsx 
[Client Component Browser]
    ./src/app/interactive-product-grid/page.tsx 
[Server Component]

  Client Component SSR:
    ./src/app/interactive-product-grid/page.tsx 
[Client Component SSR]
    ./src/app/interactive-product-grid/page.tsx 
[Server Component]


./src/app/interactive-product-grid/page.tsx:2:1
Export default doesn't exist in target module
[0m [90m 1 |[39m [32m'use 
client'[39m[33m;[39m
[31m[1m>[22m[39m[90m 2 |[39m 
[36mimport[39m 
[33mInteractiveProductGrid[39m [36mfrom[39m 
[32m'@/components/sections/interactive-product-
grid/InteractiveProductGrid'[39m[33m;[39m
 [90m   |[39m [31m[1m^[22m[39m[31m[1m^[
22m[39m[31m[1m^[22m[39m[31m[1m^[22m[39m
[31m[1m^[22m[39m[31m[1m^[22m[39m[31m[1
m^[22m[39m[31m[1m^[22m[39m[31m[1m^[22m
[39m[31m[1m^[22m[39m[31m[1m^[22m[39m[31
m[1m^[22m[39m[31m[1m^[22m[39m[31m[1m^[
22m[39m[31m[1m^[22m[39m[31m[1m^[22m[39m
[31m[1m^[22m[39m[31m[1m^[22m[39m[31m[1
m^[22m[39m[31m[1m^[22m[39m[31m[1m^[22m
[39m[31m[1m^[22m[39m[31m[1m^[22m[39m[31
m[1m^[22m[39m[31m[1m^[22m[39m[31m[1m^[
22m[39m[31m[1m^[22m[39m[31m[1m^[22m[39m
[31m[1m^[22m[39m[31m[1m^[22m[39m[31m[1
m^[22m[39m[31m[1m^[22m[39m[31m[1m^[22m
[39m[31m[1m^[22m[39m[31m[1m^[22m[39m[31
m[1m^[22m[39m[31m[1m^[22m[39m[31m[1m^[
22m[39m[31m[1m^[22m[39m[31m[1m^[22m[39m
[31m[1m^[22m[39m[31m[1m^[22m[39m[31m[1
m^[22m[39m[31m[1m^[22m[39m[31m[1m^[22m
[39m[31m[1m^[22m[39m[31m[1m^[22m[39m[31
m[1m^[22m[39m[31m[1m^[22m[39m[31m[1m^[
22m[39m[31m[1m^[22m[39m[31m[1m^[22m[39m
[31m[1m^[22m[39m[31m[1m^[22m[39m[31m[1
m^[22m[39m[31m[1m^[22m[39m[31m[1m^[22m
[39m[31m[1m^[22m[39m[31m[1m^[22m[39m[31
m[1m^[22m[39m[31m[1m^[22m[39m[31m[1m^[
22m[39m[31m[1m^[22m[39m[31m[1m^[22m[39m
[31m[1m^[22m[39m[31m[1m^[22m[39m[31m[1
m^[22m[39m[31m[1m^[22m[39m[31m[1m^[22m
[39m[31m[1m^[22m[39m[31m[1m^[22m[39m[31
m[1m^[22m[39m[31m[1m^[22m[39m[31m[1m^[
22m[39m[31m[1m^[22m[39m[31m[1m^[22m[39m
[31m[1m^[22m[39m[31m[1m^[22m[39m[31m[1
m^[22m[39m[31m[1m^[22m[39m[31m[1m^[22m
[39m[31m[1m^[22m[39m[31m[1m^[22m[39m[31
m[1m^[22m[39m[31m[1m^[22m[39m[31m[1m^[
22m[39m[31m[1m^[22m[39m[31m[1m^[22m[39m
[31m[1m^[22m[39m[31m[1m^[22m[39m[31m[1
m^[22m[39m[31m[1m^[22m[39m[31m[1m^[22m
[39m[31m[1m^[22m[39m[31m[1m^[22m[39m[31
m[1m^[22m[39m[31m[1m^[22m[39m[31m[1m^[
22m[39m[31m[1m^[22m[39m[31m[1m^[22m[39m
[31m[1m^[22m[39m[31m[1m^[22m[39m[31m[1
m^[22m[39m[31m[1m^[22m[39m[31m[1m^[22m
[39m[31m[1m^[22m[39m[31m[1m^[22m[39m
 [90m 3 |[39m [36mimport[39m { 
[33mBackButton[39m } [36mfrom[39m [32m'@/co
mponents/ui/BackButton'[39m[33m;[39m
 [90m 4 |[39m
 [90m 5 |[39m [36mexport[39m 
[36mdefault[39m [36mfunction[39m 
[33mPage[39m() {[0m

The export default was not found in module [proj
ect]/src/components/sections/interactive-product
-grid/InteractiveProductGrid.tsx [app-ssr] 
(ecmascript).
Did you mean to import InteractiveProductGrid?
All exports of the module are statically known 
(It doesn't have dynamic exports). So it's 
known statically that the requested export 
doesn't exist.

Import traces:
  Server Component:
    ./src/app/interactive-product-grid/page.tsx
    ./src/app/page.tsx

  Client Component Browser:
    ./src/app/interactive-product-grid/page.tsx 
[Client Component Browser]
    ./src/app/interactive-product-grid/page.tsx 
[Server Component]

  Client Component SSR:
    ./src/app/interactive-product-grid/page.tsx 
[Client Component SSR]
    ./src/app/interactive-product-grid/page.tsx 
[Server Component]


./src/app/logo-slider/page.tsx:2:1
Export default doesn't exist in target module
[0m [90m 1 |[39m [32m'use 
client'[39m[33m;[39m
[31m[1m>[22m[39m[90m 2 |[39m 
[36mimport[39m [33mLogoSlider[39m 
[36mfrom[39m [32m'@/components/sections/logo-
slider/LogoSlider'[39m[33m;[39m
 [90m   |[39m [31m[1m^[22m[39m[31m[1m^[
22m[39m[31m[1m^[22m[39m[31m[1m^[22m[39m
[31m[1m^[22m[39m[31m[1m^[22m[39m[31m[1
m^[22m[39m[31m[1m^[22m[39m[31m[1m^[22m
[39m[31m[1m^[22m[39m[31m[1m^[22m[39m[31
m[1m^[22m[39m[31m[1m^[22m[39m[31m[1m^[
22m[39m[31m[1m^[22m[39m[31m[1m^[22m[39m
[31m[1m^[22m[39m[31m[1m^[22m[39m[31m[1
m^[22m[39m[31m[1m^[22m[39m[31m[1m^[22m
[39m[31m[1m^[22m[39m[31m[1m^[22m[39m[31
m[1m^[22m[39m[31m[1m^[22m[39m[31m[1m^[
22m[39m[31m[1m^[22m[39m[31m[1m^[22m[39m
[31m[1m^[22m[39m[31m[1m^[22m[39m[31m[1
m^[22m[39m[31m[1m^[22m[39m[31m[1m^[22m
[39m[31m[1m^[22m[39m[31m[1m^[22m[39m[31
m[1m^[22m[39m[31m[1m^[22m[39m[31m[1m^[
22m[39m[31m[1m^[22m[39m[31m[1m^[22m[39m
[31m[1m^[22m[39m[31m[1m^[22m[39m[31m[1
m^[22m[39m[31m[1m^[22m[39m[31m[1m^[22m
[39m[31m[1m^[22m[39m[31m[1m^[22m[39m[31
m[1m^[22m[39m[31m[1m^[22m[39m[31m[1m^[
22m[39m[31m[1m^[22m[39m[31m[1m^[22m[39m
[31m[1m^[22m[39m[31m[1m^[22m[39m[31m[1
m^[22m[39m[31m[1m^[22m[39m[31m[1m^[22m
[39m[31m[1m^[22m[39m[31m[1m^[22m[39m[31
m[1m^[22m[39m[31m[1m^[22m[39m[31m[1m^[
22m[39m[31m[1m^[22m[39m[31m[1m^[22m[39m
[31m[1m^[22m[39m[31m[1m^[22m[39m[31m[1
m^[22m[39m[31m[1m^[22m[39m[31m[1m^[22m
[39m[31m[1m^[22m[39m
 [90m 3 |[39m [36mimport[39m { 
[33mBackButton[39m } [36mfrom[39m [32m'@/co
mponents/ui/BackButton'[39m[33m;[39m
 [90m 4 |[39m
 [90m 5 |[39m [36mexport[39m 
[36mdefault[39m [36mfunction[39m 
[33mPage[39m() {[0m

The export default was not found in module [proj
ect]/src/components/sections/logo-slider/LogoSli
der.tsx [app-client] (ecmascript).
Did you mean to import LogoSlider?
All exports of the module are statically known 
(It doesn't have dynamic exports). So it's 
known statically that the requested export 
doesn't exist.

Import traces:
  Server Component:
    ./src/app/logo-slider/page.tsx
    ./src/app/page.tsx

  Client Component Browser:
    ./src/app/logo-slider/page.tsx [Client 
Component Browser]
    ./src/app/logo-slider/page.tsx [Server 
Component]

  Client Component SSR:
    ./src/app/logo-slider/page.tsx [Client 
Component SSR]
    ./src/app/logo-slider/page.tsx [Server 
Component]


./src/app/logo-slider/page.tsx:2:1
Export default doesn't exist in target module
[0m [90m 1 |[39m [32m'use 
client'[39m[33m;[39m
[31m[1m>[22m[39m[90m 2 |[39m 
[36mimport[39m [33mLogoSlider[39m 
[36mfrom[39m [32m'@/components/sections/logo-
slider/LogoSlider'[39m[33m;[39m
 [90m   |[39m [31m[1m^[22m[39m[31m[1m^[
22m[39m[31m[1m^[22m[39m[31m[1m^[22m[39m
[31m[1m^[22m[39m[31m[1m^[22m[39m[31m[1
m^[22m[39m[31m[1m^[22m[39m[31m[1m^[22m
[39m[31m[1m^[22m[39m[31m[1m^[22m[39m[31
m[1m^[22m[39m[31m[1m^[22m[39m[31m[1m^[
22m[39m[31m[1m^[22m[39m[31m[1m^[22m[39m
[31m[1m^[22m[39m[31m[1m^[22m[39m[31m[1
m^[22m[39m[31m[1m^[22m[39m[31m[1m^[22m
[39m[31m[1m^[22m[39m[31m[1m^[22m[39m[31
m[1m^[22m[39m[31m[1m^[22m[39m[31m[1m^[
22m[39m[31m[1m^[22m[39m[31m[1m^[22m[39m
[31m[1m^[22m[39m[31m[1m^[22m[39m[31m[1
m^[22m[39m[31m[1m^[22m[39m[31m[1m^[22m
[39m[31m[1m^[22m[39m[31m[1m^[22m[39m[31
m[1m^[22m[39m[31m[1m^[22m[39m[31m[1m^[
22m[39m[31m[1m^[22m[39m[31m[1m^[22m[39m
[31m[1m^[22m[39m[31m[1m^[22m[39m[31m[1
m^[22m[39m[31m[1m^[22m[39m[31m[1m^[22m
[39m[31m[1m^[22m[39m[31m[1m^[22m[39m[31
m[1m^[22m[39m[31m[1m^[22m[39m[31m[1m^[
22m[39m[31m[1m^[22m[39m[31m[1m^[22m[39m
[31m[1m^[22m[39m[31m[1m^[22m[39m[31m[1
m^[22m[39m[31m[1m^[22m[39m[31m[1m^[22m
[39m[31m[1m^[22m[39m[31m[1m^[22m[39m[31
m[1m^[22m[39m[31m[1m^[22m[39m[31m[1m^[
22m[39m[31m[1m^[22m[39m[31m[1m^[22m[39m
[31m[1m^[22m[39m[31m[1m^[22m[39m[31m[1
m^[22m[39m[31m[1m^[22m[39m[31m[1m^[22m
[39m[31m[1m^[22m[39m
 [90m 3 |[39m [36mimport[39m { 
[33mBackButton[39m } [36mfrom[39m [32m'@/co
mponents/ui/BackButton'[39m[33m;[39m
 [90m 4 |[39m
 [90m 5 |[39m [36mexport[39m 
[36mdefault[39m [36mfunction[39m 
[33mPage[39m() {[0m

The export default was not found in module [proj
ect]/src/components/sections/logo-slider/LogoSli
der.tsx [app-ssr] (ecmascript).
Did you mean to import LogoSlider?
All exports of the module are statically known 
(It doesn't have dynamic exports). So it's 
known statically that the requested export 
doesn't exist.

Import traces:
  Server Component:
    ./src/app/logo-slider/page.tsx
    ./src/app/page.tsx

  Client Component Browser:
    ./src/app/logo-slider/page.tsx [Client 
Component Browser]
    ./src/app/logo-slider/page.tsx [Server 
Component]

  Client Component SSR:
    ./src/app/logo-slider/page.tsx [Client 
Component SSR]
    ./src/app/logo-slider/page.tsx [Server 
Component]


./src/app/navbar-2/page.tsx:2:1
Export default doesn't exist in target module
[0m [90m 1 |[39m [32m'use 
client'[39m[33m;[39m
[31m[1m>[22m[39m[90m 2 |[39m 
[36mimport[39m [33mNavbar2[39m 
[36mfrom[39m [32m'@/components/sections/navba
r-2/Navbar2'[39m[33m;[39m
 [90m   |[39m [31m[1m^[22m[39m[31m[1m^[
22m[39m[31m[1m^[22m[39m[31m[1m^[22m[39m
[31m[1m^[22m[39m[31m[1m^[22m[39m[31m[1
m^[22m[39m[31m[1m^[22m[39m[31m[1m^[22m
[39m[31m[1m^[22m[39m[31m[1m^[22m[39m[31
m[1m^[22m[39m[31m[1m^[22m[39m[31m[1m^[
22m[39m[31m[1m^[22m[39m[31m[1m^[22m[39m
[31m[1m^[22m[39m[31m[1m^[22m[39m[31m[1
m^[22m[39m[31m[1m^[22m[39m[31m[1m^[22m
[39m[31m[1m^[22m[39m[31m[1m^[22m[39m[31
m[1m^[22m[39m[31m[1m^[22m[39m[31m[1m^[
22m[39m[31m[1m^[22m[39m[31m[1m^[22m[39m
[31m[1m^[22m[39m[31m[1m^[22m[39m[31m[1
m^[22m[39m[31m[1m^[22m[39m[31m[1m^[22m
[39m[31m[1m^[22m[39m[31m[1m^[22m[39m[31
m[1m^[22m[39m[31m[1m^[22m[39m[31m[1m^[
22m[39m[31m[1m^[22m[39m[31m[1m^[22m[39m
[31m[1m^[22m[39m[31m[1m^[22m[39m[31m[1
m^[22m[39m[31m[1m^[22m[39m[31m[1m^[22m
[39m[31m[1m^[22m[39m[31m[1m^[22m[39m[31
m[1m^[22m[39m[31m[1m^[22m[39m[31m[1m^[
22m[39m[31m[1m^[22m[39m[31m[1m^[22m[39m
[31m[1m^[22m[39m[31m[1m^[22m[39m[31m[1
m^[22m[39m[31m[1m^[22m[39m[31m[1m^[22m
[39m[31m[1m^[22m[39m[31m[1m^[22m[39m[31
m[1m^[22m[39m[31m[1m^[22m[39m
 [90m 3 |[39m [36mimport[39m { 
[33mBackButton[39m } [36mfrom[39m [32m'@/co
mponents/ui/BackButton'[39m[33m;[39m
 [90m 4 |[39m
 [90m 5 |[39m [36mexport[39m 
[36mdefault[39m [36mfunction[39m 
[33mPage[39m() {[0m

The export default was not found in module [proj
ect]/src/components/sections/navbar-2/Navbar2.ts
x [app-client] (ecmascript).
Did you mean to import Navbar2?
All exports of the module are statically known 
(It doesn't have dynamic exports). So it's 
known statically that the requested export 
doesn't exist.

Import traces:
  Server Component:
    ./src/app/navbar-2/page.tsx
    ./src/app/page.tsx

  Client Component Browser:
    ./src/app/navbar-2/page.tsx [Client 
Component Browser]
    ./src/app/navbar-2/page.tsx [Server 
Component]

  Client Component SSR:
    ./src/app/navbar-2/page.tsx [Client 
Component SSR]
    ./src/app/navbar-2/page.tsx [Server 
Component]


./src/app/navbar-2/page.tsx:2:1
Export default doesn't exist in target module
[0m [90m 1 |[39m [32m'use 
client'[39m[33m;[39m
[31m[1m>[22m[39m[90m 2 |[39m 
[36mimport[39m [33mNavbar2[39m 
[36mfrom[39m [32m'@/components/sections/navba
r-2/Navbar2'[39m[33m;[39m
 [90m   |[39m [31m[1m^[22m[39m[31m[1m^[
22m[39m[31m[1m^[22m[39m[31m[1m^[22m[39m
[31m[1m^[22m[39m[31m[1m^[22m[39m[31m[1
m^[22m[39m[31m[1m^[22m[39m[31m[1m^[22m
[39m[31m[1m^[22m[39m[31m[1m^[22m[39m[31
m[1m^[22m[39m[31m[1m^[22m[39m[31m[1m^[
22m[39m[31m[1m^[22m[39m[31m[1m^[22m[39m
[31m[1m^[22m[39m[31m[1m^[22m[39m[31m[1
m^[22m[39m[31m[1m^[22m[39m[31m[1m^[22m
[39m[31m[1m^[22m[39m[31m[1m^[22m[39m[31
m[1m^[22m[39m[31m[1m^[22m[39m[31m[1m^[
22m[39m[31m[1m^[22m[39m[31m[1m^[22m[39m
[31m[1m^[22m[39m[31m[1m^[22m[39m[31m[1
m^[22m[39m[31m[1m^[22m[39m[31m[1m^[22m
[39m[31m[1m^[22m[39m[31m[1m^[22m[39m[31
m[1m^[22m[39m[31m[1m^[22m[39m[31m[1m^[
22m[39m[31m[1m^[22m[39m[31m[1m^[22m[39m
[31m[1m^[22m[39m[31m[1m^[22m[39m[31m[1
m^[22m[39m[31m[1m^[22m[39m[31m[1m^[22m
[39m[31m[1m^[22m[39m[31m[1m^[22m[39m[31
m[1m^[22m[39m[31m[1m^[22m[39m[31m[1m^[
22m[39m[31m[1m^[22m[39m[31m[1m^[22m[39m
[31m[1m^[22m[39m[31m[1m^[22m[39m[31m[1
m^[22m[39m[31m[1m^[22m[39m[31m[1m^[22m
[39m[31m[1m^[22m[39m[31m[1m^[22m[39m[31
m[1m^[22m[39m[31m[1m^[22m[39m
 [90m 3 |[39m [36mimport[39m { 
[33mBackButton[39m } [36mfrom[39m [32m'@/co
mponents/ui/BackButton'[39m[33m;[39m
 [90m 4 |[39m
 [90m 5 |[39m [36mexport[39m 
[36mdefault[39m [36mfunction[39m 
[33mPage[39m() {[0m

The export default was not found in module [proj
ect]/src/components/sections/navbar-2/Navbar2.ts
x [app-ssr] (ecmascript).
Did you mean to import Navbar2?
All exports of the module are statically known 
(It doesn't have dynamic exports). So it's 
known statically that the requested export 
doesn't exist.

Import traces:
  Server Component:
    ./src/app/navbar-2/page.tsx
    ./src/app/page.tsx

  Client Component Browser:
    ./src/app/navbar-2/page.tsx [Client 
Component Browser]
    ./src/app/navbar-2/page.tsx [Server 
Component]

  Client Component SSR:
    ./src/app/navbar-2/page.tsx [Client 
Component SSR]
    ./src/app/navbar-2/page.tsx [Server 
Component]


./src/app/stats-section/page.tsx:2:1
Export default doesn't exist in target module
[0m [90m 1 |[39m [32m'use 
client'[39m[33m;[39m
[31m[1m>[22m[39m[90m 2 |[39m 
[36mimport[39m [33mStatsSection[39m 
[36mfrom[39m [32m'@/components/sections/stats
-section/StatsSection'[39m[33m;[39m
 [90m   |[39m [31m[1m^[22m[39m[31m[1m^[
22m[39m[31m[1m^[22m[39m[31m[1m^[22m[39m
[31m[1m^[22m[39m[31m[1m^[22m[39m[31m[1
m^[22m[39m[31m[1m^[22m[39m[31m[1m^[22m
[39m[31m[1m^[22m[39m[31m[1m^[22m[39m[31
m[1m^[22m[39m[31m[1m^[22m[39m[31m[1m^[
22m[39m[31m[1m^[22m[39m[31m[1m^[22m[39m
[31m[1m^[22m[39m[31m[1m^[22m[39m[31m[1
m^[22m[39m[31m[1m^[22m[39m[31m[1m^[22m
[39m[31m[1m^[22m[39m[31m[1m^[22m[39m[31
m[1m^[22m[39m[31m[1m^[22m[39m[31m[1m^[
22m[39m[31m[1m^[22m[39m[31m[1m^[22m[39m
[31m[1m^[22m[39m[31m[1m^[22m[39m[31m[1
m^[22m[39m[31m[1m^[22m[39m[31m[1m^[22m
[39m[31m[1m^[22m[39m[31m[1m^[22m[39m[31
m[1m^[22m[39m[31m[1m^[22m[39m[31m[1m^[
22m[39m[31m[1m^[22m[39m[31m[1m^[22m[39m
[31m[1m^[22m[39m[31m[1m^[22m[39m[31m[1
m^[22m[39m[31m[1m^[22m[39m[31m[1m^[22m
[39m[31m[1m^[22m[39m[31m[1m^[22m[39m[31
m[1m^[22m[39m[31m[1m^[22m[39m[31m[1m^[
22m[39m[31m[1m^[22m[39m[31m[1m^[22m[39m
[31m[1m^[22m[39m[31m[1m^[22m[39m[31m[1
m^[22m[39m[31m[1m^[22m[39m[31m[1m^[22m
[39m[31m[1m^[22m[39m[31m[1m^[22m[39m[31
m[1m^[22m[39m[31m[1m^[22m[39m[31m[1m^[
22m[39m[31m[1m^[22m[39m[31m[1m^[22m[39m
[31m[1m^[22m[39m[31m[1m^[22m[39m[31m[1
m^[22m[39m[31m[1m^[22m[39m[31m[1m^[22m
[39m[31m[1m^[22m[39m[31m[1m^[22m[39m[31
m[1m^[22m[39m[31m[1m^[22m[39m[31m[1m^[
22m[39m[31m[1m^[22m[39m[31m[1m^[22m[39m
 [90m 3 |[39m [36mimport[39m { 
[33mBackButton[39m } [36mfrom[39m [32m'@/co
mponents/ui/BackButton'[39m[33m;[39m
 [90m 4 |[39m
 [90m 5 |[39m [36mexport[39m 
[36mdefault[39m [36mfunction[39m 
[33mPage[39m() {[0m

The export default was not found in module [proj
ect]/src/components/sections/stats-section/Stats
Section.tsx [app-client] (ecmascript).
Did you mean to import StatsSection?
All exports of the module are statically known 
(It doesn't have dynamic exports). So it's 
known statically that the requested export 
doesn't exist.

Import traces:
  Server Component:
    ./src/app/stats-section/page.tsx
    ./src/app/page.tsx

  Client Component Browser:
    ./src/app/stats-section/page.tsx [Client 
Component Browser]
    ./src/app/stats-section/page.tsx [Server 
Component]

  Client Component SSR:
    ./src/app/stats-section/page.tsx [Client 
Component SSR]
    ./src/app/stats-section/page.tsx [Server 
Component]


./src/app/stats-section/page.tsx:2:1
Export default doesn't exist in target module
[0m [90m 1 |[39m [32m'use 
client'[39m[33m;[39m
[31m[1m>[22m[39m[90m 2 |[39m 
[36mimport[39m [33mStatsSection[39m 
[36mfrom[39m [32m'@/components/sections/stats
-section/StatsSection'[39m[33m;[39m
 [90m   |[39m [31m[1m^[22m[39m[31m[1m^[
22m[39m[31m[1m^[22m[39m[31m[1m^[22m[39m
[31m[1m^[22m[39m[31m[1m^[22m[39m[31m[1
m^[22m[39m[31m[1m^[22m[39m[31m[1m^[22m
[39m[31m[1m^[22m[39m[31m[1m^[22m[39m[31
m[1m^[22m[39m[31m[1m^[22m[39m[31m[1m^[
22m[39m[31m[1m^[22m[39m[31m[1m^[22m[39m
[31m[1m^[22m[39m[31m[1m^[22m[39m[31m[1
m^[22m[39m[31m[1m^[22m[39m[31m[1m^[22m
[39m[31m[1m^[22m[39m[31m[1m^[22m[39m[31
m[1m^[22m[39m[31m[1m^[22m[39m[31m[1m^[
22m[39m[31m[1m^[22m[39m[31m[1m^[22m[39m
[31m[1m^[22m[39m[31m[1m^[22m[39m[31m[1
m^[22m[39m[31m[1m^[22m[39m[31m[1m^[22m
[39m[31m[1m^[22m[39m[31m[1m^[22m[39m[31
m[1m^[22m[39m[31m[1m^[22m[39m[31m[1m^[
22m[39m[31m[1m^[22m[39m[31m[1m^[22m[39m
[31m[1m^[22m[39m[31m[1m^[22m[39m[31m[1
m^[22m[39m[31m[1m^[22m[39m[31m[1m^[22m
[39m[31m[1m^[22m[39m[31m[1m^[22m[39m[31
m[1m^[22m[39m[31m[1m^[22m[39m[31m[1m^[
22m[39m[31m[1m^[22m[39m[31m[1m^[22m[39m
[31m[1m^[22m[39m[31m[1m^[22m[39m[31m[1
m^[22m[39m[31m[1m^[22m[39m[31m[1m^[22m
[39m[31m[1m^[22m[39m[31m[1m^[22m[39m[31
m[1m^[22m[39m[31m[1m^[22m[39m[31m[1m^[
22m[39m[31m[1m^[22m[39m[31m[1m^[22m[39m
[31m[1m^[22m[39m[31m[1m^[22m[39m[31m[1
m^[22m[39m[31m[1m^[22m[39m[31m[1m^[22m
[39m[31m[1m^[22m[39m[31m[1m^[22m[39m[31
m[1m^[22m[39m[31m[1m^[22m[39m[31m[1m^[
22m[39m[31m[1m^[22m[39m[31m[1m^[22m[39m
 [90m 3 |[39m [36mimport[39m { 
[33mBackButton[39m } [36mfrom[39m [32m'@/co
mponents/ui/BackButton'[39m[33m;[39m
 [90m 4 |[39m
 [90m 5 |[39m [36mexport[39m 
[36mdefault[39m [36mfunction[39m 
[33mPage[39m() {[0m

The export default was not found in module [proj
ect]/src/components/sections/stats-section/Stats
Section.tsx [app-ssr] (ecmascript).
Did you mean to import StatsSection?
All exports of the module are statically known 
(It doesn't have dynamic exports). So it's 
known statically that the requested export 
doesn't exist.

Import traces:
  Server Component:
    ./src/app/stats-section/page.tsx
    ./src/app/page.tsx

  Client Component Browser:
    ./src/app/stats-section/page.tsx [Client 
Component Browser]
    ./src/app/stats-section/page.tsx [Server 
Component]

  Client Component SSR:
    ./src/app/stats-section/page.tsx [Client 
Component SSR]
    ./src/app/stats-section/page.tsx [Server 
Component]


./src/app/vertical-testimonials/page.tsx:2:1
Export default doesn't exist in target module
[0m [90m 1 |[39m [32m'use 
client'[39m[33m;[39m
[31m[1m>[22m[39m[90m 2 |[39m 
[36mimport[39m [33mVerticalTestimonials[39m 
[36mfrom[39m [32m'@/components/sections/verti
cal-testimonials/VerticalTestimonials'[39m[33m
;[39m
 [90m   |[39m [31m[1m^[22m[39m[31m[1m^[
22m[39m[31m[1m^[22m[39m[31m[1m^[22m[39m
[31m[1m^[22m[39m[31m[1m^[22m[39m[31m[1
m^[22m[39m[31m[1m^[22m[39m[31m[1m^[22m
[39m[31m[1m^[22m[39m[31m[1m^[22m[39m[31
m[1m^[22m[39m[31m[1m^[22m[39m[31m[1m^[
22m[39m[31m[1m^[22m[39m[31m[1m^[22m[39m
[31m[1m^[22m[39m[31m[1m^[22m[39m[31m[1
m^[22m[39m[31m[1m^[22m[39m[31m[1m^[22m
[39m[31m[1m^[22m[39m[31m[1m^[22m[39m[31
m[1m^[22m[39m[31m[1m^[22m[39m[31m[1m^[
22m[39m[31m[1m^[22m[39m[31m[1m^[22m[39m
[31m[1m^[22m[39m[31m[1m^[22m[39m[31m[1
m^[22m[39m[31m[1m^[22m[39m[31m[1m^[22m
[39m[31m[1m^[22m[39m[31m[1m^[22m[39m[31
m[1m^[22m[39m[31m[1m^[22m[39m[31m[1m^[
22m[39m[31m[1m^[22m[39m[31m[1m^[22m[39m
[31m[1m^[22m[39m[31m[1m^[22m[39m[31m[1
m^[22m[39m[31m[1m^[22m[39m[31m[1m^[22m
[39m[31m[1m^[22m[39m[31m[1m^[22m[39m[31
m[1m^[22m[39m[31m[1m^[22m[39m[31m[1m^[
22m[39m[31m[1m^[22m[39m[31m[1m^[22m[39m
[31m[1m^[22m[39m[31m[1m^[22m[39m[31m[1
m^[22m[39m[31m[1m^[22m[39m[31m[1m^[22m
[39m[31m[1m^[22m[39m[31m[1m^[22m[39m[31
m[1m^[22m[39m[31m[1m^[22m[39m[31m[1m^[
22m[39m[31m[1m^[22m[39m[31m[1m^[22m[39m
[31m[1m^[22m[39m[31m[1m^[22m[39m[31m[1
m^[22m[39m[31m[1m^[22m[39m[31m[1m^[22m
[39m[31m[1m^[22m[39m[31m[1m^[22m[39m[31
m[1m^[22m[39m[31m[1m^[22m[39m[31m[1m^[
22m[39m[31m[1m^[22m[39m[31m[1m^[22m[39m
[31m[1m^[22m[39m[31m[1m^[22m[39m[31m[1
m^[22m[39m[31m[1m^[22m[39m[31m[1m^[22m
[39m[31m[1m^[22m[39m[31m[1m^[22m[39m[31
m[1m^[22m[39m[31m[1m^[22m[39m[31m[1m^[
22m[39m[31m[1m^[22m[39m[31m[1m^[22m[39m
[31m[1m^[22m[39m[31m[1m^[22m[39m[31m[1
m^[22m[39m[31m[1m^[22m[39m[31m[1m^[22m
[39m[31m[1m^[22m[39m[31m[1m^[22m[39m[31
m[1m^[22m[39m[31m[1m^[22m[39m[31m[1m^[
22m[39m[31m[1m^[22m[39m[31m[1m^[22m[39m
 [90m 3 |[39m [36mimport[39m { 
[33mBackButton[39m } [36mfrom[39m [32m'@/co
mponents/ui/BackButton'[39m[33m;[39m
 [90m 4 |[39m
 [90m 5 |[39m [36mexport[39m 
[36mdefault[39m [36mfunction[39m 
[33mPage[39m() {[0m

The export default was not found in module [proj
ect]/src/components/sections/vertical-testimonia
ls/VerticalTestimonials.tsx [app-client] 
(ecmascript).
Did you mean to import TestimonialsColumn?
All exports of the module are statically known 
(It doesn't have dynamic exports). So it's 
known statically that the requested export 
doesn't exist.

Import traces:
  Server Component:
    ./src/app/vertical-testimonials/page.tsx
    ./src/app/page.tsx

  Client Component Browser:
    ./src/app/vertical-testimonials/page.tsx 
[Client Component Browser]
    ./src/app/vertical-testimonials/page.tsx 
[Server Component]

  Client Component SSR:
    ./src/app/vertical-testimonials/page.tsx 
[Client Component SSR]
    ./src/app/vertical-testimonials/page.tsx 
[Server Component]


./src/app/vertical-testimonials/page.tsx:2:1
Export default doesn't exist in target module
[0m [90m 1 |[39m [32m'use 
client'[39m[33m;[39m
[31m[1m>[22m[39m[90m 2 |[39m 
[36mimport[39m [33mVerticalTestimonials[39m 
[36mfrom[39m [32m'@/components/sections/verti
cal-testimonials/VerticalTestimonials'[39m[33m
;[39m
 [90m   |[39m [31m[1m^[22m[39m[31m[1m^[
22m[39m[31m[1m^[22m[39m[31m[1m^[22m[39m
[31m[1m^[22m[39m[31m[1m^[22m[39m[31m[1
m^[22m[39m[31m[1m^[22m[39m[31m[1m^[22m
[39m[31m[1m^[22m[39m[31m[1m^[22m[39m[31
m[1m^[22m[39m[31m[1m^[22m[39m[31m[1m^[
22m[39m[31m[1m^[22m[39m[31m[1m^[22m[39m
[31m[1m^[22m[39m[31m[1m^[22m[39m[31m[1
m^[22m[39m[31m[1m^[22m[39m[31m[1m^[22m
[39m[31m[1m^[22m[39m[31m[1m^[22m[39m[31
m[1m^[22m[39m[31m[1m^[22m[39m[31m[1m^[
22m[39m[31m[1m^[22m[39m[31m[1m^[22m[39m
[31m[1m^[22m[39m[31m[1m^[22m[39m[31m[1
m^[22m[39m[31m[1m^[22m[39m[31m[1m^[22m
[39m[31m[1m^[22m[39m[31m[1m^[22m[39m[31
m[1m^[22m[39m[31m[1m^[22m[39m[31m[1m^[
22m[39m[31m[1m^[22m[39m[31m[1m^[22m[39m
[31m[1m^[22m[39m[31m[1m^[22m[39m[31m[1
m^[22m[39m[31m[1m^[22m[39m[31m[1m^[22m
[39m[31m[1m^[22m[39m[31m[1m^[22m[39m[31
m[1m^[22m[39m[31m[1m^[22m[39m[31m[1m^[
22m[39m[31m[1m^[22m[39m[31m[1m^[22m[39m
[31m[1m^[22m[39m[31m[1m^[22m[39m[31m[1
m^[22m[39m[31m[1m^[22m[39m[31m[1m^[22m
[39m[31m[1m^[22m[39m[31m[1m^[22m[39m[31
m[1m^[22m[39m[31m[1m^[22m[39m[31m[1m^[
22m[39m[31m[1m^[22m[39m[31m[1m^[22m[39m
[31m[1m^[22m[39m[31m[1m^[22m[39m[31m[1
m^[22m[39m[31m[1m^[22m[39m[31m[1m^[22m
[39m[31m[1m^[22m[39m[31m[1m^[22m[39m[31
m[1m^[22m[39m[31m[1m^[22m[39m[31m[1m^[
22m[39m[31m[1m^[22m[39m[31m[1m^[22m[39m
[31m[1m^[22m[39m[31m[1m^[22m[39m[31m[1
m^[22m[39m[31m[1m^[22m[39m[31m[1m^[22m
[39m[31m[1m^[22m[39m[31m[1m^[22m[39m[31
m[1m^[22m[39m[31m[1m^[22m[39m[31m[1m^[
22m[39m[31m[1m^[22m[39m[31m[1m^[22m[39m
[31m[1m^[22m[39m[31m[1m^[22m[39m[31m[1
m^[22m[39m[31m[1m^[22m[39m[31m[1m^[22m
[39m[31m[1m^[22m[39m[31m[1m^[22m[39m[31
m[1m^[22m[39m[31m[1m^[22m[39m[31m[1m^[
22m[39m[31m[1m^[22m[39m[31m[1m^[22m[39m
 [90m 3 |[39m [36mimport[39m { 
[33mBackButton[39m } [36mfrom[39m [32m'@/co
mponents/ui/BackButton'[39m[33m;[39m
 [90m 4 |[39m
 [90m 5 |[39m [36mexport[39m 
[36mdefault[39m [36mfunction[39m 
[33mPage[39m() {[0m

The export default was not found in module [proj
ect]/src/components/sections/vertical-testimonia
ls/VerticalTestimonials.tsx [app-ssr] 
(ecmascript).
Did you mean to import TestimonialsColumn?
All exports of the module are statically known 
(It doesn't have dynamic exports). So it's 
known statically that the requested export 
doesn't exist.

Import traces:
  Server Component:
    ./src/app/vertical-testimonials/page.tsx
    ./src/app/page.tsx

  Client Component Browser:
    ./src/app/vertical-testimonials/page.tsx 
[Client Component Browser]
    ./src/app/vertical-testimonials/page.tsx 
[Server Component]

  Client Component SSR:
    ./src/app/vertical-testimonials/page.tsx 
[Client Component SSR]
    ./src/app/vertical-testimonials/page.tsx 
[Server Component]


    at <unknown> 
(./src/app/footer-2/page.tsx:2:14)
    at <unknown> 
(./src/app/footer-3/page.tsx:2:14)
    at <unknown> 
(./src/app/footer-4/page.tsx:2:11)
    at <unknown> 
(./src/app/gradient-cta/page.tsx:2:1)
    at <unknown> (https://nextjs.org/docs/messag
es/module-not-found)
    at <unknown> 
(./src/app/neural-defense/page.tsx:2:1)
    at <unknown> (https://nextjs.org/docs/messag
es/module-not-found)
    at <unknown> 
(./src/app/bento-grid-4/page.tsx:2:1)
    at <unknown> (https://nextjs.org/docs/messag
es/module-not-found)
    at <unknown> (./src/components/sections/bent
o-grid-1/BentoGrid1.tsx:4:1)
    at <unknown> (https://nextjs.org/docs/messag
es/module-not-found)
    at <unknown> 
(./src/components/sections/hero-3/Hero3.tsx:4:1)
    at <unknown> (https://nextjs.org/docs/messag
es/module-not-found)
    at <unknown> (./src/components/sections/navb
ar-2/Navbar2.tsx:16:1)
    at <unknown> (https://nextjs.org/docs/messag
es/module-not-found)
    at <unknown> (./src/components/sections/text
-buttons-images-hero/TextButtonsImagesHero.tsx:3
:1)
    at <unknown> (https://nextjs.org/docs/messag
es/module-not-found)
    at <unknown> (./src/components/faqs/faq-prem
ium/FaqPremium.tsx:6:1)
    at <unknown> (https://nextjs.org/docs/messag
es/module-not-found)
    at <unknown> (./src/components/sections/auto
-feature-selection/AutoFeatureSelection.tsx:5:1)
    at <unknown> (https://nextjs.org/docs/messag
es/module-not-found)
    at <unknown> (./src/components/sections/bent
o-grid-1/BentoGrid1.tsx:24:1)
    at <unknown> (https://nextjs.org/docs/messag
es/module-not-found)
    at <unknown> (./src/components/sections/feat
ure-selection/FeatureSelection.tsx:5:1)
    at <unknown> (https://nextjs.org/docs/messag
es/module-not-found)
    at <unknown> (./src/components/sections/navb
ar-2/Navbar2.tsx:15:1)
    at <unknown> (https://nextjs.org/docs/messag
es/module-not-found)
    at <unknown> (./src/components/sections/text
-buttons-images-hero/TextButtonsImagesHero.tsx:4
:1)
    at <unknown> (https://nextjs.org/docs/messag
es/module-not-found)
    at <unknown> 
(./src/app/accordion-faq-1/page.tsx:2:1)
    at <unknown> 
(./src/app/accordion-faq-1/page.tsx:2:1)
    at <unknown> 
(./src/app/alternating-carousel/page.tsx:2:1)
    at <unknown> 
(./src/app/alternating-carousel/page.tsx:2:1)
    at <unknown> 
(./src/app/auto-feature-selection/page.tsx:2:1)
    at <unknown> 
(./src/app/auto-feature-selection/page.tsx:2:1)
    at <unknown> 
(./src/app/bento-grid-1/page.tsx:2:1)
    at <unknown> 
(./src/app/bento-grid-1/page.tsx:2:1)
    at <unknown> 
(./src/app/bento-grid-2/page.tsx:2:1)
    at <unknown> 
(./src/app/bento-grid-2/page.tsx:2:1)
    at <unknown> 
(./src/app/bento-grid-3/page.tsx:2:1)
    at <unknown> 
(./src/app/bento-grid-3/page.tsx:2:1)
    at <unknown> 
(./src/app/bento-grid-6/page.tsx:2:1)
    at <unknown> 
(./src/app/bento-grid-6/page.tsx:2:1)
    at <unknown> 
(./src/app/community-cta/page.tsx:2:1)
    at <unknown> 
(./src/app/community-cta/page.tsx:2:1)
    at <unknown> 
(./src/app/faq-premium/page.tsx:2:1)
    at <unknown> 
(./src/app/faq-premium/page.tsx:2:1)
    at <unknown> 
(./src/app/feature-1/page.tsx:2:1)
    at <unknown> 
(./src/app/feature-1/page.tsx:2:1)
    at <unknown> 
(./src/app/feature-2/page.tsx:2:1)
    at <unknown> 
(./src/app/feature-2/page.tsx:2:1)
    at <unknown> 
(./src/app/feature-selection/page.tsx:2:1)
    at <unknown> 
(./src/app/feature-selection/page.tsx:2:1)
    at <unknown> 
(./src/app/footer-1/page.tsx:2:1)
    at <unknown> 
(./src/app/footer-1/page.tsx:2:1)
    at <unknown> (./src/app/hero-3/page.tsx:2:1)
    at <unknown> (./src/app/hero-3/page.tsx:2:1)
    at <unknown> (./src/app/hero-4/page.tsx:2:1)
    at <unknown> (./src/app/hero-4/page.tsx:2:1)
    at <unknown> (./src/app/hero-5/page.tsx:2:1)
    at <unknown> (./src/app/hero-5/page.tsx:2:1)
    at <unknown> 
(./src/app/horizontal-cta/page.tsx:2:1)
    at <unknown> 
(./src/app/horizontal-cta/page.tsx:2:1)
    at <unknown> (./src/app/interactive-product-
grid/page.tsx:2:1)
    at <unknown> (./src/app/interactive-product-
grid/page.tsx:2:1)
    at <unknown> 
(./src/app/logo-slider/page.tsx:2:1)
    at <unknown> 
(./src/app/logo-slider/page.tsx:2:1)
    at <unknown> 
(./src/app/navbar-2/page.tsx:2:1)
    at <unknown> 
(./src/app/navbar-2/page.tsx:2:1)
    at <unknown> 
(./src/app/stats-section/page.tsx:2:1)
    at <unknown> 
(./src/app/stats-section/page.tsx:2:1)
    at <unknown> 
(./src/app/vertical-testimonials/page.tsx:2:1)
    at <unknown> 
(./src/app/vertical-testimonials/page.tsx:2:1)
